Archive member included to satisfy reference by file (symbol)

/usr/lib/gcc/arm-none-eabi/9.2.1/../../../arm-none-eabi/lib/thumb/v7-m/nofp/libg_nano.a(lib_a-errno.o)
                              ./system/src/newlib/_sbrk.o (__errno)
/usr/lib/gcc/arm-none-eabi/9.2.1/../../../arm-none-eabi/lib/thumb/v7-m/nofp/libg_nano.a(lib_a-impure.o)
                              /usr/lib/gcc/arm-none-eabi/9.2.1/../../../arm-none-eabi/lib/thumb/v7-m/nofp/libg_nano.a(lib_a-errno.o) (_impure_ptr)
/usr/lib/gcc/arm-none-eabi/9.2.1/../../../arm-none-eabi/lib/thumb/v7-m/nofp/libg_nano.a(lib_a-memset.o)
                              ./src/Esp_program.o (memset)
/usr/lib/gcc/arm-none-eabi/9.2.1/../../../arm-none-eabi/lib/thumb/v7-m/nofp/libg_nano.a(lib_a-sprintf.o)
                              ./src/Esp_program.o (sprintf)
/usr/lib/gcc/arm-none-eabi/9.2.1/../../../arm-none-eabi/lib/thumb/v7-m/nofp/libg_nano.a(lib_a-strcpy.o)
                              ./src/Esp_program.o (strcpy)
/usr/lib/gcc/arm-none-eabi/9.2.1/../../../arm-none-eabi/lib/thumb/v7-m/nofp/libg_nano.a(lib_a-strlen-stub.o)
                              ./system/src/diag/Trace.o (strlen)
/usr/lib/gcc/arm-none-eabi/9.2.1/../../../arm-none-eabi/lib/thumb/v7-m/nofp/libg_nano.a(lib_a-vsnprintf.o)
                              ./system/src/diag/Trace.o (vsnprintf)
/usr/lib/gcc/arm-none-eabi/9.2.1/../../../arm-none-eabi/lib/thumb/v7-m/nofp/libg_nano.a(lib_a-nano-svfprintf.o)
                              /usr/lib/gcc/arm-none-eabi/9.2.1/../../../arm-none-eabi/lib/thumb/v7-m/nofp/libg_nano.a(lib_a-sprintf.o) (_svfprintf_r)
/usr/lib/gcc/arm-none-eabi/9.2.1/../../../arm-none-eabi/lib/thumb/v7-m/nofp/libg_nano.a(lib_a-nano-vfprintf_i.o)
                              /usr/lib/gcc/arm-none-eabi/9.2.1/../../../arm-none-eabi/lib/thumb/v7-m/nofp/libg_nano.a(lib_a-nano-svfprintf.o) (_printf_i)
/usr/lib/gcc/arm-none-eabi/9.2.1/../../../arm-none-eabi/lib/thumb/v7-m/nofp/libg_nano.a(lib_a-memchr-stub.o)
                              /usr/lib/gcc/arm-none-eabi/9.2.1/../../../arm-none-eabi/lib/thumb/v7-m/nofp/libg_nano.a(lib_a-nano-svfprintf.o) (memchr)
/usr/lib/gcc/arm-none-eabi/9.2.1/../../../arm-none-eabi/lib/thumb/v7-m/nofp/libg_nano.a(lib_a-memcpy.o)
                              /usr/lib/gcc/arm-none-eabi/9.2.1/../../../arm-none-eabi/lib/thumb/v7-m/nofp/libg_nano.a(lib_a-nano-svfprintf.o) (memcpy)
/usr/lib/gcc/arm-none-eabi/9.2.1/../../../arm-none-eabi/lib/thumb/v7-m/nofp/libg_nano.a(lib_a-memmove.o)
                              /usr/lib/gcc/arm-none-eabi/9.2.1/../../../arm-none-eabi/lib/thumb/v7-m/nofp/libg_nano.a(lib_a-nano-svfprintf.o) (memmove)
/usr/lib/gcc/arm-none-eabi/9.2.1/../../../arm-none-eabi/lib/thumb/v7-m/nofp/libg_nano.a(lib_a-nano-freer.o)
                              /usr/lib/gcc/arm-none-eabi/9.2.1/../../../arm-none-eabi/lib/thumb/v7-m/nofp/libg_nano.a(lib_a-nano-svfprintf.o) (_free_r)
/usr/lib/gcc/arm-none-eabi/9.2.1/../../../arm-none-eabi/lib/thumb/v7-m/nofp/libg_nano.a(lib_a-nano-mallocr.o)
                              /usr/lib/gcc/arm-none-eabi/9.2.1/../../../arm-none-eabi/lib/thumb/v7-m/nofp/libg_nano.a(lib_a-nano-svfprintf.o) (_malloc_r)
/usr/lib/gcc/arm-none-eabi/9.2.1/../../../arm-none-eabi/lib/thumb/v7-m/nofp/libg_nano.a(lib_a-nano-reallocr.o)
                              /usr/lib/gcc/arm-none-eabi/9.2.1/../../../arm-none-eabi/lib/thumb/v7-m/nofp/libg_nano.a(lib_a-nano-svfprintf.o) (_realloc_r)
/usr/lib/gcc/arm-none-eabi/9.2.1/../../../arm-none-eabi/lib/thumb/v7-m/nofp/libg_nano.a(lib_a-sbrkr.o)
                              /usr/lib/gcc/arm-none-eabi/9.2.1/../../../arm-none-eabi/lib/thumb/v7-m/nofp/libg_nano.a(lib_a-nano-mallocr.o) (_sbrk_r)
/usr/lib/gcc/arm-none-eabi/9.2.1/../../../arm-none-eabi/lib/thumb/v7-m/nofp/libg_nano.a(lib_a-mlock.o)
                              /usr/lib/gcc/arm-none-eabi/9.2.1/../../../arm-none-eabi/lib/thumb/v7-m/nofp/libg_nano.a(lib_a-nano-freer.o) (__malloc_lock)
/usr/lib/gcc/arm-none-eabi/9.2.1/../../../arm-none-eabi/lib/thumb/v7-m/nofp/libg_nano.a(lib_a-nano-msizer.o)
                              /usr/lib/gcc/arm-none-eabi/9.2.1/../../../arm-none-eabi/lib/thumb/v7-m/nofp/libg_nano.a(lib_a-nano-reallocr.o) (_malloc_usable_size_r)

Allocating common symbols
Common symbol       size              file

errno               0x4               ./system/src/newlib/_syscalls.o

Discarded input sections

 .group         0x0000000000000000        0xc ./system/src/stm32f1-stdperiph/misc.o
 .group         0x0000000000000000        0xc ./system/src/stm32f1-stdperiph/misc.o
 .group         0x0000000000000000        0xc ./system/src/stm32f1-stdperiph/misc.o
 .group         0x0000000000000000        0xc ./system/src/stm32f1-stdperiph/misc.o
 .group         0x0000000000000000        0xc ./system/src/stm32f1-stdperiph/misc.o
 .group         0x0000000000000000        0xc ./system/src/stm32f1-stdperiph/misc.o
 .group         0x0000000000000000        0xc ./system/src/stm32f1-stdperiph/misc.o
[...]
Memory Configuration

Name             Origin             Length             Attributes
RAM              0x0000000020000000 0x0000000000005000 xrw
CCMRAM           0x0000000000000000 0x0000000000000000 xrw
FLASH            0x0000000008000000 0x0000000000010000 xr
FLASHB1          0x0000000000000000 0x0000000000000000 xr
EXTMEMB0         0x0000000000000000 0x0000000000000000 xr
EXTMEMB1         0x0000000000000000 0x0000000000000000 xr
EXTMEMB2         0x0000000000000000 0x0000000000000000 xr
EXTMEMB3         0x0000000000000000 0x0000000000000000 xr
MEMORY_ARRAY     0x0000000000000000 0x0000000000000000 xrw
*default*        0x0000000000000000 0xffffffffffffffff

Linker script and memory map

LOAD ./system/src/stm32f1-stdperiph/misc.o
LOAD ./system/src/stm32f1-stdperiph/stm32f10x_gpio.o
LOAD ./system/src/stm32f1-stdperiph/stm32f10x_rcc.o
LOAD ./system/src/newlib/_cxx.o
LOAD ./system/src/newlib/_exit.o
LOAD ./system/src/newlib/_sbrk.o
LOAD ./system/src/newlib/_startup.o
LOAD ./system/src/newlib/_syscalls.o
LOAD ./system/src/newlib/assert.o
LOAD ./system/src/diag/Trace.o
LOAD ./system/src/diag/trace_impl.o
LOAD ./system/src/cortexm/_initialize_hardware.o
LOAD ./system/src/cortexm/_reset_hardware.o
LOAD ./system/src/cortexm/exception_handlers.o
LOAD ./system/src/cmsis/system_stm32f10x.o
LOAD ./system/src/cmsis/vectors_stm32f10x.o
LOAD ./src/Esp_program.o
LOAD ./src/GPIO_program.o
LOAD ./src/RCC_program.o
LOAD ./src/STk_program.o
LOAD ./src/USART_program.o
LOAD ./src/main.o
LOAD /usr/lib/gcc/arm-none-eabi/9.2.1/../../../arm-none-eabi/lib/thumb/v7-m/nofp/libstdc++_nano.a
LOAD /usr/lib/gcc/arm-none-eabi/9.2.1/../../../arm-none-eabi/lib/thumb/v7-m/nofp/libm.a
START GROUP
LOAD /usr/lib/gcc/arm-none-eabi/9.2.1/thumb/v7-m/nofp/libgcc.a
LOAD /usr/lib/gcc/arm-none-eabi/9.2.1/../../../arm-none-eabi/lib/thumb/v7-m/nofp/libg_nano.a
LOAD /usr/lib/gcc/arm-none-eabi/9.2.1/../../../arm-none-eabi/lib/thumb/v7-m/nofp/libc_nano.a
END GROUP
START GROUP
LOAD /usr/lib/gcc/arm-none-eabi/9.2.1/thumb/v7-m/nofp/libgcc.a
LOAD /usr/lib/gcc/arm-none-eabi/9.2.1/../../../arm-none-eabi/lib/thumb/v7-m/nofp/libc_nano.a
END GROUP
                0x0000000020005000                __stack = (ORIGIN (RAM) + LENGTH (RAM))
                0x0000000020005000                _estack = __stack
                0x0000000000000400                __Main_Stack_Size = 0x400
                [!provide]                        PROVIDE (_Main_Stack_Size = __Main_Stack_Size)
                0x0000000020004c00                __Main_Stack_Limit = (__stack - __Main_Stack_Size)
                [!provide]                        PROVIDE (_Main_Stack_Limit = __Main_Stack_Limit)
                0x0000000000000100                _Minimum_Stack_Size = 0x100
                0x0000000020000130                PROVIDE (_Heap_Begin = _end_noinit)
                0x0000000020004c00                PROVIDE (_Heap_Limit = (__stack - __Main_Stack_Size))

.isr_vector     0x0000000008000000      0x350
 FILL mask 0xff
                0x0000000008000000                __vectors_start = ABSOLUTE (.)
                0x0000000008000000                __vectors_start__ = ABSOLUTE (.)
 *(.isr_vector)
 .isr_vector    0x0000000008000000      0x10c ./system/src/cmsis/vectors_stm32f10x.o
                0x0000000008000000                __isr_vectors
 *(.cfmconfig)
 *(.after_vectors .after_vectors.*)
 .after_vectors
                0x000000000800010c      0x114 ./system/src/newlib/_startup.o
                0x000000000800010c                _start
 .after_vectors
                0x0000000008000220      0x12c ./system/src/cortexm/exception_handlers.o
                0x0000000008000220                Reset_Handler
                0x0000000008000226                NMI_Handler
                0x000000000800022a                HardFault_Handler
                0x000000000800023e                HardFault_Handler_C
                0x000000000800029c                MemManage_Handler
                0x00000000080002a0                BusFault_Handler
                0x00000000080002b4                BusFault_Handler_C
                0x00000000080002e8                UsageFault_Handler
                0x00000000080002fc                UsageFault_Handler_C
                0x0000000008000330                SVC_Handler
                0x0000000008000334                DebugMon_Handler
                0x0000000008000338                PendSV_Handler
 .after_vectors
                0x000000000800034c        0x4 ./system/src/cmsis/vectors_stm32f10x.o
                0x000000000800034c                EXTI2_IRQHandler
                0x000000000800034c                TIM8_TRG_COM_IRQHandler
                0x000000000800034c                TIM8_CC_IRQHandler
                0x000000000800034c                TIM1_CC_IRQHandler
                0x000000000800034c                TIM6_IRQHandler
                0x000000000800034c                PVD_IRQHandler
                0x000000000800034c                SDIO_IRQHandler
                0x000000000800034c                CAN2_RX1_IRQHandler
                0x000000000800034c                EXTI3_IRQHandler
                0x000000000800034c                TIM8_TRG_COM_TIM14_IRQHandler
                0x000000000800034c                TIM1_UP_TIM10_IRQHandler
                0x000000000800034c                TIM8_UP_TIM13_IRQHandler
                0x000000000800034c                EXTI0_IRQHandler
                0x000000000800034c                I2C2_EV_IRQHandler
                0x000000000800034c                CAN1_RX0_IRQHandler
                0x000000000800034c                TIM1_UP_TIM16_IRQHandler
                0x000000000800034c                CAN2_SCE_IRQHandler
                0x000000000800034c                ADC1_2_IRQHandler
                0x000000000800034c                SPI1_IRQHandler
                0x000000000800034c                TAMPER_IRQHandler
                0x000000000800034c                TIM6_DAC_IRQHandler
                0x000000000800034c                TIM1_BRK_TIM9_IRQHandler
                0x000000000800034c                CAN2_RX0_IRQHandler
                0x000000000800034c                TIM8_UP_IRQHandler
                0x000000000800034c                DMA2_Channel2_IRQHandler
                0x000000000800034c                DMA1_Channel4_IRQHandler
                0x000000000800034c                USART3_IRQHandler
                0x000000000800034c                RTC_IRQHandler
                0x000000000800034c                DMA1_Channel7_IRQHandler
                0x000000000800034c                CAN1_RX1_IRQHandler
                0x000000000800034c                UART5_IRQHandler
                0x000000000800034c                ADC3_IRQHandler
                0x000000000800034c                TIM4_IRQHandler
                0x000000000800034c                DMA2_Channel1_IRQHandler
                0x000000000800034c                I2C1_EV_IRQHandler
                0x000000000800034c                DMA1_Channel6_IRQHandler
                0x000000000800034c                UART4_IRQHandler
                0x000000000800034c                DMA2_Channel4_IRQHandler
                0x000000000800034c                TIM3_IRQHandler
                0x000000000800034c                RCC_IRQHandler
                0x000000000800034c                TIM8_BRK_TIM12_IRQHandler
                0x000000000800034c                TIM1_TRG_COM_IRQHandler
                0x000000000800034c                DMA1_Channel1_IRQHandler
                0x000000000800034c                Default_Handler
                0x000000000800034c                CEC_IRQHandler
                0x000000000800034c                EXTI15_10_IRQHandler
                0x000000000800034c                TIM14_IRQHandler
                0x000000000800034c                TIM13_IRQHandler
                0x000000000800034c                TIM12_IRQHandler
                0x000000000800034c                TIM7_IRQHandler
                0x000000000800034c                CAN2_TX_IRQHandler
                0x000000000800034c                TIM5_IRQHandler
                0x000000000800034c                EXTI9_5_IRQHandler
                0x000000000800034c                ETH_WKUP_IRQHandler
                0x000000000800034c                SPI2_IRQHandler
                0x000000000800034c                CAN1_TX_IRQHandler
                0x000000000800034c                DMA2_Channel5_IRQHandler
                0x000000000800034c                DMA1_Channel5_IRQHandler
                0x000000000800034c                EXTI4_IRQHandler
                0x000000000800034c                USB_LP_CAN1_RX0_IRQHandler
                0x000000000800034c                TIM1_TRG_COM_TIM17_IRQHandler
                0x000000000800034c                USB_HP_CAN1_TX_IRQHandler
                0x000000000800034c                DMA1_Channel3_IRQHandler
                0x000000000800034c                FSMC_IRQHandler
                0x000000000800034c                ETH_IRQHandler
                0x000000000800034c                TIM1_UP_IRQHandler
                0x000000000800034c                WWDG_IRQHandler
                0x000000000800034c                TIM2_IRQHandler
                0x000000000800034c                OTG_FS_WKUP_IRQHandler
                0x000000000800034c                TIM1_TRG_COM_TIM11_IRQHandler
                0x000000000800034c                TIM1_BRK_IRQHandler
                0x000000000800034c                EXTI1_IRQHandler
                0x000000000800034c                RTCAlarm_IRQHandler
                0x000000000800034c                DMA2_Channel4_5_IRQHandler
                0x000000000800034c                USART2_IRQHandler
                0x000000000800034c                I2C2_ER_IRQHandler
                0x000000000800034c                DMA1_Channel2_IRQHandler
                0x000000000800034c                TIM8_BRK_IRQHandler
                0x000000000800034c                CAN1_SCE_IRQHandler
                0x000000000800034c                FLASH_IRQHandler
                0x000000000800034c                USART1_IRQHandler
                0x000000000800034c                OTG_FS_IRQHandler
                0x000000000800034c                SPI3_IRQHandler
                0x000000000800034c                I2C1_ER_IRQHandler
                0x000000000800034c                USBWakeUp_IRQHandler
                0x000000000800034c                DMA2_Channel3_IRQHandler
                0x000000000800034c                TIM1_BRK_TIM15_IRQHandler

.inits          0x0000000008000350       0x28
                0x0000000008000350                __data_regions_array_start = .
                0x0000000008000350        0x4 LONG 0x8001da0 LOADADDR (.data)
                0x0000000008000354        0x4 LONG 0x20000000 ADDR (.data)
                0x0000000008000358        0x4 LONG 0x2000008c (ADDR (.data) + SIZEOF (.data))
                0x000000000800035c        0x4 LONG 0x8001da0 LOADADDR (.data_CCMRAM)
                0x0000000008000360        0x4 LONG 0x0 ADDR (.data_CCMRAM)
                0x0000000008000364        0x4 LONG 0x0 (ADDR (.data_CCMRAM) + SIZEOF (.data_CCMRAM))
                0x0000000008000368                __data_regions_array_end = .
                0x0000000008000368                __bss_regions_array_start = .
                0x0000000008000368        0x4 LONG 0x2000008c ADDR (.bss)
                0x000000000800036c        0x4 LONG 0x20000130 (ADDR (.bss) + SIZEOF (.bss))
                0x0000000008000370        0x4 LONG 0x0 ADDR (.bss_CCMRAM)
                0x0000000008000374        0x4 LONG 0x0 (ADDR (.bss_CCMRAM) + SIZEOF (.bss_CCMRAM))
                0x0000000008000378                __bss_regions_array_end = .
 *(.init)
 *(.fini)
                0x0000000008000378                . = ALIGN (0x4)
                0x0000000008000378                PROVIDE (__preinit_array_start = .)
 *(.preinit_array_sysinit .preinit_array_sysinit.*)
 *(.preinit_array_platform .preinit_array_platform.*)
 *(.preinit_array .preinit_array.*)
                0x0000000008000378                PROVIDE (__preinit_array_end = .)
                0x0000000008000378                . = ALIGN (0x4)
                0x0000000008000378                PROVIDE (__init_array_start = .)
 *(SORT_BY_NAME(.init_array.*))
 *(.init_array)
                0x0000000008000378                PROVIDE (__init_array_end = .)
                0x0000000008000378                . = ALIGN (0x4)
                0x0000000008000378                PROVIDE (__fini_array_start = .)
 *(SORT_BY_NAME(.fini_array.*))
 *(.fini_array)
                0x0000000008000378                PROVIDE (__fini_array_end = .)

.flashtext
 *(.flashtext .flashtext.*)

.text           0x0000000008000378     0x1a25
 *(.text .text.*)
 .text._exit    0x0000000008000378        0x2 ./system/src/newlib/_exit.o
                0x0000000008000378                _exit
 *fill*         0x000000000800037a        0x2 
 .text._sbrk    0x000000000800037c       0x44 ./system/src/newlib/_sbrk.o
                0x000000000800037c                _sbrk
 .text.__initialize_args
                0x00000000080003c0       0x10 ./system/src/newlib/_syscalls.o
                0x00000000080003c0                __initialize_args
 .text.trace_printf
                0x00000000080003d0       0x34 ./system/src/diag/Trace.o
                0x00000000080003d0                trace_printf
 .text._trace_write_semihosting_debug
                0x0000000008000404       0x60 ./system/src/diag/trace_impl.o
 .text.trace_write
                0x0000000008000464        0x8 ./system/src/diag/trace_impl.o
                0x0000000008000464                trace_write
 .text.__initialize_hardware_early
                0x000000000800046c       0x18 ./system/src/cortexm/_initialize_hardware.o
                0x000000000800046c                __initialize_hardware_early
 .text.__initialize_hardware
                0x0000000008000484        0x8 ./system/src/cortexm/_initialize_hardware.o
                0x0000000008000484                __initialize_hardware
 .text.dumpExceptionStack
                0x000000000800048c       0xf4 ./system/src/cortexm/exception_handlers.o
                0x000000000800048c                dumpExceptionStack
 .text.isSemihosting
                0x0000000008000580       0x20 ./system/src/cortexm/exception_handlers.o
                0x0000000008000580                isSemihosting
 .text.SetSysClockTo72
                0x00000000080005a0       0xc4 ./system/src/cmsis/system_stm32f10x.o
 .text.SetSysClock
                0x0000000008000664        0x8 ./system/src/cmsis/system_stm32f10x.o
 .text.SystemInit
                0x000000000800066c       0x50 ./system/src/cmsis/system_stm32f10x.o
                0x000000000800066c                SystemInit
 .text.SystemCoreClockUpdate
                0x00000000080006bc       0x94 ./system/src/cmsis/system_stm32f10x.o
                0x00000000080006bc                SystemCoreClockUpdate
 .text.HEsp_u8CheckData
                0x0000000008000750       0x78 ./src/Esp_program.o
                0x0000000008000750                HEsp_u8CheckData
 .text.u8EspValidateCmd
                0x00000000080007c8       0x8c ./src/Esp_program.o
                0x00000000080007c8                u8EspValidateCmd
 .text.HEsp_voidInit
                0x0000000008000854       0x34 ./src/Esp_program.o
                0x0000000008000854                HEsp_voidInit
 .text.HEsp_voidConnectOnWifi
                0x0000000008000888       0x4c ./src/Esp_program.o
                0x0000000008000888                HEsp_voidConnectOnWifi
 .text.HEsp_voidConnectOnServer
                0x00000000080008d4       0x48 ./src/Esp_program.o
                0x00000000080008d4                HEsp_voidConnectOnServer
 .text.HEsp_voidSendData
                0x000000000800091c       0x6c ./src/Esp_program.o
                0x000000000800091c                HEsp_voidSendData
 .text.MGPIO_VoidSetPinDirection
                0x0000000008000988       0xfc ./src/GPIO_program.o
                0x0000000008000988                MGPIO_VoidSetPinDirection
 .text.MGPIO_VoidSetPinValue
                0x0000000008000a84       0x90 ./src/GPIO_program.o
                0x0000000008000a84                MGPIO_VoidSetPinValue
 .text.RCC_voidInitSysClock
                0x0000000008000b14       0x20 ./src/RCC_program.o
                0x0000000008000b14                RCC_voidInitSysClock
 .text.RCC_voidEnableClock
                0x0000000008000b34       0x4c ./src/RCC_program.o
                0x0000000008000b34                RCC_voidEnableClock
 .text.SysTick_Handler
                0x0000000008000b80       0x30 ./src/STk_program.o
                0x0000000008000b80                SysTick_Handler
 .text.MUSART1_voidInit
                0x0000000008000bb0       0x28 ./src/USART_program.o
                0x0000000008000bb0                MUSART1_voidInit
 .text.MUSART1_voidTransmit
                0x0000000008000bd8       0x24 ./src/USART_program.o
                0x0000000008000bd8                MUSART1_voidTransmit
 .text.MUSART1_u8Receive
                0x0000000008000bfc       0x28 ./src/USART_program.o
                0x0000000008000bfc                MUSART1_u8Receive
 .text.main     0x0000000008000c24       0x9c ./src/main.o
                0x0000000008000c24                main
 .text          0x0000000008000cc0        0xc /usr/lib/gcc/arm-none-eabi/9.2.1/../../../arm-none-eabi/lib/thumb/v7-m/nofp/libg_nano.a(lib_a-errno.o)
                0x0000000008000cc0                __errno
 .text          0x0000000008000ccc       0xa0 /usr/lib/gcc/arm-none-eabi/9.2.1/../../../arm-none-eabi/lib/thumb/v7-m/nofp/libg_nano.a(lib_a-memset.o)
                0x0000000008000ccc                memset
 .text          0x0000000008000d6c       0x80 /usr/lib/gcc/arm-none-eabi/9.2.1/../../../arm-none-eabi/lib/thumb/v7-m/nofp/libg_nano.a(lib_a-sprintf.o)
                0x0000000008000d6c                _siprintf_r
                0x0000000008000d6c                _sprintf_r
                0x0000000008000da8                sprintf
                0x0000000008000da8                siprintf
 .text          0x0000000008000dec       0xbc /usr/lib/gcc/arm-none-eabi/9.2.1/../../../arm-none-eabi/lib/thumb/v7-m/nofp/libg_nano.a(lib_a-strcpy.o)
                0x0000000008000dec                strcpy
 .text          0x0000000008000ea8       0x84 /usr/lib/gcc/arm-none-eabi/9.2.1/../../../arm-none-eabi/lib/thumb/v7-m/nofp/libg_nano.a(lib_a-vsnprintf.o)
                0x0000000008000ea8                _vsnprintf_r
                0x0000000008000ea8                _vsniprintf_r
                0x0000000008000f10                vsnprintf
                0x0000000008000f10                vsniprintf
 .text          0x0000000008000f2c      0x434 /usr/lib/gcc/arm-none-eabi/9.2.1/../../../arm-none-eabi/lib/thumb/v7-m/nofp/libg_nano.a(lib_a-nano-svfprintf.o)
                0x0000000008000f2c                __ssputs_r
                0x0000000008000ff0                __ssprint_r
                0x00000000080010e8                _svfprintf_r
                0x00000000080010e8                _svfiprintf_r
 .text          0x0000000008001360      0x3bc /usr/lib/gcc/arm-none-eabi/9.2.1/../../../arm-none-eabi/lib/thumb/v7-m/nofp/libg_nano.a(lib_a-nano-vfprintf_i.o)
                0x0000000008001360                _printf_common
                0x0000000008001488                _printf_i
 .text          0x000000000800171c       0x8c /usr/lib/gcc/arm-none-eabi/9.2.1/../../../arm-none-eabi/lib/thumb/v7-m/nofp/libg_nano.a(lib_a-memchr-stub.o)
                0x000000000800171c                memchr
 .text          0x00000000080017a8       0xec /usr/lib/gcc/arm-none-eabi/9.2.1/../../../arm-none-eabi/lib/thumb/v7-m/nofp/libg_nano.a(lib_a-memcpy.o)
                0x00000000080017a8                memcpy
 .text          0x0000000008001894       0xcc /usr/lib/gcc/arm-none-eabi/9.2.1/../../../arm-none-eabi/lib/thumb/v7-m/nofp/libg_nano.a(lib_a-memmove.o)
                0x0000000008001894                memmove
 .text          0x0000000008001960       0xa8 /usr/lib/gcc/arm-none-eabi/9.2.1/../../../arm-none-eabi/lib/thumb/v7-m/nofp/libg_nano.a(lib_a-nano-freer.o)
                0x0000000008001960                _free_r
 .text          0x0000000008001a08       0xc8 /usr/lib/gcc/arm-none-eabi/9.2.1/../../../arm-none-eabi/lib/thumb/v7-m/nofp/libg_nano.a(lib_a-nano-mallocr.o)
                0x0000000008001a08                _malloc_r
 .text          0x0000000008001ad0       0x4c /usr/lib/gcc/arm-none-eabi/9.2.1/../../../arm-none-eabi/lib/thumb/v7-m/nofp/libg_nano.a(lib_a-nano-reallocr.o)
                0x0000000008001ad0                _realloc_r
 .text          0x0000000008001b1c       0x24 /usr/lib/gcc/arm-none-eabi/9.2.1/../../../arm-none-eabi/lib/thumb/v7-m/nofp/libg_nano.a(lib_a-sbrkr.o)
                0x0000000008001b1c                _sbrk_r
 .text          0x0000000008001b40        0x8 /usr/lib/gcc/arm-none-eabi/9.2.1/../../../arm-none-eabi/lib/thumb/v7-m/nofp/libg_nano.a(lib_a-mlock.o)
                0x0000000008001b40                __malloc_lock
                0x0000000008001b44                __malloc_unlock
 .text          0x0000000008001b48       0x10 /usr/lib/gcc/arm-none-eabi/9.2.1/../../../arm-none-eabi/lib/thumb/v7-m/nofp/libg_nano.a(lib_a-nano-msizer.o)
                0x0000000008001b48                _malloc_usable_size_r
 *(.rodata .rodata.* .constdata .constdata.*)
 .rodata.dumpExceptionStack.str1.4
                0x0000000008001b58      0x11a ./system/src/cortexm/exception_handlers.o
 *fill*         0x0000000008001c72        0x2 
 .rodata.str1.4
                0x0000000008001c74       0x2a ./system/src/cortexm/exception_handlers.o
 *fill*         0x0000000008001c9e        0x2 
 .rodata.HEsp_voidInit.str1.4
                0x0000000008001ca0       0x16 ./src/Esp_program.o
 *fill*         0x0000000008001cb6        0x2 
 .rodata.HEsp_voidConnectOnWifi.str1.4
                0x0000000008001cb8       0x1d ./src/Esp_program.o
 *fill*         0x0000000008001cd5        0x3 
 .rodata.HEsp_voidConnectOnServer.str1.4
                0x0000000008001cd8       0x20 ./src/Esp_program.o
 .rodata.HEsp_voidSendData.str1.4
                0x0000000008001cf8       0x2b ./src/Esp_program.o
                                         0x2f (size before relaxing)
 *fill*         0x0000000008001d23        0x1 
 .rodata.main.str1.4
                0x0000000008001d24       0x3d ./src/main.o
 *fill*         0x0000000008001d61        0x3 
 .rodata.str1.4
                0x0000000008001d64       0x13 /usr/lib/gcc/arm-none-eabi/9.2.1/../../../arm-none-eabi/lib/thumb/v7-m/nofp/libg_nano.a(lib_a-nano-svfprintf.o)
 *fill*         0x0000000008001d77        0x1 
 .rodata.str1.4
                0x0000000008001d78       0x25 /usr/lib/gcc/arm-none-eabi/9.2.1/../../../arm-none-eabi/lib/thumb/v7-m/nofp/libg_nano.a(lib_a-nano-vfprintf_i.o)
 *(vtable)
 *(.eh_frame*)
 *(.glue_7)
 .glue_7        0x0000000008001d9d        0x0 linker stubs
 *(.glue_7t)
 .glue_7t       0x0000000008001d9d        0x0 linker stubs

.vfp11_veneer   0x0000000008001da0        0x0
 .vfp11_veneer  0x0000000008001da0        0x0 linker stubs

.v4_bx          0x0000000008001da0        0x0
 .v4_bx         0x0000000008001da0        0x0 linker stubs

.iplt           0x0000000008001da0        0x0
 .iplt          0x0000000008001da0        0x0 ./system/src/newlib/_exit.o

.rel.dyn        0x0000000008001da0        0x0
 .rel.iplt      0x0000000008001da0        0x0 ./system/src/newlib/_exit.o

.ARM.extab
 *(.ARM.extab* .gnu.linkonce.armextab.*)
                0x0000000008001da0                . = ALIGN (0x4)
                0x0000000008001da0                __exidx_start = .

.ARM.exidx
 *(.ARM.exidx* .gnu.linkonce.armexidx.*)
                0x0000000008001da0                __exidx_end = .
                0x0000000008001da0                . = ALIGN (0x4)
                0x0000000008001da0                _etext = .
                0x0000000008001da0                __etext = .

.data_CCMRAM    0x0000000000000000        0x0 load address 0x0000000008001da0
 FILL mask 0xff
 *(.data.CCMRAM .data.CCMRAM.*)
                0x0000000000000000                . = ALIGN (0x4)
                0x0000000008001da0                _sidata = LOADADDR (.data)

.data           0x0000000020000000       0x8c load address 0x0000000008001da0
 FILL mask 0xff
                0x0000000020000000                _sdata = .
                0x0000000020000000                __data_start__ = .
 *(.data_begin .data_begin.*)
 .data_begin    0x0000000020000000        0x4 ./system/src/newlib/_startup.o
 *(.data .data.*)
 .data.argv.4333
                0x0000000020000004        0x8 ./system/src/newlib/_syscalls.o
 .data.AHBPrescTable
                0x000000002000000c       0x10 ./system/src/cmsis/system_stm32f10x.o
                0x000000002000000c                AHBPrescTable
 .data.SystemCoreClock
                0x000000002000001c        0x4 ./system/src/cmsis/system_stm32f10x.o
                0x000000002000001c                SystemCoreClock
 .data.Quotes   0x0000000020000020        0x2 ./src/Esp_program.o
                0x0000000020000020                Quotes
 *fill*         0x0000000020000022        0x2 ff
 .data          0x0000000020000024       0x64 /usr/lib/gcc/arm-none-eabi/9.2.1/../../../arm-none-eabi/lib/thumb/v7-m/nofp/libg_nano.a(lib_a-impure.o)
                0x0000000020000024                _impure_ptr
 *(.data_end .data_end.*)
 .data_end      0x0000000020000088        0x4 ./system/src/newlib/_startup.o
                0x000000002000008c                . = ALIGN (0x4)
                0x000000002000008c                _edata = .
                0x000000002000008c                __data_end__ = .

.igot.plt       0x000000002000008c        0x0 load address 0x0000000008001e2c
 .igot.plt      0x000000002000008c        0x0 ./system/src/newlib/_exit.o

.bss_CCMRAM     0x0000000000000000        0x0
 *(.bss.CCMRAM .bss.CCMRAM.*)

.bss            0x000000002000008c       0xa4
                0x000000002000008c                __bss_start__ = .
                0x000000002000008c                _sbss = .
 *(.bss_begin .bss_begin.*)
 .bss_begin     0x000000002000008c        0x4 ./system/src/newlib/_startup.o
 *(.bss .bss.*)
 .bss.current_heap_end.3965
                0x0000000020000090        0x4 ./system/src/newlib/_sbrk.o
 .bss.name.4332
                0x0000000020000094        0x1 ./system/src/newlib/_syscalls.o
 *fill*         0x0000000020000095        0x3 
 .bss.buf.5209  0x0000000020000098       0x80 ./system/src/diag/Trace.o
 .bss.CALLBACK  0x0000000020000118        0x4 ./src/STk_program.o
 .bss.MSTK_Repeat
                0x000000002000011c        0x1 ./src/STk_program.o
 *fill*         0x000000002000011d        0x3 
 .bss           0x0000000020000120        0x8 /usr/lib/gcc/arm-none-eabi/9.2.1/../../../arm-none-eabi/lib/thumb/v7-m/nofp/libg_nano.a(lib_a-nano-mallocr.o)
                0x0000000020000120                __malloc_free_list
                0x0000000020000124                __malloc_sbrk_start
 *(COMMON)
 COMMON         0x0000000020000128        0x4 ./system/src/newlib/_syscalls.o
                0x0000000020000128                errno
 *(.bss_end .bss_end.*)
 .bss_end       0x000000002000012c        0x4 ./system/src/newlib/_startup.o
                0x0000000020000130                . = ALIGN (0x4)
                0x0000000020000130                __bss_end__ = .
                0x0000000020000130                _ebss = .

.noinit_CCMRAM
 *(.noinit.CCMRAM .noinit.CCMRAM.*)

.noinit         0x0000000020000130        0x0
                0x0000000020000130                _noinit = .
 *(.noinit .noinit.*)
                0x0000000020000130                . = ALIGN (0x4)
                0x0000000020000130                _end_noinit = .
                [!provide]                        PROVIDE (end = _end_noinit)
                [!provide]                        PROVIDE (_end = _end_noinit)
                [!provide]                        PROVIDE (__end = _end_noinit)
                [!provide]                        PROVIDE (__end__ = _end_noinit)

._check_stack   0x0000000020000130      0x100
                0x0000000020000230                . = (. + _Minimum_Stack_Size)
 *fill*         0x0000000020000130      0x100 

.b1text
 *(.b1text)
 *(.b1rodata)
 *(.b1rodata.*)

.eb0text
 *(.eb0text)
 *(.eb0rodata)
 *(.eb0rodata.*)

.eb1text
 *(.eb1text)
 *(.eb1rodata)
 *(.eb1rodata.*)

.eb2text
 *(.eb2text)
 *(.eb2rodata)
 *(.eb2rodata.*)

.eb3text
 *(.eb3text)
 *(.eb3rodata)
 *(.eb3rodata.*)

.stab
 *(.stab)

.stabstr
 *(.stabstr)

.stab.excl
 *(.stab.excl)

.stab.exclstr
 *(.stab.exclstr)

.stab.index
 *(.stab.index)

.stab.indexstr
 *(.stab.indexstr)

.comment        0x0000000000000000       0xa7
 *(.comment)
 .comment       0x0000000000000000       0x59 ./system/src/newlib/_exit.o
                                         0x5a (size before relaxing)
 .comment       0x0000000000000059       0x5a ./system/src/newlib/_sbrk.o
 .comment       0x0000000000000059       0x5a ./system/src/newlib/_startup.o
 .comment       0x0000000000000059       0x5a ./system/src/newlib/_syscalls.o
 .comment       0x0000000000000059       0x5a ./system/src/diag/Trace.o
 .comment       0x0000000000000059       0x5a ./system/src/diag/trace_impl.o
 .comment       0x0000000000000059       0x5a ./system/src/cortexm/_initialize_hardware.o
 .comment       0x0000000000000059       0x5a ./system/src/cortexm/exception_handlers.o
 .comment       0x0000000000000059       0x5a ./system/src/cmsis/system_stm32f10x.o
 .comment       0x0000000000000059       0x5a ./system/src/cmsis/vectors_stm32f10x.o
 .comment       0x0000000000000059       0x5a ./src/Esp_program.o
 .comment       0x0000000000000059       0x5a ./src/GPIO_program.o
 .comment       0x0000000000000059       0x5a ./src/RCC_program.o
 .comment       0x0000000000000059       0x5a ./src/STk_program.o
 .comment       0x0000000000000059       0x5a ./src/USART_program.o
 .comment       0x0000000000000059       0x5a ./src/main.o
 .comment       0x0000000000000059       0x4e /usr/lib/gcc/arm-none-eabi/9.2.1/../../../arm-none-eabi/lib/thumb/v7-m/nofp/libg_nano.a(lib_a-errno.o)
                                         0x4f (size before relaxing)
 .comment       0x00000000000000a7       0x4f /usr/lib/gcc/arm-none-eabi/9.2.1/../../../arm-none-eabi/lib/thumb/v7-m/nofp/libg_nano.a(lib_a-impure.o)
 .comment       0x00000000000000a7       0x4f /usr/lib/gcc/arm-none-eabi/9.2.1/../../../arm-none-eabi/lib/thumb/v7-m/nofp/libg_nano.a(lib_a-memset.o)
 .comment       0x00000000000000a7       0x4f /usr/lib/gcc/arm-none-eabi/9.2.1/../../../arm-none-eabi/lib/thumb/v7-m/nofp/libg_nano.a(lib_a-sprintf.o)
 .comment       0x00000000000000a7       0x4f /usr/lib/gcc/arm-none-eabi/9.2.1/../../../arm-none-eabi/lib/thumb/v7-m/nofp/libg_nano.a(lib_a-strcpy.o)
 .comment       0x00000000000000a7       0x4f /usr/lib/gcc/arm-none-eabi/9.2.1/../../../arm-none-eabi/lib/thumb/v7-m/nofp/libg_nano.a(lib_a-vsnprintf.o)
 .comment       0x00000000000000a7       0x4f /usr/lib/gcc/arm-none-eabi/9.2.1/../../../arm-none-eabi/lib/thumb/v7-m/nofp/libg_nano.a(lib_a-nano-svfprintf.o)
 .comment       0x00000000000000a7       0x4f /usr/lib/gcc/arm-none-eabi/9.2.1/../../../arm-none-eabi/lib/thumb/v7-m/nofp/libg_nano.a(lib_a-nano-vfprintf_i.o)
 .comment       0x00000000000000a7       0x4f /usr/lib/gcc/arm-none-eabi/9.2.1/../../../arm-none-eabi/lib/thumb/v7-m/nofp/libg_nano.a(lib_a-memchr-stub.o)
 .comment       0x00000000000000a7       0x4f /usr/lib/gcc/arm-none-eabi/9.2.1/../../../arm-none-eabi/lib/thumb/v7-m/nofp/libg_nano.a(lib_a-memmove.o)
 .comment       0x00000000000000a7       0x4f /usr/lib/gcc/arm-none-eabi/9.2.1/../../../arm-none-eabi/lib/thumb/v7-m/nofp/libg_nano.a(lib_a-nano-freer.o)
 .comment       0x00000000000000a7       0x4f /usr/lib/gcc/arm-none-eabi/9.2.1/../../../arm-none-eabi/lib/thumb/v7-m/nofp/libg_nano.a(lib_a-nano-mallocr.o)
 .comment       0x00000000000000a7       0x4f /usr/lib/gcc/arm-none-eabi/9.2.1/../../../arm-none-eabi/lib/thumb/v7-m/nofp/libg_nano.a(lib_a-nano-reallocr.o)
 .comment       0x00000000000000a7       0x4f /usr/lib/gcc/arm-none-eabi/9.2.1/../../../arm-none-eabi/lib/thumb/v7-m/nofp/libg_nano.a(lib_a-sbrkr.o)
 .comment       0x00000000000000a7       0x4f /usr/lib/gcc/arm-none-eabi/9.2.1/../../../arm-none-eabi/lib/thumb/v7-m/nofp/libg_nano.a(lib_a-mlock.o)
 .comment       0x00000000000000a7       0x4f /usr/lib/gcc/arm-none-eabi/9.2.1/../../../arm-none-eabi/lib/thumb/v7-m/nofp/libg_nano.a(lib_a-nano-msizer.o)

.ARM.attributes
                0x0000000000000000       0x2b
 .ARM.attributes
                0x0000000000000000       0x2d ./system/src/newlib/_exit.o
 .ARM.attributes
                0x000000000000002d       0x2d ./system/src/newlib/_sbrk.o
 .ARM.attributes
                0x000000000000005a       0x2d ./system/src/newlib/_startup.o
 .ARM.attributes
                0x0000000000000087       0x2d ./system/src/newlib/_syscalls.o
 .ARM.attributes
                0x00000000000000b4       0x2d ./system/src/diag/Trace.o
 .ARM.attributes
                0x00000000000000e1       0x2d ./system/src/diag/trace_impl.o
 .ARM.attributes
                0x000000000000010e       0x2d ./system/src/cortexm/_initialize_hardware.o
 .ARM.attributes
                0x000000000000013b       0x2d ./system/src/cortexm/exception_handlers.o
 .ARM.attributes
                0x0000000000000168       0x2d ./system/src/cmsis/system_stm32f10x.o
 .ARM.attributes
                0x0000000000000195       0x2d ./system/src/cmsis/vectors_stm32f10x.o
 .ARM.attributes
                0x00000000000001c2       0x2d ./src/Esp_program.o
 .ARM.attributes
                0x00000000000001ef       0x2d ./src/GPIO_program.o
 .ARM.attributes
                0x000000000000021c       0x2d ./src/RCC_program.o
 .ARM.attributes
                0x0000000000000249       0x2d ./src/STk_program.o
 .ARM.attributes
                0x0000000000000276       0x2d ./src/USART_program.o
 .ARM.attributes
                0x00000000000002a3       0x2d ./src/main.o
 .ARM.attributes
                0x00000000000002d0       0x2d /usr/lib/gcc/arm-none-eabi/9.2.1/../../../arm-none-eabi/lib/thumb/v7-m/nofp/libg_nano.a(lib_a-errno.o)
 .ARM.attributes
                0x00000000000002fd       0x2d /usr/lib/gcc/arm-none-eabi/9.2.1/../../../arm-none-eabi/lib/thumb/v7-m/nofp/libg_nano.a(lib_a-impure.o)
 .ARM.attributes
                0x000000000000032a       0x2d /usr/lib/gcc/arm-none-eabi/9.2.1/../../../arm-none-eabi/lib/thumb/v7-m/nofp/libg_nano.a(lib_a-memset.o)
 .ARM.attributes
                0x0000000000000357       0x2d /usr/lib/gcc/arm-none-eabi/9.2.1/../../../arm-none-eabi/lib/thumb/v7-m/nofp/libg_nano.a(lib_a-sprintf.o)
 .ARM.attributes
                0x0000000000000384       0x2d /usr/lib/gcc/arm-none-eabi/9.2.1/../../../arm-none-eabi/lib/thumb/v7-m/nofp/libg_nano.a(lib_a-strcpy.o)
 .ARM.attributes
                0x00000000000003b1       0x2d /usr/lib/gcc/arm-none-eabi/9.2.1/../../../arm-none-eabi/lib/thumb/v7-m/nofp/libg_nano.a(lib_a-vsnprintf.o)
 .ARM.attributes
                0x00000000000003de       0x2d /usr/lib/gcc/arm-none-eabi/9.2.1/../../../arm-none-eabi/lib/thumb/v7-m/nofp/libg_nano.a(lib_a-nano-svfprintf.o)
 .ARM.attributes
                0x000000000000040b       0x2d /usr/lib/gcc/arm-none-eabi/9.2.1/../../../arm-none-eabi/lib/thumb/v7-m/nofp/libg_nano.a(lib_a-nano-vfprintf_i.o)
 .ARM.attributes
                0x0000000000000438       0x2d /usr/lib/gcc/arm-none-eabi/9.2.1/../../../arm-none-eabi/lib/thumb/v7-m/nofp/libg_nano.a(lib_a-memchr-stub.o)
 .ARM.attributes
                0x0000000000000465       0x1b /usr/lib/gcc/arm-none-eabi/9.2.1/../../../arm-none-eabi/lib/thumb/v7-m/nofp/libg_nano.a(lib_a-memcpy.o)
 .ARM.attributes
                0x0000000000000480       0x2d /usr/lib/gcc/arm-none-eabi/9.2.1/../../../arm-none-eabi/lib/thumb/v7-m/nofp/libg_nano.a(lib_a-memmove.o)
 .ARM.attributes
                0x00000000000004ad       0x2d /usr/lib/gcc/arm-none-eabi/9.2.1/../../../arm-none-eabi/lib/thumb/v7-m/nofp/libg_nano.a(lib_a-nano-freer.o)
 .ARM.attributes
                0x00000000000004da       0x2d /usr/lib/gcc/arm-none-eabi/9.2.1/../../../arm-none-eabi/lib/thumb/v7-m/nofp/libg_nano.a(lib_a-nano-mallocr.o)
 .ARM.attributes
                0x0000000000000507       0x2d /usr/lib/gcc/arm-none-eabi/9.2.1/../../../arm-none-eabi/lib/thumb/v7-m/nofp/libg_nano.a(lib_a-nano-reallocr.o)
 .ARM.attributes
                0x0000000000000534       0x2d /usr/lib/gcc/arm-none-eabi/9.2.1/../../../arm-none-eabi/lib/thumb/v7-m/nofp/libg_nano.a(lib_a-sbrkr.o)
 .ARM.attributes
                0x0000000000000561       0x2d /usr/lib/gcc/arm-none-eabi/9.2.1/../../../arm-none-eabi/lib/thumb/v7-m/nofp/libg_nano.a(lib_a-mlock.o)
 .ARM.attributes
                0x000000000000058e       0x2d /usr/lib/gcc/arm-none-eabi/9.2.1/../../../arm-none-eabi/lib/thumb/v7-m/nofp/libg_nano.a(lib_a-nano-msizer.o)

.debug
 *(.debug)

.line
 *(.line)

.debug_srcinfo
 *(.debug_srcinfo)

.debug_sfnames
 *(.debug_sfnames)

.debug_aranges  0x0000000000000000      0x5a8
 *(.debug_aranges)
 .debug_aranges
                0x0000000000000000       0x28 ./system/src/newlib/_exit.o
 .debug_aranges
                0x0000000000000028       0x20 ./system/src/newlib/_sbrk.o
 .debug_aranges
                0x0000000000000048       0x40 ./system/src/newlib/_startup.o
 .debug_aranges
                0x0000000000000088       0x30 ./system/src/newlib/_syscalls.o
 .debug_aranges
                0x00000000000000b8       0x38 ./system/src/diag/Trace.o
 .debug_aranges
                0x00000000000000f0       0x30 ./system/src/diag/trace_impl.o
 .debug_aranges
                0x0000000000000120       0x28 ./system/src/cortexm/_initialize_hardware.o
 .debug_aranges
                0x0000000000000148       0x90 ./system/src/cortexm/exception_handlers.o
 .debug_aranges
                0x00000000000001d8       0x38 ./system/src/cmsis/system_stm32f10x.o
 .debug_aranges
                0x0000000000000210       0x20 ./system/src/cmsis/vectors_stm32f10x.o
 .debug_aranges
                0x0000000000000230       0x48 ./src/Esp_program.o
 .debug_aranges
                0x0000000000000278       0x40 ./src/GPIO_program.o
 .debug_aranges
                0x00000000000002b8       0x30 ./src/RCC_program.o
 .debug_aranges
                0x00000000000002e8       0x58 ./src/STk_program.o
 .debug_aranges
                0x0000000000000340       0x30 ./src/USART_program.o
 .debug_aranges
                0x0000000000000370       0x20 ./src/main.o
 .debug_aranges
                0x0000000000000390       0x20 /usr/lib/gcc/arm-none-eabi/9.2.1/../../../arm-none-eabi/lib/thumb/v7-m/nofp/libg_nano.a(lib_a-errno.o)
 .debug_aranges
                0x00000000000003b0       0x18 /usr/lib/gcc/arm-none-eabi/9.2.1/../../../arm-none-eabi/lib/thumb/v7-m/nofp/libg_nano.a(lib_a-impure.o)
 .debug_aranges
                0x00000000000003c8       0x20 /usr/lib/gcc/arm-none-eabi/9.2.1/../../../arm-none-eabi/lib/thumb/v7-m/nofp/libg_nano.a(lib_a-memset.o)
 .debug_aranges
                0x00000000000003e8       0x20 /usr/lib/gcc/arm-none-eabi/9.2.1/../../../arm-none-eabi/lib/thumb/v7-m/nofp/libg_nano.a(lib_a-sprintf.o)
 .debug_aranges
                0x0000000000000408       0x20 /usr/lib/gcc/arm-none-eabi/9.2.1/../../../arm-none-eabi/lib/thumb/v7-m/nofp/libg_nano.a(lib_a-strcpy.o)
 .debug_aranges
                0x0000000000000428       0x20 /usr/lib/gcc/arm-none-eabi/9.2.1/../../../arm-none-eabi/lib/thumb/v7-m/nofp/libg_nano.a(lib_a-vsnprintf.o)
 .debug_aranges
                0x0000000000000448       0x20 /usr/lib/gcc/arm-none-eabi/9.2.1/../../../arm-none-eabi/lib/thumb/v7-m/nofp/libg_nano.a(lib_a-nano-svfprintf.o)
 .debug_aranges
                0x0000000000000468       0x20 /usr/lib/gcc/arm-none-eabi/9.2.1/../../../arm-none-eabi/lib/thumb/v7-m/nofp/libg_nano.a(lib_a-nano-vfprintf_i.o)
 .debug_aranges
                0x0000000000000488       0x20 /usr/lib/gcc/arm-none-eabi/9.2.1/../../../arm-none-eabi/lib/thumb/v7-m/nofp/libg_nano.a(lib_a-memchr-stub.o)
 .debug_aranges
                0x00000000000004a8       0x20 /usr/lib/gcc/arm-none-eabi/9.2.1/../../../arm-none-eabi/lib/thumb/v7-m/nofp/libg_nano.a(lib_a-memcpy.o)
 .debug_aranges
                0x00000000000004c8       0x20 /usr/lib/gcc/arm-none-eabi/9.2.1/../../../arm-none-eabi/lib/thumb/v7-m/nofp/libg_nano.a(lib_a-memmove.o)
 .debug_aranges
                0x00000000000004e8       0x20 /usr/lib/gcc/arm-none-eabi/9.2.1/../../../arm-none-eabi/lib/thumb/v7-m/nofp/libg_nano.a(lib_a-nano-freer.o)
 .debug_aranges
                0x0000000000000508       0x20 /usr/lib/gcc/arm-none-eabi/9.2.1/../../../arm-none-eabi/lib/thumb/v7-m/nofp/libg_nano.a(lib_a-nano-mallocr.o)
 .debug_aranges
                0x0000000000000528       0x20 /usr/lib/gcc/arm-none-eabi/9.2.1/../../../arm-none-eabi/lib/thumb/v7-m/nofp/libg_nano.a(lib_a-nano-reallocr.o)
 .debug_aranges
                0x0000000000000548       0x20 /usr/lib/gcc/arm-none-eabi/9.2.1/../../../arm-none-eabi/lib/thumb/v7-m/nofp/libg_nano.a(lib_a-sbrkr.o)
 .debug_aranges
                0x0000000000000568       0x20 /usr/lib/gcc/arm-none-eabi/9.2.1/../../../arm-none-eabi/lib/thumb/v7-m/nofp/libg_nano.a(lib_a-mlock.o)
 .debug_aranges
                0x0000000000000588       0x20 /usr/lib/gcc/arm-none-eabi/9.2.1/../../../arm-none-eabi/lib/thumb/v7-m/nofp/libg_nano.a(lib_a-nano-msizer.o)

.debug_pubnames
 *(.debug_pubnames)

.debug_info     0x0000000000000000    0x13116
 *(.debug_info .gnu.linkonce.wi.*)
 .debug_info    0x0000000000000000      0x9dc ./system/src/newlib/_exit.o
 .debug_info    0x00000000000009dc      0x9c9 ./system/src/newlib/_sbrk.o
 .debug_info    0x00000000000013a5      0x4ae ./system/src/newlib/_startup.o
 .debug_info    0x0000000000001853      0xaae ./system/src/newlib/_syscalls.o
 .debug_info    0x0000000000002301      0xbd0 ./system/src/diag/Trace.o
 .debug_info    0x0000000000002ed1      0x3aa ./system/src/diag/trace_impl.o
 .debug_info    0x000000000000327b      0x2d6 ./system/src/cortexm/_initialize_hardware.o
 .debug_info    0x0000000000003551     0x1270 ./system/src/cortexm/exception_handlers.o
 .debug_info    0x00000000000047c1      0x4db ./system/src/cmsis/system_stm32f10x.o
 .debug_info    0x0000000000004c9c       0xce ./system/src/cmsis/vectors_stm32f10x.o
 .debug_info    0x0000000000004d6a      0xe83 ./src/Esp_program.o
 .debug_info    0x0000000000005bed      0x1dc ./src/GPIO_program.o
 .debug_info    0x0000000000005dc9       0xfb ./src/RCC_program.o
 .debug_info    0x0000000000005ec4      0x1fd ./src/STk_program.o
 .debug_info    0x00000000000060c1      0x186 ./src/USART_program.o
 .debug_info    0x0000000000006247      0x271 ./src/main.o
 .debug_info    0x00000000000064b8      0x953 /usr/lib/gcc/arm-none-eabi/9.2.1/../../../arm-none-eabi/lib/thumb/v7-m/nofp/libg_nano.a(lib_a-errno.o)
 .debug_info    0x0000000000006e0b      0x92a /usr/lib/gcc/arm-none-eabi/9.2.1/../../../arm-none-eabi/lib/thumb/v7-m/nofp/libg_nano.a(lib_a-impure.o)
 .debug_info    0x0000000000007735      0xf21 /usr/lib/gcc/arm-none-eabi/9.2.1/../../../arm-none-eabi/lib/thumb/v7-m/nofp/libg_nano.a(lib_a-memset.o)
 .debug_info    0x0000000000008656      0xc90 /usr/lib/gcc/arm-none-eabi/9.2.1/../../../arm-none-eabi/lib/thumb/v7-m/nofp/libg_nano.a(lib_a-sprintf.o)
 .debug_info    0x00000000000092e6      0x943 /usr/lib/gcc/arm-none-eabi/9.2.1/../../../arm-none-eabi/lib/thumb/v7-m/nofp/libg_nano.a(lib_a-strcpy.o)
 .debug_info    0x0000000000009c29      0xceb /usr/lib/gcc/arm-none-eabi/9.2.1/../../../arm-none-eabi/lib/thumb/v7-m/nofp/libg_nano.a(lib_a-vsnprintf.o)
 .debug_info    0x000000000000a914     0x17e4 /usr/lib/gcc/arm-none-eabi/9.2.1/../../../arm-none-eabi/lib/thumb/v7-m/nofp/libg_nano.a(lib_a-nano-svfprintf.o)
 .debug_info    0x000000000000c0f8     0x1592 /usr/lib/gcc/arm-none-eabi/9.2.1/../../../arm-none-eabi/lib/thumb/v7-m/nofp/libg_nano.a(lib_a-nano-vfprintf_i.o)
 .debug_info    0x000000000000d68a      0x9e3 /usr/lib/gcc/arm-none-eabi/9.2.1/../../../arm-none-eabi/lib/thumb/v7-m/nofp/libg_nano.a(lib_a-memchr-stub.o)
 .debug_info    0x000000000000e06d       0x26 /usr/lib/gcc/arm-none-eabi/9.2.1/../../../arm-none-eabi/lib/thumb/v7-m/nofp/libg_nano.a(lib_a-memcpy.o)
 .debug_info    0x000000000000e093      0xf2b /usr/lib/gcc/arm-none-eabi/9.2.1/../../../arm-none-eabi/lib/thumb/v7-m/nofp/libg_nano.a(lib_a-memmove.o)
 .debug_info    0x000000000000efbe      0xb85 /usr/lib/gcc/arm-none-eabi/9.2.1/../../../arm-none-eabi/lib/thumb/v7-m/nofp/libg_nano.a(lib_a-nano-freer.o)
 .debug_info    0x000000000000fb43      0xc5a /usr/lib/gcc/arm-none-eabi/9.2.1/../../../arm-none-eabi/lib/thumb/v7-m/nofp/libg_nano.a(lib_a-nano-mallocr.o)
 .debug_info    0x000000000001079d      0xb77 /usr/lib/gcc/arm-none-eabi/9.2.1/../../../arm-none-eabi/lib/thumb/v7-m/nofp/libg_nano.a(lib_a-nano-reallocr.o)
 .debug_info    0x0000000000011314      0x9fb /usr/lib/gcc/arm-none-eabi/9.2.1/../../../arm-none-eabi/lib/thumb/v7-m/nofp/libg_nano.a(lib_a-sbrkr.o)
 .debug_info    0x0000000000011d0f      0x961 /usr/lib/gcc/arm-none-eabi/9.2.1/../../../arm-none-eabi/lib/thumb/v7-m/nofp/libg_nano.a(lib_a-mlock.o)
 .debug_info    0x0000000000012670      0xaa6 /usr/lib/gcc/arm-none-eabi/9.2.1/../../../arm-none-eabi/lib/thumb/v7-m/nofp/libg_nano.a(lib_a-nano-msizer.o)

.debug_abbrev   0x0000000000000000     0x3d9a
 *(.debug_abbrev)
 .debug_abbrev  0x0000000000000000      0x222 ./system/src/newlib/_exit.o
 .debug_abbrev  0x0000000000000222      0x232 ./system/src/newlib/_sbrk.o
 .debug_abbrev  0x0000000000000454      0x1b1 ./system/src/newlib/_startup.o
 .debug_abbrev  0x0000000000000605      0x26d ./system/src/newlib/_syscalls.o
 .debug_abbrev  0x0000000000000872      0x2c6 ./system/src/diag/Trace.o
 .debug_abbrev  0x0000000000000b38      0x218 ./system/src/diag/trace_impl.o
 .debug_abbrev  0x0000000000000d50       0xfc ./system/src/cortexm/_initialize_hardware.o
 .debug_abbrev  0x0000000000000e4c      0x372 ./system/src/cortexm/exception_handlers.o
 .debug_abbrev  0x00000000000011be      0x19d ./system/src/cmsis/system_stm32f10x.o
 .debug_abbrev  0x000000000000135b       0xa5 ./system/src/cmsis/vectors_stm32f10x.o
 .debug_abbrev  0x0000000000001400      0x2b0 ./src/Esp_program.o
 .debug_abbrev  0x00000000000016b0       0xbe ./src/GPIO_program.o
 .debug_abbrev  0x000000000000176e       0x7b ./src/RCC_program.o
 .debug_abbrev  0x00000000000017e9      0x13e ./src/STk_program.o
 .debug_abbrev  0x0000000000001927      0x134 ./src/USART_program.o
 .debug_abbrev  0x0000000000001a5b       0xa3 ./src/main.o
 .debug_abbrev  0x0000000000001afe      0x198 /usr/lib/gcc/arm-none-eabi/9.2.1/../../../arm-none-eabi/lib/thumb/v7-m/nofp/libg_nano.a(lib_a-errno.o)
 .debug_abbrev  0x0000000000001c96      0x17a /usr/lib/gcc/arm-none-eabi/9.2.1/../../../arm-none-eabi/lib/thumb/v7-m/nofp/libg_nano.a(lib_a-impure.o)
 .debug_abbrev  0x0000000000001e10      0x1d9 /usr/lib/gcc/arm-none-eabi/9.2.1/../../../arm-none-eabi/lib/thumb/v7-m/nofp/libg_nano.a(lib_a-memset.o)
 .debug_abbrev  0x0000000000001fe9      0x274 /usr/lib/gcc/arm-none-eabi/9.2.1/../../../arm-none-eabi/lib/thumb/v7-m/nofp/libg_nano.a(lib_a-sprintf.o)
 .debug_abbrev  0x000000000000225d      0x1a5 /usr/lib/gcc/arm-none-eabi/9.2.1/../../../arm-none-eabi/lib/thumb/v7-m/nofp/libg_nano.a(lib_a-strcpy.o)
 .debug_abbrev  0x0000000000002402      0x277 /usr/lib/gcc/arm-none-eabi/9.2.1/../../../arm-none-eabi/lib/thumb/v7-m/nofp/libg_nano.a(lib_a-vsnprintf.o)
 .debug_abbrev  0x0000000000002679      0x33f /usr/lib/gcc/arm-none-eabi/9.2.1/../../../arm-none-eabi/lib/thumb/v7-m/nofp/libg_nano.a(lib_a-nano-svfprintf.o)
 .debug_abbrev  0x00000000000029b8      0x2dc /usr/lib/gcc/arm-none-eabi/9.2.1/../../../arm-none-eabi/lib/thumb/v7-m/nofp/libg_nano.a(lib_a-nano-vfprintf_i.o)
 .debug_abbrev  0x0000000000002c94      0x1d7 /usr/lib/gcc/arm-none-eabi/9.2.1/../../../arm-none-eabi/lib/thumb/v7-m/nofp/libg_nano.a(lib_a-memchr-stub.o)
 .debug_abbrev  0x0000000000002e6b       0x14 /usr/lib/gcc/arm-none-eabi/9.2.1/../../../arm-none-eabi/lib/thumb/v7-m/nofp/libg_nano.a(lib_a-memcpy.o)
 .debug_abbrev  0x0000000000002e7f      0x1de /usr/lib/gcc/arm-none-eabi/9.2.1/../../../arm-none-eabi/lib/thumb/v7-m/nofp/libg_nano.a(lib_a-memmove.o)
 .debug_abbrev  0x000000000000305d      0x286 /usr/lib/gcc/arm-none-eabi/9.2.1/../../../arm-none-eabi/lib/thumb/v7-m/nofp/libg_nano.a(lib_a-nano-freer.o)
 .debug_abbrev  0x00000000000032e3      0x2d1 /usr/lib/gcc/arm-none-eabi/9.2.1/../../../arm-none-eabi/lib/thumb/v7-m/nofp/libg_nano.a(lib_a-nano-mallocr.o)
 .debug_abbrev  0x00000000000035b4      0x22a /usr/lib/gcc/arm-none-eabi/9.2.1/../../../arm-none-eabi/lib/thumb/v7-m/nofp/libg_nano.a(lib_a-nano-reallocr.o)
 .debug_abbrev  0x00000000000037de      0x212 /usr/lib/gcc/arm-none-eabi/9.2.1/../../../arm-none-eabi/lib/thumb/v7-m/nofp/libg_nano.a(lib_a-sbrkr.o)
 .debug_abbrev  0x00000000000039f0      0x1c5 /usr/lib/gcc/arm-none-eabi/9.2.1/../../../arm-none-eabi/lib/thumb/v7-m/nofp/libg_nano.a(lib_a-mlock.o)
 .debug_abbrev  0x0000000000003bb5      0x1e5 /usr/lib/gcc/arm-none-eabi/9.2.1/../../../arm-none-eabi/lib/thumb/v7-m/nofp/libg_nano.a(lib_a-nano-msizer.o)

.debug_line     0x0000000000000000     0x61ef
 *(.debug_line)
 .debug_line    0x0000000000000000      0x290 ./system/src/newlib/_exit.o
 .debug_line    0x0000000000000290      0x27a ./system/src/newlib/_sbrk.o
 .debug_line    0x000000000000050a      0x4e4 ./system/src/newlib/_startup.o
 .debug_line    0x00000000000009ee      0x32e ./system/src/newlib/_syscalls.o
 .debug_line    0x0000000000000d1c      0x36c ./system/src/diag/Trace.o
 .debug_line    0x0000000000001088      0x5c4 ./system/src/diag/trace_impl.o
 .debug_line    0x000000000000164c      0x344 ./system/src/cortexm/_initialize_hardware.o
 .debug_line    0x0000000000001990      0x7f8 ./system/src/cortexm/exception_handlers.o
 .debug_line    0x0000000000002188      0x567 ./system/src/cmsis/system_stm32f10x.o
 .debug_line    0x00000000000026ef       0xd6 ./system/src/cmsis/vectors_stm32f10x.o
 .debug_line    0x00000000000027c5      0x567 ./src/Esp_program.o
 .debug_line    0x0000000000002d2c      0x356 ./src/GPIO_program.o
 .debug_line    0x0000000000003082      0x186 ./src/RCC_program.o
 .debug_line    0x0000000000003208      0x214 ./src/STk_program.o
 .debug_line    0x000000000000341c      0x17c ./src/USART_program.o
 .debug_line    0x0000000000003598       0xec ./src/main.o
 .debug_line    0x0000000000003684      0x108 /usr/lib/gcc/arm-none-eabi/9.2.1/../../../arm-none-eabi/lib/thumb/v7-m/nofp/libg_nano.a(lib_a-errno.o)
 .debug_line    0x000000000000378c       0xe3 /usr/lib/gcc/arm-none-eabi/9.2.1/../../../arm-none-eabi/lib/thumb/v7-m/nofp/libg_nano.a(lib_a-impure.o)
 .debug_line    0x000000000000386f      0x26b /usr/lib/gcc/arm-none-eabi/9.2.1/../../../arm-none-eabi/lib/thumb/v7-m/nofp/libg_nano.a(lib_a-memset.o)
 .debug_line    0x0000000000003ada      0x22d /usr/lib/gcc/arm-none-eabi/9.2.1/../../../arm-none-eabi/lib/thumb/v7-m/nofp/libg_nano.a(lib_a-sprintf.o)
 .debug_line    0x0000000000003d07      0x149 /usr/lib/gcc/arm-none-eabi/9.2.1/../../../arm-none-eabi/lib/thumb/v7-m/nofp/libg_nano.a(lib_a-strcpy.o)
 .debug_line    0x0000000000003e50      0x287 /usr/lib/gcc/arm-none-eabi/9.2.1/../../../arm-none-eabi/lib/thumb/v7-m/nofp/libg_nano.a(lib_a-vsnprintf.o)
 .debug_line    0x00000000000040d7      0x8a7 /usr/lib/gcc/arm-none-eabi/9.2.1/../../../arm-none-eabi/lib/thumb/v7-m/nofp/libg_nano.a(lib_a-nano-svfprintf.o)
 .debug_line    0x000000000000497e      0x7a1 /usr/lib/gcc/arm-none-eabi/9.2.1/../../../arm-none-eabi/lib/thumb/v7-m/nofp/libg_nano.a(lib_a-nano-vfprintf_i.o)
 .debug_line    0x000000000000511f      0x20c /usr/lib/gcc/arm-none-eabi/9.2.1/../../../arm-none-eabi/lib/thumb/v7-m/nofp/libg_nano.a(lib_a-memchr-stub.o)
 .debug_line    0x000000000000532b       0xc1 /usr/lib/gcc/arm-none-eabi/9.2.1/../../../arm-none-eabi/lib/thumb/v7-m/nofp/libg_nano.a(lib_a-memcpy.o)
 .debug_line    0x00000000000053ec      0x28c /usr/lib/gcc/arm-none-eabi/9.2.1/../../../arm-none-eabi/lib/thumb/v7-m/nofp/libg_nano.a(lib_a-memmove.o)
 .debug_line    0x0000000000005678      0x29d /usr/lib/gcc/arm-none-eabi/9.2.1/../../../arm-none-eabi/lib/thumb/v7-m/nofp/libg_nano.a(lib_a-nano-freer.o)
 .debug_line    0x0000000000005915      0x2f0 /usr/lib/gcc/arm-none-eabi/9.2.1/../../../arm-none-eabi/lib/thumb/v7-m/nofp/libg_nano.a(lib_a-nano-mallocr.o)
 .debug_line    0x0000000000005c05      0x1c5 /usr/lib/gcc/arm-none-eabi/9.2.1/../../../arm-none-eabi/lib/thumb/v7-m/nofp/libg_nano.a(lib_a-nano-reallocr.o)
 .debug_line    0x0000000000005dca      0x182 /usr/lib/gcc/arm-none-eabi/9.2.1/../../../arm-none-eabi/lib/thumb/v7-m/nofp/libg_nano.a(lib_a-sbrkr.o)
 .debug_line    0x0000000000005f4c      0x13d /usr/lib/gcc/arm-none-eabi/9.2.1/../../../arm-none-eabi/lib/thumb/v7-m/nofp/libg_nano.a(lib_a-mlock.o)
 .debug_line    0x0000000000006089      0x166 /usr/lib/gcc/arm-none-eabi/9.2.1/../../../arm-none-eabi/lib/thumb/v7-m/nofp/libg_nano.a(lib_a-nano-msizer.o)

.debug_frame    0x0000000000000000      0xae0
 *(.debug_frame)
 .debug_frame   0x0000000000000000       0x38 ./system/src/newlib/_exit.o
 .debug_frame   0x0000000000000038       0x28 ./system/src/newlib/_sbrk.o
 .debug_frame   0x0000000000000060       0x7c ./system/src/newlib/_startup.o
 .debug_frame   0x00000000000000dc       0x50 ./system/src/newlib/_syscalls.o
 .debug_frame   0x000000000000012c       0x94 ./system/src/diag/Trace.o
 .debug_frame   0x00000000000001c0       0x64 ./system/src/diag/trace_impl.o
 .debug_frame   0x0000000000000224       0x40 ./system/src/cortexm/_initialize_hardware.o
 .debug_frame   0x0000000000000264      0x158 ./system/src/cortexm/exception_handlers.o
 .debug_frame   0x00000000000003bc       0x6c ./system/src/cmsis/system_stm32f10x.o
 .debug_frame   0x0000000000000428       0x20 ./system/src/cmsis/vectors_stm32f10x.o
 .debug_frame   0x0000000000000448       0xd0 ./src/Esp_program.o
 .debug_frame   0x0000000000000518       0x78 ./src/GPIO_program.o
 .debug_frame   0x0000000000000590       0x40 ./src/RCC_program.o
 .debug_frame   0x00000000000005d0       0xa4 ./src/STk_program.o
 .debug_frame   0x0000000000000674       0x40 ./src/USART_program.o
 .debug_frame   0x00000000000006b4       0x28 ./src/main.o
 .debug_frame   0x00000000000006dc       0x20 /usr/lib/gcc/arm-none-eabi/9.2.1/../../../arm-none-eabi/lib/thumb/v7-m/nofp/libg_nano.a(lib_a-errno.o)
 .debug_frame   0x00000000000006fc       0x38 /usr/lib/gcc/arm-none-eabi/9.2.1/../../../arm-none-eabi/lib/thumb/v7-m/nofp/libg_nano.a(lib_a-memset.o)
 .debug_frame   0x0000000000000734       0x80 /usr/lib/gcc/arm-none-eabi/9.2.1/../../../arm-none-eabi/lib/thumb/v7-m/nofp/libg_nano.a(lib_a-sprintf.o)
 .debug_frame   0x00000000000007b4       0x20 /usr/lib/gcc/arm-none-eabi/9.2.1/../../../arm-none-eabi/lib/thumb/v7-m/nofp/libg_nano.a(lib_a-strcpy.o)
 .debug_frame   0x00000000000007d4       0x5c /usr/lib/gcc/arm-none-eabi/9.2.1/../../../arm-none-eabi/lib/thumb/v7-m/nofp/libg_nano.a(lib_a-vsnprintf.o)
 .debug_frame   0x0000000000000830       0x98 /usr/lib/gcc/arm-none-eabi/9.2.1/../../../arm-none-eabi/lib/thumb/v7-m/nofp/libg_nano.a(lib_a-nano-svfprintf.o)
 .debug_frame   0x00000000000008c8       0x68 /usr/lib/gcc/arm-none-eabi/9.2.1/../../../arm-none-eabi/lib/thumb/v7-m/nofp/libg_nano.a(lib_a-nano-vfprintf_i.o)
 .debug_frame   0x0000000000000930       0x34 /usr/lib/gcc/arm-none-eabi/9.2.1/../../../arm-none-eabi/lib/thumb/v7-m/nofp/libg_nano.a(lib_a-memchr-stub.o)
 .debug_frame   0x0000000000000964       0x40 /usr/lib/gcc/arm-none-eabi/9.2.1/../../../arm-none-eabi/lib/thumb/v7-m/nofp/libg_nano.a(lib_a-memmove.o)
 .debug_frame   0x00000000000009a4       0x58 /usr/lib/gcc/arm-none-eabi/9.2.1/../../../arm-none-eabi/lib/thumb/v7-m/nofp/libg_nano.a(lib_a-nano-freer.o)
 .debug_frame   0x00000000000009fc       0x30 /usr/lib/gcc/arm-none-eabi/9.2.1/../../../arm-none-eabi/lib/thumb/v7-m/nofp/libg_nano.a(lib_a-nano-mallocr.o)
 .debug_frame   0x0000000000000a2c       0x38 /usr/lib/gcc/arm-none-eabi/9.2.1/../../../arm-none-eabi/lib/thumb/v7-m/nofp/libg_nano.a(lib_a-nano-reallocr.o)
 .debug_frame   0x0000000000000a64       0x2c /usr/lib/gcc/arm-none-eabi/9.2.1/../../../arm-none-eabi/lib/thumb/v7-m/nofp/libg_nano.a(lib_a-sbrkr.o)
 .debug_frame   0x0000000000000a90       0x30 /usr/lib/gcc/arm-none-eabi/9.2.1/../../../arm-none-eabi/lib/thumb/v7-m/nofp/libg_nano.a(lib_a-mlock.o)
 .debug_frame   0x0000000000000ac0       0x20 /usr/lib/gcc/arm-none-eabi/9.2.1/../../../arm-none-eabi/lib/thumb/v7-m/nofp/libg_nano.a(lib_a-nano-msizer.o)

.debug_str      0x0000000000000000    0x57c0f
 *(.debug_str)
 .debug_str     0x0000000000000000     0x78e1 ./system/src/newlib/_exit.o
                                       0x7ae8 (size before relaxing)
 .debug_str     0x00000000000078e1      0x4f5 ./system/src/newlib/_sbrk.o
                                       0x6ea9 (size before relaxing)
 .debug_str     0x0000000000007dd6      0xba9 ./system/src/newlib/_startup.o
                                       0x63e9 (size before relaxing)
 .debug_str     0x000000000000897f     0x1378 ./system/src/newlib/_syscalls.o
                                       0x826f (size before relaxing)
 .debug_str     0x0000000000009cf7      0x826 ./system/src/diag/Trace.o
                                       0x8264 (size before relaxing)
 .debug_str     0x000000000000a51d    0x4b2b9 ./system/src/diag/trace_impl.o
                                      0x5244b (size before relaxing)
 .debug_str     0x00000000000557d6       0xc4 ./system/src/cortexm/_initialize_hardware.o
                                      0x4e918 (size before relaxing)
 .debug_str     0x000000000005589a      0x1a6 ./system/src/cortexm/exception_handlers.o
                                      0x5385b (size before relaxing)
 .debug_str     0x0000000000055a40      0x114 ./system/src/cmsis/system_stm32f10x.o
                                      0x4e9b2 (size before relaxing)
 .debug_str     0x0000000000055b54       0x57 ./system/src/cmsis/vectors_stm32f10x.o
                                       0x3957 (size before relaxing)
 .debug_str     0x0000000000055bab      0x3a1 ./src/Esp_program.o
                                       0x7456 (size before relaxing)
 .debug_str     0x0000000000055f4c      0xa21 ./src/GPIO_program.o
                                       0x3934 (size before relaxing)
 .debug_str     0x000000000005696d      0x2d4 ./src/RCC_program.o
                                       0x31e7 (size before relaxing)
 .debug_str     0x0000000000056c41      0x1a1 ./src/STk_program.o
                                       0x30e4 (size before relaxing)
 .debug_str     0x0000000000056de2       0xc3 ./src/USART_program.o
                                       0x30e8 (size before relaxing)
 .debug_str     0x0000000000056ea5        0xe ./src/main.o
                                       0x352a (size before relaxing)
 .debug_str     0x0000000000056eb3      0x195 /usr/lib/gcc/arm-none-eabi/9.2.1/../../../arm-none-eabi/lib/thumb/v7-m/nofp/libg_nano.a(lib_a-errno.o)
                                        0x5ec (size before relaxing)
 .debug_str     0x0000000000057048       0x9c /usr/lib/gcc/arm-none-eabi/9.2.1/../../../arm-none-eabi/lib/thumb/v7-m/nofp/libg_nano.a(lib_a-impure.o)
                                        0x5da (size before relaxing)
 .debug_str     0x00000000000570e4      0x309 /usr/lib/gcc/arm-none-eabi/9.2.1/../../../arm-none-eabi/lib/thumb/v7-m/nofp/libg_nano.a(lib_a-memset.o)
                                        0x907 (size before relaxing)
 .debug_str     0x00000000000573ed      0x1a3 /usr/lib/gcc/arm-none-eabi/9.2.1/../../../arm-none-eabi/lib/thumb/v7-m/nofp/libg_nano.a(lib_a-sprintf.o)
                                        0x755 (size before relaxing)
 .debug_str     0x0000000000057590       0x9f /usr/lib/gcc/arm-none-eabi/9.2.1/../../../arm-none-eabi/lib/thumb/v7-m/nofp/libg_nano.a(lib_a-strcpy.o)
                                        0x5e4 (size before relaxing)
 .debug_str     0x000000000005762f       0x43 /usr/lib/gcc/arm-none-eabi/9.2.1/../../../arm-none-eabi/lib/thumb/v7-m/nofp/libg_nano.a(lib_a-vsnprintf.o)
                                        0x77e (size before relaxing)
 .debug_str     0x0000000000057672      0x1a9 /usr/lib/gcc/arm-none-eabi/9.2.1/../../../arm-none-eabi/lib/thumb/v7-m/nofp/libg_nano.a(lib_a-nano-svfprintf.o)
                                        0xc0d (size before relaxing)
 .debug_str     0x000000000005781b       0x94 /usr/lib/gcc/arm-none-eabi/9.2.1/../../../arm-none-eabi/lib/thumb/v7-m/nofp/libg_nano.a(lib_a-nano-vfprintf_i.o)
                                        0xba4 (size before relaxing)
 .debug_str     0x00000000000578af       0x5b /usr/lib/gcc/arm-none-eabi/9.2.1/../../../arm-none-eabi/lib/thumb/v7-m/nofp/libg_nano.a(lib_a-memchr-stub.o)
                                        0x60a (size before relaxing)
 .debug_str     0x000000000005790a       0x4f /usr/lib/gcc/arm-none-eabi/9.2.1/../../../arm-none-eabi/lib/thumb/v7-m/nofp/libg_nano.a(lib_a-memcpy.o)
                                         0xb2 (size before relaxing)
 .debug_str     0x0000000000057959       0x56 /usr/lib/gcc/arm-none-eabi/9.2.1/../../../arm-none-eabi/lib/thumb/v7-m/nofp/libg_nano.a(lib_a-memmove.o)
                                        0x926 (size before relaxing)
 .debug_str     0x00000000000579af      0x17e /usr/lib/gcc/arm-none-eabi/9.2.1/../../../arm-none-eabi/lib/thumb/v7-m/nofp/libg_nano.a(lib_a-nano-freer.o)
                                        0x70a (size before relaxing)
 .debug_str     0x0000000000057b2d       0x32 /usr/lib/gcc/arm-none-eabi/9.2.1/../../../arm-none-eabi/lib/thumb/v7-m/nofp/libg_nano.a(lib_a-nano-mallocr.o)
                                        0x721 (size before relaxing)
 .debug_str     0x0000000000057b5f       0x23 /usr/lib/gcc/arm-none-eabi/9.2.1/../../../arm-none-eabi/lib/thumb/v7-m/nofp/libg_nano.a(lib_a-nano-reallocr.o)
                                        0x707 (size before relaxing)
 .debug_str     0x0000000000057b82       0x32 /usr/lib/gcc/arm-none-eabi/9.2.1/../../../arm-none-eabi/lib/thumb/v7-m/nofp/libg_nano.a(lib_a-sbrkr.o)
                                        0x61d (size before relaxing)
 .debug_str     0x0000000000057bb4       0x4c /usr/lib/gcc/arm-none-eabi/9.2.1/../../../arm-none-eabi/lib/thumb/v7-m/nofp/libg_nano.a(lib_a-mlock.o)
                                        0x606 (size before relaxing)
 .debug_str     0x0000000000057c00        0xf /usr/lib/gcc/arm-none-eabi/9.2.1/../../../arm-none-eabi/lib/thumb/v7-m/nofp/libg_nano.a(lib_a-nano-msizer.o)
                                        0x6e5 (size before relaxing)

.debug_loc      0x0000000000000000     0x3a02
 *(.debug_loc)
 .debug_loc     0x0000000000000000       0x15 ./system/src/newlib/_exit.o
 .debug_loc     0x0000000000000015       0x97 ./system/src/newlib/_sbrk.o
 .debug_loc     0x00000000000000ac      0x2de ./system/src/newlib/_startup.o
 .debug_loc     0x000000000000038a       0x6f ./system/src/newlib/_syscalls.o
 .debug_loc     0x00000000000003f9      0x118 ./system/src/diag/Trace.o
 .debug_loc     0x0000000000000511      0x194 ./system/src/diag/trace_impl.o
 .debug_loc     0x00000000000006a5      0x35c ./system/src/cortexm/exception_handlers.o
 .debug_loc     0x0000000000000a01       0xff ./system/src/cmsis/system_stm32f10x.o
 .debug_loc     0x0000000000000b00      0x357 ./src/Esp_program.o
 .debug_loc     0x0000000000000e57      0x603 ./src/GPIO_program.o
 .debug_loc     0x000000000000145a      0x1f0 ./src/RCC_program.o
 .debug_loc     0x000000000000164a       0x6f ./src/STk_program.o
 .debug_loc     0x00000000000016b9       0xc5 ./src/USART_program.o
 .debug_loc     0x000000000000177e       0x15 ./src/main.o
 .debug_loc     0x0000000000001793      0x231 /usr/lib/gcc/arm-none-eabi/9.2.1/../../../arm-none-eabi/lib/thumb/v7-m/nofp/libg_nano.a(lib_a-memset.o)
 .debug_loc     0x00000000000019c4       0xd1 /usr/lib/gcc/arm-none-eabi/9.2.1/../../../arm-none-eabi/lib/thumb/v7-m/nofp/libg_nano.a(lib_a-sprintf.o)
 .debug_loc     0x0000000000001a95       0x25 /usr/lib/gcc/arm-none-eabi/9.2.1/../../../arm-none-eabi/lib/thumb/v7-m/nofp/libg_nano.a(lib_a-strcpy.o)
 .debug_loc     0x0000000000001aba      0x245 /usr/lib/gcc/arm-none-eabi/9.2.1/../../../arm-none-eabi/lib/thumb/v7-m/nofp/libg_nano.a(lib_a-vsnprintf.o)
 .debug_loc     0x0000000000001cff      0x80e /usr/lib/gcc/arm-none-eabi/9.2.1/../../../arm-none-eabi/lib/thumb/v7-m/nofp/libg_nano.a(lib_a-nano-svfprintf.o)
 .debug_loc     0x000000000000250d      0x7ab /usr/lib/gcc/arm-none-eabi/9.2.1/../../../arm-none-eabi/lib/thumb/v7-m/nofp/libg_nano.a(lib_a-nano-vfprintf_i.o)
 .debug_loc     0x0000000000002cb8      0x226 /usr/lib/gcc/arm-none-eabi/9.2.1/../../../arm-none-eabi/lib/thumb/v7-m/nofp/libg_nano.a(lib_a-memchr-stub.o)
 .debug_loc     0x0000000000002ede      0x2e4 /usr/lib/gcc/arm-none-eabi/9.2.1/../../../arm-none-eabi/lib/thumb/v7-m/nofp/libg_nano.a(lib_a-memmove.o)
 .debug_loc     0x00000000000031c2      0x1f7 /usr/lib/gcc/arm-none-eabi/9.2.1/../../../arm-none-eabi/lib/thumb/v7-m/nofp/libg_nano.a(lib_a-nano-freer.o)
 .debug_loc     0x00000000000033b9      0x424 /usr/lib/gcc/arm-none-eabi/9.2.1/../../../arm-none-eabi/lib/thumb/v7-m/nofp/libg_nano.a(lib_a-nano-mallocr.o)
 .debug_loc     0x00000000000037dd      0x133 /usr/lib/gcc/arm-none-eabi/9.2.1/../../../arm-none-eabi/lib/thumb/v7-m/nofp/libg_nano.a(lib_a-nano-reallocr.o)
 .debug_loc     0x0000000000003910       0x6c /usr/lib/gcc/arm-none-eabi/9.2.1/../../../arm-none-eabi/lib/thumb/v7-m/nofp/libg_nano.a(lib_a-sbrkr.o)
 .debug_loc     0x000000000000397c       0x86 /usr/lib/gcc/arm-none-eabi/9.2.1/../../../arm-none-eabi/lib/thumb/v7-m/nofp/libg_nano.a(lib_a-nano-msizer.o)

.debug_macinfo
 *(.debug_macinfo)

.debug_weaknames
 *(.debug_weaknames)

.debug_funcnames
 *(.debug_funcnames)

.debug_typenames
 *(.debug_typenames)

.debug_varnames
 *(.debug_varnames)
OUTPUT(22-IOT.elf elf32-littlearm)
LOAD linker stubs

.debug_ranges   0x0000000000000000      0x408
 .debug_ranges  0x0000000000000000       0x18 ./system/src/newlib/_exit.o
 .debug_ranges  0x0000000000000018       0x10 ./system/src/newlib/_sbrk.o
 .debug_ranges  0x0000000000000028       0x30 ./system/src/newlib/_startup.o
 .debug_ranges  0x0000000000000058       0x20 ./system/src/newlib/_syscalls.o
 .debug_ranges  0x0000000000000078       0x28 ./system/src/diag/Trace.o
 .debug_ranges  0x00000000000000a0       0x38 ./system/src/diag/trace_impl.o
 .debug_ranges  0x00000000000000d8       0x18 ./system/src/cortexm/_initialize_hardware.o
 .debug_ranges  0x00000000000000f0       0x98 ./system/src/cortexm/exception_handlers.o
 .debug_ranges  0x0000000000000188       0x28 ./system/src/cmsis/system_stm32f10x.o
 .debug_ranges  0x00000000000001b0       0x10 ./system/src/cmsis/vectors_stm32f10x.o
 .debug_ranges  0x00000000000001c0       0x38 ./src/Esp_program.o
 .debug_ranges  0x00000000000001f8       0x30 ./src/GPIO_program.o
 .debug_ranges  0x0000000000000228       0x20 ./src/RCC_program.o
 .debug_ranges  0x0000000000000248       0x48 ./src/STk_program.o
 .debug_ranges  0x0000000000000290       0x20 ./src/USART_program.o
 .debug_ranges  0x00000000000002b0       0x10 ./src/main.o
 .debug_ranges  0x00000000000002c0       0x10 /usr/lib/gcc/arm-none-eabi/9.2.1/../../../arm-none-eabi/lib/thumb/v7-m/nofp/libg_nano.a(lib_a-strcpy.o)
 .debug_ranges  0x00000000000002d0       0x50 /usr/lib/gcc/arm-none-eabi/9.2.1/../../../arm-none-eabi/lib/thumb/v7-m/nofp/libg_nano.a(lib_a-nano-svfprintf.o)
 .debug_ranges  0x0000000000000320       0x98 /usr/lib/gcc/arm-none-eabi/9.2.1/../../../arm-none-eabi/lib/thumb/v7-m/nofp/libg_nano.a(lib_a-nano-vfprintf_i.o)
 .debug_ranges  0x00000000000003b8       0x18 /usr/lib/gcc/arm-none-eabi/9.2.1/../../../arm-none-eabi/lib/thumb/v7-m/nofp/libg_nano.a(lib_a-nano-freer.o)
 .debug_ranges  0x00000000000003d0       0x38 /usr/lib/gcc/arm-none-eabi/9.2.1/../../../arm-none-eabi/lib/thumb/v7-m/nofp/libg_nano.a(lib_a-nano-mallocr.o)

.debug_macro    0x0000000000000000     0x2bc4
 .debug_macro   0x0000000000000000      0x1ae ./system/src/newlib/_exit.o
 .debug_macro   0x00000000000001ae       0x34 ./system/src/newlib/_exit.o
 .debug_macro   0x00000000000001e2      0x10e ./system/src/newlib/_exit.o
 .debug_macro   0x00000000000002f0       0x8d ./system/src/newlib/_exit.o
 .debug_macro   0x000000000000037d       0x43 ./system/src/newlib/_exit.o
 .debug_macro   0x00000000000003c0      0x339 ./system/src/newlib/_exit.o
 .debug_macro   0x00000000000006f9       0x35 ./system/src/newlib/_exit.o
 .debug_macro   0x000000000000072e      0x163 ./system/src/newlib/_sbrk.o
 .debug_macro   0x0000000000000891      0x174 ./system/src/newlib/_sbrk.o
 .debug_macro   0x0000000000000a05       0x10 ./system/src/newlib/_sbrk.o
 .debug_macro   0x0000000000000a15      0x23b ./system/src/newlib/_sbrk.o
 .debug_macro   0x0000000000000c50      0x155 ./system/src/newlib/_startup.o
 .debug_macro   0x0000000000000da5      0x1ed ./system/src/newlib/_syscalls.o
 .debug_macro   0x0000000000000f92       0x1c ./system/src/newlib/_syscalls.o
 .debug_macro   0x0000000000000fae       0x10 ./system/src/newlib/_syscalls.o
 .debug_macro   0x0000000000000fbe       0x10 ./system/src/newlib/_syscalls.o
 .debug_macro   0x0000000000000fce       0x10 ./system/src/newlib/_syscalls.o
 .debug_macro   0x0000000000000fde       0x35 ./system/src/newlib/_syscalls.o
 .debug_macro   0x0000000000001013      0x12c ./system/src/newlib/_syscalls.o
 .debug_macro   0x000000000000113f       0xce ./system/src/newlib/_syscalls.o
 .debug_macro   0x000000000000120d      0x10c ./system/src/newlib/_syscalls.o
 .debug_macro   0x0000000000001319      0x189 ./system/src/newlib/_syscalls.o
 .debug_macro   0x00000000000014a2       0x16 ./system/src/newlib/_syscalls.o
 .debug_macro   0x00000000000014b8      0x1f5 ./system/src/diag/Trace.o
 .debug_macro   0x00000000000016ad       0x16 ./system/src/diag/Trace.o
 .debug_macro   0x00000000000016c3       0x97 ./system/src/diag/Trace.o
 .debug_macro   0x000000000000175a       0xfd ./system/src/diag/Trace.o
 .debug_macro   0x0000000000001857       0x10 ./system/src/diag/Trace.o
 .debug_macro   0x0000000000001867       0x16 ./system/src/diag/Trace.o
 .debug_macro   0x000000000000187d      0x16f ./system/src/diag/Trace.o
 .debug_macro   0x00000000000019ec       0x4c ./system/src/diag/Trace.o
 .debug_macro   0x0000000000001a38       0x16 ./system/src/diag/Trace.o
 .debug_macro   0x0000000000001a4e      0x2bc ./system/src/diag/trace_impl.o
 .debug_macro   0x0000000000001d0a       0x10 ./system/src/diag/trace_impl.o
 .debug_macro   0x0000000000001d1a       0xcf ./system/src/diag/trace_impl.o
 .debug_macro   0x0000000000001de9       0x20 ./system/src/diag/trace_impl.o
 .debug_macro   0x0000000000001e09       0xbe ./system/src/diag/trace_impl.o
 .debug_macro   0x0000000000001ec7       0x22 ./system/src/diag/trace_impl.o
 .debug_macro   0x0000000000001ee9      0x161 ./system/src/cortexm/_initialize_hardware.o
 .debug_macro   0x000000000000204a      0x314 ./system/src/cortexm/exception_handlers.o
 .debug_macro   0x000000000000235e       0x3b ./system/src/cortexm/exception_handlers.o
 .debug_macro   0x0000000000002399       0x10 ./system/src/cortexm/exception_handlers.o
 .debug_macro   0x00000000000023a9      0x164 ./system/src/cmsis/system_stm32f10x.o
 .debug_macro   0x000000000000250d       0x2a ./system/src/cmsis/vectors_stm32f10x.o
 .debug_macro   0x0000000000002537      0x1f8 ./src/Esp_program.o
 .debug_macro   0x000000000000272f       0x22 ./src/Esp_program.o
 .debug_macro   0x0000000000002751       0x34 ./src/Esp_program.o
 .debug_macro   0x0000000000002785       0x3a ./src/Esp_program.o
 .debug_macro   0x00000000000027bf       0x36 ./src/GPIO_program.o
 .debug_macro   0x00000000000027f5       0x9a ./src/GPIO_program.o
 .debug_macro   0x000000000000288f      0x12a ./src/GPIO_program.o
 .debug_macro   0x00000000000029b9       0x3f ./src/RCC_program.o
 .debug_macro   0x00000000000029f8       0x1c ./src/RCC_program.o
 .debug_macro   0x0000000000002a14       0x70 ./src/RCC_program.o
 .debug_macro   0x0000000000002a84       0x10 ./src/RCC_program.o
 .debug_macro   0x0000000000002a94       0x40 ./src/STk_program.o
 .debug_macro   0x0000000000002ad4       0x28 ./src/STk_program.o
 .debug_macro   0x0000000000002afc       0x10 ./src/STk_program.o
 .debug_macro   0x0000000000002b0c       0x3f ./src/USART_program.o
 .debug_macro   0x0000000000002b4b       0x1c ./src/USART_program.o
 .debug_macro   0x0000000000002b67       0x10 ./src/USART_program.o
 .debug_macro   0x0000000000002b77       0x4d ./src/main.o
