Archive member included to satisfy reference by file (symbol)

d:/courses/imt/arm/imt_arm_course/02- tools/03- imt sdk/imt_sdk_win_64/winarm/armgcc/bin/../lib/gcc/arm-none-eabi/7.2.1/../../../../arm-none-eabi/lib/thumb/v7-m\libg_nano.a(lib_a-errno.o)
                              ./system/src/newlib/_sbrk.o (__errno)
d:/courses/imt/arm/imt_arm_course/02- tools/03- imt sdk/imt_sdk_win_64/winarm/armgcc/bin/../lib/gcc/arm-none-eabi/7.2.1/../../../../arm-none-eabi/lib/thumb/v7-m\libg_nano.a(lib_a-impure.o)
                              d:/courses/imt/arm/imt_arm_course/02- tools/03- imt sdk/imt_sdk_win_64/winarm/armgcc/bin/../lib/gcc/arm-none-eabi/7.2.1/../../../../arm-none-eabi/lib/thumb/v7-m\libg_nano.a(lib_a-errno.o) (_impure_ptr)
d:/courses/imt/arm/imt_arm_course/02- tools/03- imt sdk/imt_sdk_win_64/winarm/armgcc/bin/../lib/gcc/arm-none-eabi/7.2.1/../../../../arm-none-eabi/lib/thumb/v7-m\libg_nano.a(lib_a-memcpy-stub.o)
                              ./RTOS/Source/queue.o (memcpy)
d:/courses/imt/arm/imt_arm_course/02- tools/03- imt sdk/imt_sdk_win_64/winarm/armgcc/bin/../lib/gcc/arm-none-eabi/7.2.1/../../../../arm-none-eabi/lib/thumb/v7-m\libg_nano.a(lib_a-memset.o)
                              ./RTOS/Source/stream_buffer.o (memset)
d:/courses/imt/arm/imt_arm_course/02- tools/03- imt sdk/imt_sdk_win_64/winarm/armgcc/bin/../lib/gcc/arm-none-eabi/7.2.1/../../../../arm-none-eabi/lib/thumb/v7-m\libg_nano.a(lib_a-sprintf.o)
                              ./src/main.o (sprintf)
d:/courses/imt/arm/imt_arm_course/02- tools/03- imt sdk/imt_sdk_win_64/winarm/armgcc/bin/../lib/gcc/arm-none-eabi/7.2.1/../../../../arm-none-eabi/lib/thumb/v7-m\libg_nano.a(lib_a-strlen.o)
                              ./system/src/diag/Trace.o (strlen)
d:/courses/imt/arm/imt_arm_course/02- tools/03- imt sdk/imt_sdk_win_64/winarm/armgcc/bin/../lib/gcc/arm-none-eabi/7.2.1/../../../../arm-none-eabi/lib/thumb/v7-m\libg_nano.a(lib_a-vsnprintf.o)
                              ./system/src/diag/Trace.o (vsnprintf)
d:/courses/imt/arm/imt_arm_course/02- tools/03- imt sdk/imt_sdk_win_64/winarm/armgcc/bin/../lib/gcc/arm-none-eabi/7.2.1/../../../../arm-none-eabi/lib/thumb/v7-m\libg_nano.a(lib_a-nano-svfprintf.o)
                              d:/courses/imt/arm/imt_arm_course/02- tools/03- imt sdk/imt_sdk_win_64/winarm/armgcc/bin/../lib/gcc/arm-none-eabi/7.2.1/../../../../arm-none-eabi/lib/thumb/v7-m\libg_nano.a(lib_a-sprintf.o) (_svfprintf_r)
d:/courses/imt/arm/imt_arm_course/02- tools/03- imt sdk/imt_sdk_win_64/winarm/armgcc/bin/../lib/gcc/arm-none-eabi/7.2.1/../../../../arm-none-eabi/lib/thumb/v7-m\libg_nano.a(lib_a-nano-vfprintf_i.o)
                              d:/courses/imt/arm/imt_arm_course/02- tools/03- imt sdk/imt_sdk_win_64/winarm/armgcc/bin/../lib/gcc/arm-none-eabi/7.2.1/../../../../arm-none-eabi/lib/thumb/v7-m\libg_nano.a(lib_a-nano-svfprintf.o) (_printf_i)
d:/courses/imt/arm/imt_arm_course/02- tools/03- imt sdk/imt_sdk_win_64/winarm/armgcc/bin/../lib/gcc/arm-none-eabi/7.2.1/../../../../arm-none-eabi/lib/thumb/v7-m\libg_nano.a(lib_a-memchr-stub.o)
                              d:/courses/imt/arm/imt_arm_course/02- tools/03- imt sdk/imt_sdk_win_64/winarm/armgcc/bin/../lib/gcc/arm-none-eabi/7.2.1/../../../../arm-none-eabi/lib/thumb/v7-m\libg_nano.a(lib_a-nano-svfprintf.o) (memchr)
d:/courses/imt/arm/imt_arm_course/02- tools/03- imt sdk/imt_sdk_win_64/winarm/armgcc/bin/../lib/gcc/arm-none-eabi/7.2.1/../../../../arm-none-eabi/lib/thumb/v7-m\libg_nano.a(lib_a-memmove.o)
                              d:/courses/imt/arm/imt_arm_course/02- tools/03- imt sdk/imt_sdk_win_64/winarm/armgcc/bin/../lib/gcc/arm-none-eabi/7.2.1/../../../../arm-none-eabi/lib/thumb/v7-m\libg_nano.a(lib_a-nano-svfprintf.o) (memmove)
d:/courses/imt/arm/imt_arm_course/02- tools/03- imt sdk/imt_sdk_win_64/winarm/armgcc/bin/../lib/gcc/arm-none-eabi/7.2.1/../../../../arm-none-eabi/lib/thumb/v7-m\libg_nano.a(lib_a-nano-freer.o)
                              d:/courses/imt/arm/imt_arm_course/02- tools/03- imt sdk/imt_sdk_win_64/winarm/armgcc/bin/../lib/gcc/arm-none-eabi/7.2.1/../../../../arm-none-eabi/lib/thumb/v7-m\libg_nano.a(lib_a-nano-svfprintf.o) (_free_r)
d:/courses/imt/arm/imt_arm_course/02- tools/03- imt sdk/imt_sdk_win_64/winarm/armgcc/bin/../lib/gcc/arm-none-eabi/7.2.1/../../../../arm-none-eabi/lib/thumb/v7-m\libg_nano.a(lib_a-nano-mallocr.o)
                              d:/courses/imt/arm/imt_arm_course/02- tools/03- imt sdk/imt_sdk_win_64/winarm/armgcc/bin/../lib/gcc/arm-none-eabi/7.2.1/../../../../arm-none-eabi/lib/thumb/v7-m\libg_nano.a(lib_a-nano-svfprintf.o) (_malloc_r)
d:/courses/imt/arm/imt_arm_course/02- tools/03- imt sdk/imt_sdk_win_64/winarm/armgcc/bin/../lib/gcc/arm-none-eabi/7.2.1/../../../../arm-none-eabi/lib/thumb/v7-m\libg_nano.a(lib_a-nano-reallocr.o)
[...]
Memory Configuration

Name             Origin             Length             Attributes
RAM              0x20000000         0x00005000         xrw
CCMRAM           0x00000000         0x00000000         xrw
FLASH            0x08000000         0x00010000         xr
FLASHB1          0x00000000         0x00000000         xr
EXTMEMB0         0x00000000         0x00000000         xr
EXTMEMB1         0x00000000         0x00000000         xr
EXTMEMB2         0x00000000         0x00000000         xr
EXTMEMB3         0x00000000         0x00000000         xr
MEMORY_ARRAY     0x00000000         0x00000000         xrw
*default*        0x00000000         0xffffffff

Linker script and memory map

LOAD ./system/src/stm32f1-stdperiph/misc.o
LOAD ./system/src/stm32f1-stdperiph/stm32f10x_gpio.o
LOAD ./system/src/stm32f1-stdperiph/stm32f10x_rcc.o
LOAD ./system/src/newlib/_cxx.o
LOAD ./system/src/newlib/_exit.o
LOAD ./system/src/newlib/_sbrk.o
LOAD ./system/src/newlib/_startup.o
LOAD ./system/src/newlib/_syscalls.o
LOAD ./system/src/newlib/assert.o
LOAD ./system/src/diag/Trace.o
LOAD ./system/src/diag/trace_impl.o
LOAD ./system/src/cortexm/_initialize_hardware.o
LOAD ./system/src/cortexm/_reset_hardware.o
LOAD ./system/src/cortexm/exception_handlers.o
LOAD ./system/src/cmsis/system_stm32f10x.o
LOAD ./system/src/cmsis/vectors_stm32f10x.o
LOAD ./src/ACTIM1_program.o
LOAD ./src/AFIO_program.o
LOAD ./src/EXTI_program.o
LOAD ./src/GPIO_program.o
LOAD ./src/GPTIM _program.o
LOAD ./src/NVICprogram.o
LOAD ./src/RCC_program.o
LOAD ./src/Tasks_program.o
LOAD ./src/USART_program.o
LOAD ./src/main.o
LOAD ./RTOS/Source/portable/MemMang/heap_4.o
LOAD ./RTOS/Source/portable/GCC/ARM_CM3/port.o
LOAD ./RTOS/Source/croutine.o
LOAD ./RTOS/Source/event_groups.o
LOAD ./RTOS/Source/list.o
LOAD ./RTOS/Source/queue.o
LOAD ./RTOS/Source/stream_buffer.o
LOAD ./RTOS/Source/tasks.o
LOAD ./RTOS/Source/timers.o
LOAD d:/courses/imt/arm/imt_arm_course/02- tools/03- imt sdk/imt_sdk_win_64/winarm/armgcc/bin/../lib/gcc/arm-none-eabi/7.2.1/../../../../arm-none-eabi/lib/thumb/v7-m\libstdc++_nano.a
LOAD d:/courses/imt/arm/imt_arm_course/02- tools/03- imt sdk/imt_sdk_win_64/winarm/armgcc/bin/../lib/gcc/arm-none-eabi/7.2.1/../../../../arm-none-eabi/lib/thumb/v7-m\libm.a
START GROUP
LOAD d:/courses/imt/arm/imt_arm_course/02- tools/03- imt sdk/imt_sdk_win_64/winarm/armgcc/bin/../lib/gcc/arm-none-eabi/7.2.1/thumb/v7-m\libgcc.a
LOAD d:/courses/imt/arm/imt_arm_course/02- tools/03- imt sdk/imt_sdk_win_64/winarm/armgcc/bin/../lib/gcc/arm-none-eabi/7.2.1/../../../../arm-none-eabi/lib/thumb/v7-m\libg_nano.a
LOAD d:/courses/imt/arm/imt_arm_course/02- tools/03- imt sdk/imt_sdk_win_64/winarm/armgcc/bin/../lib/gcc/arm-none-eabi/7.2.1/../../../../arm-none-eabi/lib/thumb/v7-m\libc_nano.a
END GROUP
START GROUP
LOAD d:/courses/imt/arm/imt_arm_course/02- tools/03- imt sdk/imt_sdk_win_64/winarm/armgcc/bin/../lib/gcc/arm-none-eabi/7.2.1/thumb/v7-m\libgcc.a
LOAD d:/courses/imt/arm/imt_arm_course/02- tools/03- imt sdk/imt_sdk_win_64/winarm/armgcc/bin/../lib/gcc/arm-none-eabi/7.2.1/../../../../arm-none-eabi/lib/thumb/v7-m\libc_nano.a
END GROUP
                0x20005000                __stack = (ORIGIN (RAM) + LENGTH (RAM))
                0x20005000                _estack = __stack
                0x00000400                __Main_Stack_Size = 0x400
                [!provide]                PROVIDE (_Main_Stack_Size, __Main_Stack_Size)
                0x20004c00                __Main_Stack_Limit = (__stack - __Main_Stack_Size)
                [!provide]                PROVIDE (_Main_Stack_Limit, __Main_Stack_Limit)
                0x00000100                _Minimum_Stack_Size = 0x100
                0x200046bc                PROVIDE (_Heap_Begin, _end_noinit)
                0x20004c00                PROVIDE (_Heap_Limit, (__stack - __Main_Stack_Size))

.isr_vector     0x08000000      0x350
 FILL mask 0xff
                0x08000000                __vectors_start = ABSOLUTE (.)
                0x08000000                __vectors_start__ = ABSOLUTE (.)
 *(.isr_vector)
 .isr_vector    0x08000000      0x10c ./system/src/cmsis/vectors_stm32f10x.o
                0x08000000                __isr_vectors
 *(.cfmconfig)
 *(.after_vectors .after_vectors.*)
 .after_vectors
                0x0800010c      0x114 ./system/src/newlib/_startup.o
                0x0800010c                _start
 .after_vectors
                0x08000220      0x12c ./system/src/cortexm/exception_handlers.o
                0x08000220                Reset_Handler
                0x08000226                NMI_Handler
                0x0800022a                HardFault_Handler
                0x0800023e                HardFault_Handler_C
                0x0800029c                MemManage_Handler
                0x080002a0                BusFault_Handler
                0x080002b4                BusFault_Handler_C
                0x080002e8                UsageFault_Handler
                0x080002fc                UsageFault_Handler_C
                0x08000330                SVC_Handler
                0x08000334                DebugMon_Handler
                0x08000338                PendSV_Handler
                0x0800033c                SysTick_Handler
 .after_vectors
                0x0800034c        0x4 ./system/src/cmsis/vectors_stm32f10x.o
                0x0800034c                EXTI2_IRQHandler
                0x0800034c                TIM8_TRG_COM_IRQHandler
                0x0800034c                TIM8_CC_IRQHandler
                0x0800034c                TIM1_CC_IRQHandler
                0x0800034c                TIM6_IRQHandler
                0x0800034c                PVD_IRQHandler
                0x0800034c                SDIO_IRQHandler
                0x0800034c                CAN2_RX1_IRQHandler
                0x0800034c                EXTI3_IRQHandler
                0x0800034c                TIM8_TRG_COM_TIM14_IRQHandler
                0x0800034c                TIM1_UP_TIM10_IRQHandler
                0x0800034c                TIM8_UP_TIM13_IRQHandler
                0x0800034c                I2C2_EV_IRQHandler
                0x0800034c                CAN1_RX0_IRQHandler
                0x0800034c                TIM1_UP_TIM16_IRQHandler
                0x0800034c                CAN2_SCE_IRQHandler
                0x0800034c                ADC1_2_IRQHandler
                0x0800034c                SPI1_IRQHandler
                0x0800034c                TAMPER_IRQHandler
                0x0800034c                TIM6_DAC_IRQHandler
                0x0800034c                TIM1_BRK_TIM9_IRQHandler
                0x0800034c                CAN2_RX0_IRQHandler
                0x0800034c                TIM8_UP_IRQHandler
                0x0800034c                DMA2_Channel2_IRQHandler
                0x0800034c                DMA1_Channel4_IRQHandler
                0x0800034c                USART3_IRQHandler
                0x0800034c                RTC_IRQHandler
                0x0800034c                DMA1_Channel7_IRQHandler
                0x0800034c                CAN1_RX1_IRQHandler
                0x0800034c                UART5_IRQHandler
                0x0800034c                ADC3_IRQHandler
                0x0800034c                DMA2_Channel1_IRQHandler
                0x0800034c                I2C1_EV_IRQHandler
                0x0800034c                DMA1_Channel6_IRQHandler
                0x0800034c                UART4_IRQHandler
                0x0800034c                DMA2_Channel4_IRQHandler
                0x0800034c                RCC_IRQHandler
                0x0800034c                TIM8_BRK_TIM12_IRQHandler
                0x0800034c                TIM1_TRG_COM_IRQHandler
                0x0800034c                DMA1_Channel1_IRQHandler
                0x0800034c                Default_Handler
                0x0800034c                CEC_IRQHandler
                0x0800034c                EXTI15_10_IRQHandler
                0x0800034c                TIM14_IRQHandler
                0x0800034c                TIM13_IRQHandler
                0x0800034c                TIM12_IRQHandler
                0x0800034c                TIM7_IRQHandler
                0x0800034c                CAN2_TX_IRQHandler
                0x0800034c                TIM5_IRQHandler
                0x0800034c                EXTI9_5_IRQHandler
                0x0800034c                ETH_WKUP_IRQHandler
                0x0800034c                SPI2_IRQHandler
                0x0800034c                CAN1_TX_IRQHandler
                0x0800034c                DMA2_Channel5_IRQHandler
                0x0800034c                DMA1_Channel5_IRQHandler
                0x0800034c                EXTI4_IRQHandler
                0x0800034c                USB_LP_CAN1_RX0_IRQHandler
                0x0800034c                TIM1_TRG_COM_TIM17_IRQHandler
                0x0800034c                USB_HP_CAN1_TX_IRQHandler
                0x0800034c                DMA1_Channel3_IRQHandler
                0x0800034c                FSMC_IRQHandler
                0x0800034c                ETH_IRQHandler
                0x0800034c                WWDG_IRQHandler
                0x0800034c                OTG_FS_WKUP_IRQHandler
                0x0800034c                TIM1_TRG_COM_TIM11_IRQHandler
                0x0800034c                TIM1_BRK_IRQHandler
                0x0800034c                EXTI1_IRQHandler
                0x0800034c                RTCAlarm_IRQHandler
                0x0800034c                DMA2_Channel4_5_IRQHandler
                0x0800034c                USART2_IRQHandler
                0x0800034c                I2C2_ER_IRQHandler
                0x0800034c                DMA1_Channel2_IRQHandler
                0x0800034c                TIM8_BRK_IRQHandler
                0x0800034c                CAN1_SCE_IRQHandler
                0x0800034c                FLASH_IRQHandler
                0x0800034c                USART1_IRQHandler
                0x0800034c                OTG_FS_IRQHandler
                0x0800034c                SPI3_IRQHandler
                0x0800034c                I2C1_ER_IRQHandler
                0x0800034c                USBWakeUp_IRQHandler
                0x0800034c                DMA2_Channel3_IRQHandler
                0x0800034c                TIM1_BRK_TIM15_IRQHandler

.inits          0x08000350       0x28
                0x08000350                __data_regions_array_start = .
                0x08000350        0x4 LONG 0x8002a88 LOADADDR (.data)
                0x08000354        0x4 LONG 0x20000000 ADDR (.data)
                0x08000358        0x4 LONG 0x20000094 (ADDR (.data) + SIZEOF (.data))
                0x0800035c        0x4 LONG 0x8002a88 LOADADDR (.data_CCMRAM)
                0x08000360        0x4 LONG 0x0 ADDR (.data_CCMRAM)
                0x08000364        0x4 LONG 0x0 (ADDR (.data_CCMRAM) + SIZEOF (.data_CCMRAM))
                0x08000368                __data_regions_array_end = .
                0x08000368                __bss_regions_array_start = .
                0x08000368        0x4 LONG 0x20000094 ADDR (.bss)
                0x0800036c        0x4 LONG 0x200046bc (ADDR (.bss) + SIZEOF (.bss))
                0x08000370        0x4 LONG 0x0 ADDR (.bss_CCMRAM)
                0x08000374        0x4 LONG 0x0 (ADDR (.bss_CCMRAM) + SIZEOF (.bss_CCMRAM))
                0x08000378                __bss_regions_array_end = .
 *(.init)
 *(.fini)
                0x08000378                . = ALIGN (0x4)
                0x08000378                PROVIDE (__preinit_array_start, .)
 *(.preinit_array_sysinit .preinit_array_sysinit.*)
 *(.preinit_array_platform .preinit_array_platform.*)
 *(.preinit_array .preinit_array.*)
                0x08000378                PROVIDE (__preinit_array_end, .)
                0x08000378                . = ALIGN (0x4)
                0x08000378                PROVIDE (__init_array_start, .)
 *(SORT_BY_NAME(.init_array.*))
 *(.init_array)
                0x08000378                PROVIDE (__init_array_end, .)
                0x08000378                . = ALIGN (0x4)
                0x08000378                PROVIDE (__fini_array_start, .)
 *(SORT_BY_NAME(.fini_array.*))
 *(.fini_array)
                0x08000378                PROVIDE (__fini_array_end, .)

.flashtext
 *(.flashtext .flashtext.*)

.text           0x08000378     0x270f
 *(.text .text.*)
 .text._exit    0x08000378        0x2 ./system/src/newlib/_exit.o
                0x08000378                _exit
 *fill*         0x0800037a        0x2 
 .text._sbrk    0x0800037c       0x44 ./system/src/newlib/_sbrk.o
                0x0800037c                _sbrk
 .text.__initialize_args
                0x080003c0       0x10 ./system/src/newlib/_syscalls.o
                0x080003c0                __initialize_args
 .text.trace_printf
                0x080003d0       0x30 ./system/src/diag/Trace.o
                0x080003d0                trace_printf
 .text._trace_write_semihosting_debug
                0x08000400       0x60 ./system/src/diag/trace_impl.o
 .text.trace_write
                0x08000460        0x8 ./system/src/diag/trace_impl.o
                0x08000460                trace_write
 .text.__initialize_hardware_early
                0x08000468       0x18 ./system/src/cortexm/_initialize_hardware.o
                0x08000468                __initialize_hardware_early
 .text.__initialize_hardware
                0x08000480        0x8 ./system/src/cortexm/_initialize_hardware.o
                0x08000480                __initialize_hardware
 .text.dumpExceptionStack
                0x08000488       0xf4 ./system/src/cortexm/exception_handlers.o
                0x08000488                dumpExceptionStack
 .text.isSemihosting
                0x0800057c       0x20 ./system/src/cortexm/exception_handlers.o
                0x0800057c                isSemihosting
 .text.SetSysClockTo72
                0x0800059c       0xc4 ./system/src/cmsis/system_stm32f10x.o
 .text.SetSysClock
                0x08000660        0x8 ./system/src/cmsis/system_stm32f10x.o
 .text.SystemInit
                0x08000668       0x50 ./system/src/cmsis/system_stm32f10x.o
                0x08000668                SystemInit
 .text.SystemCoreClockUpdate
                0x080006b8       0x94 ./system/src/cmsis/system_stm32f10x.o
                0x080006b8                SystemCoreClockUpdate
 .text.TIM1_UP_IRQHandler
                0x0800074c       0xd8 ./src/ACTIM1_program.o
                0x0800074c                TIM1_UP_IRQHandler
 .text.EXTI0_IRQHandler
                0x08000824       0x1c ./src/EXTI_program.o
                0x08000824                EXTI0_IRQHandler
 .text.MGPIO_VoidSetPinDirection
                0x08000840       0xe8 ./src/GPIO_program.o
                0x08000840                MGPIO_VoidSetPinDirection
 .text.MGPIO_voidTogglePin
                0x08000928       0x48 ./src/GPIO_program.o
                0x08000928                MGPIO_voidTogglePin
 .text.MGPIO_u8GetPinValue
                0x08000970       0x40 ./src/GPIO_program.o
                0x08000970                MGPIO_u8GetPinValue
 .text.TIM2_IRQHandler
                0x080009b0       0xe0 ./src/GPTIM _program.o
                0x080009b0                TIM2_IRQHandler
 .text.TIM3_IRQHandler
                0x08000a90       0xd8 ./src/GPTIM _program.o
                0x08000a90                TIM3_IRQHandler
 .text.TIM4_IRQHandler
                0x08000b68       0xd8 ./src/GPTIM _program.o
                0x08000b68                TIM4_IRQHandler
 .text.MRCC_voidInitSysClock
                0x08000c40       0x20 ./src/RCC_program.o
                0x08000c40                MRCC_voidInitSysClock
 .text.MRCC_voidEnableClock
                0x08000c60       0x4c ./src/RCC_program.o
                0x08000c60                MRCC_voidEnableClock
 .text.vButton_Handler
                0x08000cac       0x58 ./src/main.o
                0x08000cac                vButton_Handler
 .text.vLed_Handler
                0x08000d04       0x28 ./src/main.o
                0x08000d04                vLed_Handler
 .text.vLed_Handler2
                0x08000d2c       0x28 ./src/main.o
                0x08000d2c                vLed_Handler2
 .text.main     0x08000d54       0xa4 ./src/main.o
                0x08000d54                main
 .text.prvHeapInit
                0x08000df8       0x64 ./RTOS/Source/portable/MemMang/heap_4.o
 .text.prvInsertBlockIntoFreeList
                0x08000e5c       0x58 ./RTOS/Source/portable/MemMang/heap_4.o
 .text.pvPortMalloc
                0x08000eb4       0xcc ./RTOS/Source/portable/MemMang/heap_4.o
                0x08000eb4                pvPortMalloc
 .text.vPortFree
                0x08000f80       0x58 ./RTOS/Source/portable/MemMang/heap_4.o
                0x08000f80                vPortFree
 .text.prvTaskExitError
                0x08000fd8       0x20 ./RTOS/Source/portable/GCC/ARM_CM3/port.o
 .text.prvPortStartFirstTask
                0x08000ff8       0x20 ./RTOS/Source/portable/GCC/ARM_CM3/port.o
 .text.pxPortInitialiseStack
                0x08001018       0x24 ./RTOS/Source/portable/GCC/ARM_CM3/port.o
                0x08001018                pxPortInitialiseStack
 .text.vPortEnterCritical
                0x0800103c       0x20 ./RTOS/Source/portable/GCC/ARM_CM3/port.o
                0x0800103c                vPortEnterCritical
 .text.vPortExitCritical
                0x0800105c       0x14 ./RTOS/Source/portable/GCC/ARM_CM3/port.o
                0x0800105c                vPortExitCritical
 .text.vPortSetupTimerInterrupt
                0x08001070       0x24 ./RTOS/Source/portable/GCC/ARM_CM3/port.o
                0x08001070                vPortSetupTimerInterrupt
 .text.xPortStartScheduler
                0x08001094       0x38 ./RTOS/Source/portable/GCC/ARM_CM3/port.o
                0x08001094                xPortStartScheduler
 .text.vListInitialise
                0x080010cc       0x16 ./RTOS/Source/list.o
                0x080010cc                vListInitialise
 .text.vListInitialiseItem
                0x080010e2        0x6 ./RTOS/Source/list.o
                0x080010e2                vListInitialiseItem
 .text.vListInsertEnd
                0x080010e8       0x18 ./RTOS/Source/list.o
                0x080010e8                vListInsertEnd
 .text.vListInsert
                0x08001100       0x34 ./RTOS/Source/list.o
                0x08001100                vListInsert
 .text.uxListRemove
                0x08001134       0x28 ./RTOS/Source/list.o
                0x08001134                uxListRemove
 .text.prvGetDisinheritPriorityAfterTimeout
                0x0800115c       0x12 ./RTOS/Source/queue.o
 .text.prvIsQueueFull
                0x0800116e       0x1e ./RTOS/Source/queue.o
 .text.prvIsQueueEmpty
                0x0800118c       0x1a ./RTOS/Source/queue.o
 .text.prvCopyDataToQueue
                0x080011a6       0x76 ./RTOS/Source/queue.o
 .text.prvCopyDataFromQueue
                0x0800121c       0x24 ./RTOS/Source/queue.o
 .text.prvUnlockQueue
                0x08001240       0x6e ./RTOS/Source/queue.o
 *fill*         0x080012ae        0x2 
 .text.xQueueGenericReset
                0x080012b0       0x70 ./RTOS/Source/queue.o
                0x080012b0                xQueueGenericReset
 .text.prvInitialiseNewQueue
                0x08001320       0x1c ./RTOS/Source/queue.o
 .text.xQueueGenericCreate
                0x0800133c       0x2e ./RTOS/Source/queue.o
                0x0800133c                xQueueGenericCreate
 *fill*         0x0800136a        0x2 
 .text.xQueueGenericSend
                0x0800136c      0x118 ./RTOS/Source/queue.o
                0x0800136c                xQueueGenericSend
 .text.xQueueReceive
                0x08001484      0x10c ./RTOS/Source/queue.o
                0x08001484                xQueueReceive
 .text.xQueueSemaphoreTake
                0x08001590      0x148 ./RTOS/Source/queue.o
                0x08001590                xQueueSemaphoreTake
 .text.prvResetNextTaskUnblockTime
                0x080016d8       0x28 ./RTOS/Source/tasks.o
 .text.prvDeleteTCB
                0x08001700       0x12 ./RTOS/Source/tasks.o
 .text.prvInitialiseNewTask
                0x08001712       0x9e ./RTOS/Source/tasks.o
 .text.prvInitialiseTaskLists
                0x080017b0       0x68 ./RTOS/Source/tasks.o
 .text.prvAddNewTaskToReadyList
                0x08001818       0xa8 ./RTOS/Source/tasks.o
 .text.prvCheckTasksWaitingTermination
                0x080018c0       0x4c ./RTOS/Source/tasks.o
 .text.prvIdleTask
                0x0800190c       0x28 ./RTOS/Source/tasks.o
 .text.prvAddCurrentTaskToDelayedList
                0x08001934       0x98 ./RTOS/Source/tasks.o
 .text.xTaskCreate
                0x080019cc       0x62 ./RTOS/Source/tasks.o
                0x080019cc                xTaskCreate
 *fill*         0x08001a2e        0x2 
 .text.vTaskStartScheduler
                0x08001a30       0x6c ./RTOS/Source/tasks.o
                0x08001a30                vTaskStartScheduler
 .text.vTaskSuspendAll
                0x08001a9c       0x10 ./RTOS/Source/tasks.o
                0x08001a9c                vTaskSuspendAll
 .text.xTaskIncrementTick
                0x08001aac      0x100 ./RTOS/Source/tasks.o
                0x08001aac                xTaskIncrementTick
 .text.xTaskResumeAll
                0x08001bac       0xe4 ./RTOS/Source/tasks.o
                0x08001bac                xTaskResumeAll
 .text.vTaskDelay
                0x08001c90       0x34 ./RTOS/Source/tasks.o
                0x08001c90                vTaskDelay
 .text.vTaskSwitchContext
                0x08001cc4       0x7c ./RTOS/Source/tasks.o
                0x08001cc4                vTaskSwitchContext
 .text.vTaskPlaceOnEventList
                0x08001d40       0x1c ./RTOS/Source/tasks.o
                0x08001d40                vTaskPlaceOnEventList
 .text.xTaskRemoveFromEventList
                0x08001d5c       0x78 ./RTOS/Source/tasks.o
                0x08001d5c                xTaskRemoveFromEventList
 .text.vTaskInternalSetTimeOutState
                0x08001dd4       0x18 ./RTOS/Source/tasks.o
                0x08001dd4                vTaskInternalSetTimeOutState
 .text.xTaskCheckForTimeOut
                0x08001dec       0x5c ./RTOS/Source/tasks.o
                0x08001dec                xTaskCheckForTimeOut
 .text.vTaskMissedYield
                0x08001e48        0xc ./RTOS/Source/tasks.o
                0x08001e48                vTaskMissedYield
 .text.xTaskPriorityInherit
                0x08001e54       0xac ./RTOS/Source/tasks.o
                0x08001e54                xTaskPriorityInherit
 .text.xTaskPriorityDisinherit
                0x08001f00       0x74 ./RTOS/Source/tasks.o
                0x08001f00                xTaskPriorityDisinherit
 .text.vTaskPriorityDisinheritAfterTimeout
                0x08001f74       0x84 ./RTOS/Source/tasks.o
                0x08001f74                vTaskPriorityDisinheritAfterTimeout
 .text.pvTaskIncrementMutexHeldCount
                0x08001ff8       0x1c ./RTOS/Source/tasks.o
                0x08001ff8                pvTaskIncrementMutexHeldCount
 .text.__errno  0x08002014        0xc d:/courses/imt/arm/imt_arm_course/02- tools/03- imt sdk/imt_sdk_win_64/winarm/armgcc/bin/../lib/gcc/arm-none-eabi/7.2.1/../../../../arm-none-eabi/lib/thumb/v7-m\libg_nano.a(lib_a-errno.o)
                0x08002014                __errno
 .text.memcpy   0x08002020       0x16 d:/courses/imt/arm/imt_arm_course/02- tools/03- imt sdk/imt_sdk_win_64/winarm/armgcc/bin/../lib/gcc/arm-none-eabi/7.2.1/../../../../arm-none-eabi/lib/thumb/v7-m\libg_nano.a(lib_a-memcpy-stub.o)
                0x08002020                memcpy
 .text.memset   0x08002036       0x10 d:/courses/imt/arm/imt_arm_course/02- tools/03- imt sdk/imt_sdk_win_64/winarm/armgcc/bin/../lib/gcc/arm-none-eabi/7.2.1/../../../../arm-none-eabi/lib/thumb/v7-m\libg_nano.a(lib_a-memset.o)
                0x08002036                memset
 *fill*         0x08002046        0x2 
 .text.sprintf  0x08002048       0x40 d:/courses/imt/arm/imt_arm_course/02- tools/03- imt sdk/imt_sdk_win_64/winarm/armgcc/bin/../lib/gcc/arm-none-eabi/7.2.1/../../../../arm-none-eabi/lib/thumb/v7-m\libg_nano.a(lib_a-sprintf.o)
                0x08002048                siprintf
                0x08002048                sprintf
 .text._vsnprintf_r
                0x08002088       0x58 d:/courses/imt/arm/imt_arm_course/02- tools/03- imt sdk/imt_sdk_win_64/winarm/armgcc/bin/../lib/gcc/arm-none-eabi/7.2.1/../../../../arm-none-eabi/lib/thumb/v7-m\libg_nano.a(lib_a-vsnprintf.o)
                0x08002088                _vsniprintf_r
                0x08002088                _vsnprintf_r
 .text.vsnprintf
                0x080020e0       0x1c d:/courses/imt/arm/imt_arm_course/02- tools/03- imt sdk/imt_sdk_win_64/winarm/armgcc/bin/../lib/gcc/arm-none-eabi/7.2.1/../../../../arm-none-eabi/lib/thumb/v7-m\libg_nano.a(lib_a-vsnprintf.o)
                0x080020e0                vsniprintf
                0x080020e0                vsnprintf
 .text.__ssputs_r
                0x080020fc       0xb4 d:/courses/imt/arm/imt_arm_course/02- tools/03- imt sdk/imt_sdk_win_64/winarm/armgcc/bin/../lib/gcc/arm-none-eabi/7.2.1/../../../../arm-none-eabi/lib/thumb/v7-m\libg_nano.a(lib_a-nano-svfprintf.o)
                0x080020fc                __ssputs_r
 .text._svfprintf_r
                0x080021b0      0x1ec d:/courses/imt/arm/imt_arm_course/02- tools/03- imt sdk/imt_sdk_win_64/winarm/armgcc/bin/../lib/gcc/arm-none-eabi/7.2.1/../../../../arm-none-eabi/lib/thumb/v7-m\libg_nano.a(lib_a-nano-svfprintf.o)
                0x080021b0                _svfiprintf_r
                0x080021b0                _svfprintf_r
 .text._printf_common
                0x0800239c       0xec d:/courses/imt/arm/imt_arm_course/02- tools/03- imt sdk/imt_sdk_win_64/winarm/armgcc/bin/../lib/gcc/arm-none-eabi/7.2.1/../../../../arm-none-eabi/lib/thumb/v7-m\libg_nano.a(lib_a-nano-vfprintf_i.o)
                0x0800239c                _printf_common
 .text._printf_i
                0x08002488      0x224 d:/courses/imt/arm/imt_arm_course/02- tools/03- imt sdk/imt_sdk_win_64/winarm/armgcc/bin/../lib/gcc/arm-none-eabi/7.2.1/../../../../arm-none-eabi/lib/thumb/v7-m\libg_nano.a(lib_a-nano-vfprintf_i.o)
                0x08002488                _printf_i
 .text.memchr   0x080026ac       0x1c d:/courses/imt/arm/imt_arm_course/02- tools/03- imt sdk/imt_sdk_win_64/winarm/armgcc/bin/../lib/gcc/arm-none-eabi/7.2.1/../../../../arm-none-eabi/lib/thumb/v7-m\libg_nano.a(lib_a-memchr-stub.o)
                0x080026ac                memchr
 .text.memmove  0x080026c8       0x32 d:/courses/imt/arm/imt_arm_course/02- tools/03- imt sdk/imt_sdk_win_64/winarm/armgcc/bin/../lib/gcc/arm-none-eabi/7.2.1/../../../../arm-none-eabi/lib/thumb/v7-m\libg_nano.a(lib_a-memmove.o)
                0x080026c8                memmove
 *fill*         0x080026fa        0x2 
 .text._free_r  0x080026fc       0x98 d:/courses/imt/arm/imt_arm_course/02- tools/03- imt sdk/imt_sdk_win_64/winarm/armgcc/bin/../lib/gcc/arm-none-eabi/7.2.1/../../../../arm-none-eabi/lib/thumb/v7-m\libg_nano.a(lib_a-nano-freer.o)
                0x080026fc                _free_r
 .text._malloc_r
                0x08002794       0xb4 d:/courses/imt/arm/imt_arm_course/02- tools/03- imt sdk/imt_sdk_win_64/winarm/armgcc/bin/../lib/gcc/arm-none-eabi/7.2.1/../../../../arm-none-eabi/lib/thumb/v7-m\libg_nano.a(lib_a-nano-mallocr.o)
                0x08002794                _malloc_r
 .text._realloc_r
                0x08002848       0x4c d:/courses/imt/arm/imt_arm_course/02- tools/03- imt sdk/imt_sdk_win_64/winarm/armgcc/bin/../lib/gcc/arm-none-eabi/7.2.1/../../../../arm-none-eabi/lib/thumb/v7-m\libg_nano.a(lib_a-nano-reallocr.o)
                0x08002848                _realloc_r
 .text._sbrk_r  0x08002894       0x20 d:/courses/imt/arm/imt_arm_course/02- tools/03- imt sdk/imt_sdk_win_64/winarm/armgcc/bin/../lib/gcc/arm-none-eabi/7.2.1/../../../../arm-none-eabi/lib/thumb/v7-m\libg_nano.a(lib_a-sbrkr.o)
                0x08002894                _sbrk_r
 .text.__malloc_lock
                0x080028b4        0x2 d:/courses/imt/arm/imt_arm_course/02- tools/03- imt sdk/imt_sdk_win_64/winarm/armgcc/bin/../lib/gcc/arm-none-eabi/7.2.1/../../../../arm-none-eabi/lib/thumb/v7-m\libg_nano.a(lib_a-mlock.o)
                0x080028b4                __malloc_lock
 .text.__malloc_unlock
                0x080028b6        0x2 d:/courses/imt/arm/imt_arm_course/02- tools/03- imt sdk/imt_sdk_win_64/winarm/armgcc/bin/../lib/gcc/arm-none-eabi/7.2.1/../../../../arm-none-eabi/lib/thumb/v7-m\libg_nano.a(lib_a-mlock.o)
                0x080028b6                __malloc_unlock
 .text._malloc_usable_size_r
                0x080028b8       0x10 d:/courses/imt/arm/imt_arm_course/02- tools/03- imt sdk/imt_sdk_win_64/winarm/armgcc/bin/../lib/gcc/arm-none-eabi/7.2.1/../../../../arm-none-eabi/lib/thumb/v7-m\libg_nano.a(lib_a-nano-msizer.o)
                0x080028b8                _malloc_usable_size_r
 *(.rodata .rodata.* .constdata .constdata.*)
 .rodata.dumpExceptionStack.str1.4
                0x080028c8      0x11a ./system/src/cortexm/exception_handlers.o
 *fill*         0x080029e2        0x2 
 .rodata.str1.4
                0x080029e4       0x2a ./system/src/cortexm/exception_handlers.o
 *fill*         0x08002a0e        0x2 
 .rodata.main.str1.4
                0x08002a10       0x2f ./src/main.o
 *fill*         0x08002a3f        0x1 
 .rodata.vButton_Handler.str1.4
                0x08002a40        0xa ./src/main.o
 *fill*         0x08002a4a        0x2 
 .rodata.vTaskStartScheduler.str1.4
                0x08002a4c        0x8 ./RTOS/Source/tasks.o
                                  0x5 (size before relaxing)
 .rodata._svfprintf_r.str1.1
                0x08002a54       0x11 d:/courses/imt/arm/imt_arm_course/02- tools/03- imt sdk/imt_sdk_win_64/winarm/armgcc/bin/../lib/gcc/arm-none-eabi/7.2.1/../../../../arm-none-eabi/lib/thumb/v7-m\libg_nano.a(lib_a-nano-svfprintf.o)
 .rodata._printf_i.str1.1
                0x08002a65       0x22 d:/courses/imt/arm/imt_arm_course/02- tools/03- imt sdk/imt_sdk_win_64/winarm/armgcc/bin/../lib/gcc/arm-none-eabi/7.2.1/../../../../arm-none-eabi/lib/thumb/v7-m\libg_nano.a(lib_a-nano-vfprintf_i.o)
 *(vtable)
 *(.eh_frame*)
 *(.glue_7)
 .glue_7        0x08002a87        0x0 linker stubs
 *(.glue_7t)
 .glue_7t       0x08002a87        0x0 linker stubs

.vfp11_veneer   0x08002a88        0x0
 .vfp11_veneer  0x08002a88        0x0 linker stubs

.v4_bx          0x08002a88        0x0
 .v4_bx         0x08002a88        0x0 linker stubs

.iplt           0x08002a88        0x0
 .iplt          0x08002a88        0x0 ./system/src/newlib/_exit.o

.rel.dyn        0x08002a88        0x0
 .rel.iplt      0x08002a88        0x0 ./system/src/newlib/_exit.o

.ARM.extab
 *(.ARM.extab* .gnu.linkonce.armextab.*)
                0x08002a88                . = ALIGN (0x4)
                0x08002a88                __exidx_start = .

.ARM.exidx
 *(.ARM.exidx* .gnu.linkonce.armexidx.*)
                0x08002a88                __exidx_end = .
                0x08002a88                . = ALIGN (0x4)
                0x08002a88                _etext = .
                0x08002a88                __etext = .

.data_CCMRAM    0x00000000        0x0 load address 0x08002a88
 FILL mask 0xff
 *(.data.CCMRAM .data.CCMRAM.*)
                0x00000000                . = ALIGN (0x4)
                0x08002a88                _sidata = LOADADDR (.data)

.data           0x20000000       0x94 load address 0x08002a88
 FILL mask 0xff
                0x20000000                _sdata = .
                0x20000000                __data_start__ = .
 *(.data_begin .data_begin.*)
 .data_begin    0x20000000        0x4 ./system/src/newlib/_startup.o
 *(.data .data.*)
 .data.argv.4310
                0x20000004        0x8 ./system/src/newlib/_syscalls.o
 .data.AHBPrescTable
                0x2000000c       0x10 ./system/src/cmsis/system_stm32f10x.o
                0x2000000c                AHBPrescTable
 .data.SystemCoreClock
                0x2000001c        0x4 ./system/src/cmsis/system_stm32f10x.o
                0x2000001c                SystemCoreClock
 .data.Global1_u8Flag
                0x20000020        0x1 ./src/ACTIM1_program.o
 .data.Global2_u8Flag
                0x20000021        0x1 ./src/GPTIM _program.o
 .data.Global3_u8Flag
                0x20000022        0x1 ./src/GPTIM _program.o
 .data.Global4_u8Flag
                0x20000023        0x1 ./src/GPTIM _program.o
 .data.uxCriticalNesting
                0x20000024        0x4 ./RTOS/Source/portable/GCC/ARM_CM3/port.o
 .data.uxTopUsedPriority
                0x20000028        0x4 ./RTOS/Source/tasks.o
                0x20000028                uxTopUsedPriority
 .data._impure_ptr
                0x2000002c        0x4 d:/courses/imt/arm/imt_arm_course/02- tools/03- imt sdk/imt_sdk_win_64/winarm/armgcc/bin/../lib/gcc/arm-none-eabi/7.2.1/../../../../arm-none-eabi/lib/thumb/v7-m\libg_nano.a(lib_a-impure.o)
                0x2000002c                _impure_ptr
 .data.impure_data
                0x20000030       0x60 d:/courses/imt/arm/imt_arm_course/02- tools/03- imt sdk/imt_sdk_win_64/winarm/armgcc/bin/../lib/gcc/arm-none-eabi/7.2.1/../../../../arm-none-eabi/lib/thumb/v7-m\libg_nano.a(lib_a-impure.o)
 *(.data_end .data_end.*)
 .data_end      0x20000090        0x4 ./system/src/newlib/_startup.o
                0x20000094                . = ALIGN (0x4)
                0x20000094                _edata = .
                0x20000094                __data_end__ = .

.igot.plt       0x20000094        0x0 load address 0x08002b1c
 .igot.plt      0x20000094        0x0 ./system/src/newlib/_exit.o

.bss_CCMRAM     0x00000000        0x0
 *(.bss.CCMRAM .bss.CCMRAM.*)

.bss            0x20000094     0x4628
                0x20000094                __bss_start__ = .
                0x20000094                _sbss = .
 *(.bss_begin .bss_begin.*)
 .bss_begin     0x20000094        0x4 ./system/src/newlib/_startup.o
 *(.bss .bss.*)
 .bss.current_heap_end.3961
                0x20000098        0x4 ./system/src/newlib/_sbrk.o
 .bss.name.4309
                0x2000009c        0x1 ./system/src/newlib/_syscalls.o
 *fill*         0x2000009d        0x3 
 .bss.buf.5205  0x200000a0       0x80 ./system/src/diag/Trace.o
 .bss.Global1_u32CopyRoutine
                0x20000120        0x4 ./src/ACTIM1_program.o
 .bss.Global1_u32Fraction
                0x20000124        0x4 ./src/ACTIM1_program.o
 .bss.Global1_u32Routine
                0x20000128        0x4 ./src/ACTIM1_program.o
 .bss.TIM1_CallBack
                0x2000012c        0x4 ./src/ACTIM1_program.o
 .bss.TIM1_u8ModeOfInterval
                0x20000130        0x1 ./src/ACTIM1_program.o
 *fill*         0x20000131        0x3 
 .bss.EXTI0_CallBack
                0x20000134        0x4 ./src/EXTI_program.o
 .bss.Global2_u32CopyRoutine
                0x20000138        0x4 ./src/GPTIM _program.o
 .bss.Global2_u32Fraction
                0x2000013c        0x4 ./src/GPTIM _program.o
 .bss.Global2_u32Routine
                0x20000140        0x4 ./src/GPTIM _program.o
 .bss.Global3_u32CopyRoutine
                0x20000144        0x4 ./src/GPTIM _program.o
 .bss.Global3_u32Fraction
                0x20000148        0x4 ./src/GPTIM _program.o
 .bss.Global3_u32Routine
                0x2000014c        0x4 ./src/GPTIM _program.o
 .bss.Global4_u32CopyRoutine
                0x20000150        0x4 ./src/GPTIM _program.o
 .bss.Global4_u32Fraction
                0x20000154        0x4 ./src/GPTIM _program.o
 .bss.Global4_u32Routine
                0x20000158        0x4 ./src/GPTIM _program.o
 .bss.TIM2_CallBack
                0x2000015c        0x4 ./src/GPTIM _program.o
 .bss.TIM2_u8ModeOfInterval
                0x20000160        0x1 ./src/GPTIM _program.o
 *fill*         0x20000161        0x3 
 .bss.TIM3_CallBack
                0x20000164        0x4 ./src/GPTIM _program.o
 .bss.TIM3_u8ModeOfInterval
                0x20000168        0x1 ./src/GPTIM _program.o
 *fill*         0x20000169        0x3 
 .bss.TIM4_CallBack
                0x2000016c        0x4 ./src/GPTIM _program.o
 .bss.TIM4_u8ModeOfInterval
                0x20000170        0x1 ./src/GPTIM _program.o
 *fill*         0x20000171        0x3 
 .bss.Binary_Semaphor
                0x20000174        0x4 ./src/main.o
                0x20000174                Binary_Semaphor
 .bss.xTaskHandle1
                0x20000178        0x4 ./src/main.o
                0x20000178                xTaskHandle1
 .bss.xTaskHandle2
                0x2000017c        0x4 ./src/main.o
                0x2000017c                xTaskHandle2
 .bss.xTaskHandle3
                0x20000180        0x4 ./src/main.o
                0x20000180                xTaskHandle3
 .bss.pxEnd     0x20000184        0x4 ./RTOS/Source/portable/MemMang/heap_4.o
 .bss.ucHeap    0x20000188     0x4400 ./RTOS/Source/portable/MemMang/heap_4.o
 .bss.xBlockAllocatedBit
                0x20004588        0x4 ./RTOS/Source/portable/MemMang/heap_4.o
 .bss.xFreeBytesRemaining
                0x2000458c        0x4 ./RTOS/Source/portable/MemMang/heap_4.o
 .bss.xMinimumEverFreeBytesRemaining
                0x20004590        0x4 ./RTOS/Source/portable/MemMang/heap_4.o
 .bss.xNumberOfSuccessfulAllocations
                0x20004594        0x4 ./RTOS/Source/portable/MemMang/heap_4.o
 .bss.xNumberOfSuccessfulFrees
                0x20004598        0x4 ./RTOS/Source/portable/MemMang/heap_4.o
 .bss.xStart    0x2000459c        0x8 ./RTOS/Source/portable/MemMang/heap_4.o
 .bss.pxCurrentTCB
                0x200045a4        0x4 ./RTOS/Source/tasks.o
                0x200045a4                pxCurrentTCB
 .bss.pxDelayedTaskList
                0x200045a8        0x4 ./RTOS/Source/tasks.o
 .bss.pxOverflowDelayedTaskList
                0x200045ac        0x4 ./RTOS/Source/tasks.o
 .bss.pxReadyTasksLists
                0x200045b0       0x64 ./RTOS/Source/tasks.o
 .bss.uxCurrentNumberOfTasks
                0x20004614        0x4 ./RTOS/Source/tasks.o
 .bss.uxDeletedTasksWaitingCleanUp
                0x20004618        0x4 ./RTOS/Source/tasks.o
 .bss.uxSchedulerSuspended
                0x2000461c        0x4 ./RTOS/Source/tasks.o
 .bss.uxTaskNumber
                0x20004620        0x4 ./RTOS/Source/tasks.o
 .bss.uxTopReadyPriority
                0x20004624        0x4 ./RTOS/Source/tasks.o
 .bss.xDelayedTaskList1
                0x20004628       0x14 ./RTOS/Source/tasks.o
 .bss.xDelayedTaskList2
                0x2000463c       0x14 ./RTOS/Source/tasks.o
 .bss.xIdleTaskHandle
                0x20004650        0x4 ./RTOS/Source/tasks.o
 .bss.xNextTaskUnblockTime
                0x20004654        0x4 ./RTOS/Source/tasks.o
 .bss.xNumOfOverflows
                0x20004658        0x4 ./RTOS/Source/tasks.o
 .bss.xPendedTicks
                0x2000465c        0x4 ./RTOS/Source/tasks.o
 .bss.xPendingReadyList
                0x20004660       0x14 ./RTOS/Source/tasks.o
 .bss.xSchedulerRunning
                0x20004674        0x4 ./RTOS/Source/tasks.o
 .bss.xSuspendedTaskList
                0x20004678       0x14 ./RTOS/Source/tasks.o
 .bss.xTasksWaitingTermination
                0x2000468c       0x14 ./RTOS/Source/tasks.o
 .bss.xTickCount
                0x200046a0        0x4 ./RTOS/Source/tasks.o
 .bss.xYieldPending
                0x200046a4        0x4 ./RTOS/Source/tasks.o
 .bss.__malloc_free_list
                0x200046a8        0x4 d:/courses/imt/arm/imt_arm_course/02- tools/03- imt sdk/imt_sdk_win_64/winarm/armgcc/bin/../lib/gcc/arm-none-eabi/7.2.1/../../../../arm-none-eabi/lib/thumb/v7-m\libg_nano.a(lib_a-nano-mallocr.o)
                0x200046a8                __malloc_free_list
 .bss.__malloc_sbrk_start
                0x200046ac        0x4 d:/courses/imt/arm/imt_arm_course/02- tools/03- imt sdk/imt_sdk_win_64/winarm/armgcc/bin/../lib/gcc/arm-none-eabi/7.2.1/../../../../arm-none-eabi/lib/thumb/v7-m\libg_nano.a(lib_a-nano-mallocr.o)
                0x200046ac                __malloc_sbrk_start
 *(COMMON)
 COMMON         0x200046b0        0x4 ./system/src/newlib/_syscalls.o
                0x200046b0                errno
 COMMON         0x200046b4        0x4 ./src/main.o
                0x200046b4                MyQueue
 *(.bss_end .bss_end.*)
 .bss_end       0x200046b8        0x4 ./system/src/newlib/_startup.o
                0x200046bc                . = ALIGN (0x4)
                0x200046bc                __bss_end__ = .
                0x200046bc                _ebss = .

.noinit_CCMRAM
 *(.noinit.CCMRAM .noinit.CCMRAM.*)

.noinit         0x200046bc        0x0
                0x200046bc                _noinit = .
 *(.noinit .noinit.*)
                0x200046bc                . = ALIGN (0x4)
                0x200046bc                _end_noinit = .
                [!provide]                PROVIDE (end, _end_noinit)
                [!provide]                PROVIDE (_end, _end_noinit)
                [!provide]                PROVIDE (__end, _end_noinit)
                [!provide]                PROVIDE (__end__, _end_noinit)

._check_stack   0x200046bc      0x100
                0x200047bc                . = (. + _Minimum_Stack_Size)
 *fill*         0x200046bc      0x100 

.b1text
 *(.b1text)
 *(.b1rodata)
 *(.b1rodata.*)

.eb0text
 *(.eb0text)
 *(.eb0rodata)
 *(.eb0rodata.*)

.eb1text
 *(.eb1text)
 *(.eb1rodata)
 *(.eb1rodata.*)

.eb2text
 *(.eb2text)
 *(.eb2rodata)
 *(.eb2rodata.*)

.eb3text
 *(.eb3text)
 *(.eb3rodata)
 *(.eb3rodata.*)

.stab
 *(.stab)

.stabstr
 *(.stabstr)

.stab.excl
 *(.stab.excl)

.stab.exclstr
 *(.stab.exclstr)

.stab.index
 *(.stab.index)

.stab.indexstr
 *(.stab.indexstr)

.comment        0x00000000       0x7e
 *(.comment)
 .comment       0x00000000       0x7e ./system/src/newlib/_exit.o
                                 0x7f (size before relaxing)
 .comment       0x0000007e       0x7f ./system/src/newlib/_sbrk.o
 .comment       0x0000007e       0x7f ./system/src/newlib/_startup.o
 .comment       0x0000007e       0x7f ./system/src/newlib/_syscalls.o
 .comment       0x0000007e       0x7f ./system/src/diag/Trace.o
 .comment       0x0000007e       0x7f ./system/src/diag/trace_impl.o
 .comment       0x0000007e       0x7f ./system/src/cortexm/_initialize_hardware.o
 .comment       0x0000007e       0x7f ./system/src/cortexm/exception_handlers.o
 .comment       0x0000007e       0x7f ./system/src/cmsis/system_stm32f10x.o
 .comment       0x0000007e       0x7f ./system/src/cmsis/vectors_stm32f10x.o
 .comment       0x0000007e       0x7f ./src/ACTIM1_program.o
 .comment       0x0000007e       0x7f ./src/EXTI_program.o
 .comment       0x0000007e       0x7f ./src/GPIO_program.o
 .comment       0x0000007e       0x7f ./src/GPTIM _program.o
 .comment       0x0000007e       0x7f ./src/RCC_program.o
 .comment       0x0000007e       0x7f ./src/main.o
 .comment       0x0000007e       0x7f ./RTOS/Source/portable/MemMang/heap_4.o
 .comment       0x0000007e       0x7f ./RTOS/Source/portable/GCC/ARM_CM3/port.o
 .comment       0x0000007e       0x7f ./RTOS/Source/list.o
 .comment       0x0000007e       0x7f ./RTOS/Source/queue.o
 .comment       0x0000007e       0x7f ./RTOS/Source/tasks.o

.ARM.attributes
                0x00000000       0x31
 .ARM.attributes
                0x00000000       0x33 ./system/src/newlib/_exit.o
 .ARM.attributes
                0x00000033       0x33 ./system/src/newlib/_sbrk.o
 .ARM.attributes
                0x00000066       0x33 ./system/src/newlib/_startup.o
 .ARM.attributes
                0x00000099       0x33 ./system/src/newlib/_syscalls.o
 .ARM.attributes
                0x000000cc       0x33 ./system/src/diag/Trace.o
 .ARM.attributes
                0x000000ff       0x33 ./system/src/diag/trace_impl.o
 .ARM.attributes
                0x00000132       0x33 ./system/src/cortexm/_initialize_hardware.o
 .ARM.attributes
                0x00000165       0x33 ./system/src/cortexm/exception_handlers.o
 .ARM.attributes
                0x00000198       0x33 ./system/src/cmsis/system_stm32f10x.o
 .ARM.attributes
                0x000001cb       0x33 ./system/src/cmsis/vectors_stm32f10x.o
 .ARM.attributes
                0x000001fe       0x33 ./src/ACTIM1_program.o
 .ARM.attributes
                0x00000231       0x33 ./src/EXTI_program.o
 .ARM.attributes
                0x00000264       0x33 ./src/GPIO_program.o
 .ARM.attributes
                0x00000297       0x33 ./src/GPTIM _program.o
 .ARM.attributes
                0x000002ca       0x33 ./src/RCC_program.o
 .ARM.attributes
                0x000002fd       0x33 ./src/main.o
 .ARM.attributes
                0x00000330       0x33 ./RTOS/Source/portable/MemMang/heap_4.o
 .ARM.attributes
                0x00000363       0x33 ./RTOS/Source/portable/GCC/ARM_CM3/port.o
 .ARM.attributes
                0x00000396       0x33 ./RTOS/Source/list.o
 .ARM.attributes
                0x000003c9       0x33 ./RTOS/Source/queue.o
 .ARM.attributes
                0x000003fc       0x33 ./RTOS/Source/tasks.o
 .ARM.attributes
                0x0000042f       0x2d d:/courses/imt/arm/imt_arm_course/02- tools/03- imt sdk/imt_sdk_win_64/winarm/armgcc/bin/../lib/gcc/arm-none-eabi/7.2.1/../../../../arm-none-eabi/lib/thumb/v7-m\libg_nano.a(lib_a-errno.o)
 .ARM.attributes
                0x0000045c       0x2d d:/courses/imt/arm/imt_arm_course/02- tools/03- imt sdk/imt_sdk_win_64/winarm/armgcc/bin/../lib/gcc/arm-none-eabi/7.2.1/../../../../arm-none-eabi/lib/thumb/v7-m\libg_nano.a(lib_a-impure.o)
 .ARM.attributes
                0x00000489       0x2d d:/courses/imt/arm/imt_arm_course/02- tools/03- imt sdk/imt_sdk_win_64/winarm/armgcc/bin/../lib/gcc/arm-none-eabi/7.2.1/../../../../arm-none-eabi/lib/thumb/v7-m\libg_nano.a(lib_a-memcpy-stub.o)
 .ARM.attributes
                0x000004b6       0x2d d:/courses/imt/arm/imt_arm_course/02- tools/03- imt sdk/imt_sdk_win_64/winarm/armgcc/bin/../lib/gcc/arm-none-eabi/7.2.1/../../../../arm-none-eabi/lib/thumb/v7-m\libg_nano.a(lib_a-memset.o)
 .ARM.attributes
                0x000004e3       0x2d d:/courses/imt/arm/imt_arm_course/02- tools/03- imt sdk/imt_sdk_win_64/winarm/armgcc/bin/../lib/gcc/arm-none-eabi/7.2.1/../../../../arm-none-eabi/lib/thumb/v7-m\libg_nano.a(lib_a-sprintf.o)
 .ARM.attributes
                0x00000510       0x2d d:/courses/imt/arm/imt_arm_course/02- tools/03- imt sdk/imt_sdk_win_64/winarm/armgcc/bin/../lib/gcc/arm-none-eabi/7.2.1/../../../../arm-none-eabi/lib/thumb/v7-m\libg_nano.a(lib_a-vsnprintf.o)
 .ARM.attributes
                0x0000053d       0x2d d:/courses/imt/arm/imt_arm_course/02- tools/03- imt sdk/imt_sdk_win_64/winarm/armgcc/bin/../lib/gcc/arm-none-eabi/7.2.1/../../../../arm-none-eabi/lib/thumb/v7-m\libg_nano.a(lib_a-nano-svfprintf.o)
 .ARM.attributes
                0x0000056a       0x2d d:/courses/imt/arm/imt_arm_course/02- tools/03- imt sdk/imt_sdk_win_64/winarm/armgcc/bin/../lib/gcc/arm-none-eabi/7.2.1/../../../../arm-none-eabi/lib/thumb/v7-m\libg_nano.a(lib_a-nano-vfprintf_i.o)
 .ARM.attributes
                0x00000597       0x2d d:/courses/imt/arm/imt_arm_course/02- tools/03- imt sdk/imt_sdk_win_64/winarm/armgcc/bin/../lib/gcc/arm-none-eabi/7.2.1/../../../../arm-none-eabi/lib/thumb/v7-m\libg_nano.a(lib_a-memchr-stub.o)
 .ARM.attributes
                0x000005c4       0x2d d:/courses/imt/arm/imt_arm_course/02- tools/03- imt sdk/imt_sdk_win_64/winarm/armgcc/bin/../lib/gcc/arm-none-eabi/7.2.1/../../../../arm-none-eabi/lib/thumb/v7-m\libg_nano.a(lib_a-memmove.o)
 .ARM.attributes
                0x000005f1       0x2d d:/courses/imt/arm/imt_arm_course/02- tools/03- imt sdk/imt_sdk_win_64/winarm/armgcc/bin/../lib/gcc/arm-none-eabi/7.2.1/../../../../arm-none-eabi/lib/thumb/v7-m\libg_nano.a(lib_a-nano-freer.o)
 .ARM.attributes
                0x0000061e       0x2d d:/courses/imt/arm/imt_arm_course/02- tools/03- imt sdk/imt_sdk_win_64/winarm/armgcc/bin/../lib/gcc/arm-none-eabi/7.2.1/../../../../arm-none-eabi/lib/thumb/v7-m\libg_nano.a(lib_a-nano-mallocr.o)
 .ARM.attributes
                0x0000064b       0x2d d:/courses/imt/arm/imt_arm_course/02- tools/03- imt sdk/imt_sdk_win_64/winarm/armgcc/bin/../lib/gcc/arm-none-eabi/7.2.1/../../../../arm-none-eabi/lib/thumb/v7-m\libg_nano.a(lib_a-nano-reallocr.o)
 .ARM.attributes
                0x00000678       0x2d d:/courses/imt/arm/imt_arm_course/02- tools/03- imt sdk/imt_sdk_win_64/winarm/armgcc/bin/../lib/gcc/arm-none-eabi/7.2.1/../../../../arm-none-eabi/lib/thumb/v7-m\libg_nano.a(lib_a-sbrkr.o)
 .ARM.attributes
                0x000006a5       0x2d d:/courses/imt/arm/imt_arm_course/02- tools/03- imt sdk/imt_sdk_win_64/winarm/armgcc/bin/../lib/gcc/arm-none-eabi/7.2.1/../../../../arm-none-eabi/lib/thumb/v7-m\libg_nano.a(lib_a-mlock.o)
 .ARM.attributes
                0x000006d2       0x2d d:/courses/imt/arm/imt_arm_course/02- tools/03- imt sdk/imt_sdk_win_64/winarm/armgcc/bin/../lib/gcc/arm-none-eabi/7.2.1/../../../../arm-none-eabi/lib/thumb/v7-m\libg_nano.a(lib_a-nano-msizer.o)

.debug
 *(.debug)

.line
 *(.line)

.debug_srcinfo
 *(.debug_srcinfo)

.debug_sfnames
 *(.debug_sfnames)

.debug_aranges  0x00000000      0x7f8
 *(.debug_aranges)
 .debug_aranges
                0x00000000       0x28 ./system/src/newlib/_exit.o
 .debug_aranges
                0x00000028       0x20 ./system/src/newlib/_sbrk.o
 .debug_aranges
                0x00000048       0x40 ./system/src/newlib/_startup.o
 .debug_aranges
                0x00000088       0x30 ./system/src/newlib/_syscalls.o
 .debug_aranges
                0x000000b8       0x38 ./system/src/diag/Trace.o
 .debug_aranges
                0x000000f0       0x30 ./system/src/diag/trace_impl.o
 .debug_aranges
                0x00000120       0x28 ./system/src/cortexm/_initialize_hardware.o
 .debug_aranges
                0x00000148       0x90 ./system/src/cortexm/exception_handlers.o
 .debug_aranges
                0x000001d8       0x38 ./system/src/cmsis/system_stm32f10x.o
 .debug_aranges
                0x00000210       0x20 ./system/src/cmsis/vectors_stm32f10x.o
 .debug_aranges
                0x00000230       0x58 ./src/ACTIM1_program.o
 .debug_aranges
                0x00000288       0x50 ./src/EXTI_program.o
 .debug_aranges
                0x000002d8       0x48 ./src/GPIO_program.o
 .debug_aranges
                0x00000320       0xd8 ./src/GPTIM _program.o
 .debug_aranges
                0x000003f8       0x30 ./src/RCC_program.o
 .debug_aranges
                0x00000428       0x38 ./src/main.o
 .debug_aranges
                0x00000460       0x58 ./RTOS/Source/portable/MemMang/heap_4.o
 .debug_aranges
                0x000004b8       0x70 ./RTOS/Source/portable/GCC/ARM_CM3/port.o
 .debug_aranges
                0x00000528       0x40 ./RTOS/Source/list.o
 .debug_aranges
                0x00000568       0xe0 ./RTOS/Source/queue.o
 .debug_aranges
                0x00000648      0x1b0 ./RTOS/Source/tasks.o

.debug_pubnames
 *(.debug_pubnames)

.debug_info     0x00000000     0xbd35
 *(.debug_info .gnu.linkonce.wi.*)
 .debug_info    0x00000000      0x956 ./system/src/newlib/_exit.o
 .debug_info    0x00000956      0x942 ./system/src/newlib/_sbrk.o
 .debug_info    0x00001298      0x42e ./system/src/newlib/_startup.o
 .debug_info    0x000016c6      0xa19 ./system/src/newlib/_syscalls.o
 .debug_info    0x000020df      0xb2a ./system/src/diag/Trace.o
 .debug_info    0x00002c09      0x363 ./system/src/diag/trace_impl.o
 .debug_info    0x00002f6c      0x2b5 ./system/src/cortexm/_initialize_hardware.o
 .debug_info    0x00003221     0x1140 ./system/src/cortexm/exception_handlers.o
 .debug_info    0x00004361      0x494 ./system/src/cmsis/system_stm32f10x.o
 .debug_info    0x000047f5       0xca ./system/src/cmsis/vectors_stm32f10x.o
 .debug_info    0x000048bf      0x335 ./src/ACTIM1_program.o
 .debug_info    0x00004bf4      0x1c7 ./src/EXTI_program.o
 .debug_info    0x00004dbb      0x1c9 ./src/GPIO_program.o
 .debug_info    0x00004f84      0x690 ./src/GPTIM _program.o
 .debug_info    0x00005614       0xe2 ./src/RCC_program.o
 .debug_info    0x000056f6      0x53e ./src/main.o
 .debug_info    0x00005c34      0xcc2 ./RTOS/Source/portable/MemMang/heap_4.o
 .debug_info    0x000068f6      0x320 ./RTOS/Source/portable/GCC/ARM_CM3/port.o
 .debug_info    0x00006c16      0xac2 ./RTOS/Source/list.o
 .debug_info    0x000076d8     0x1ead ./RTOS/Source/queue.o
 .debug_info    0x00009585     0x27b0 ./RTOS/Source/tasks.o

.debug_abbrev   0x00000000     0x2660
 *(.debug_abbrev)
 .debug_abbrev  0x00000000      0x1f3 ./system/src/newlib/_exit.o
 .debug_abbrev  0x000001f3      0x1fc ./system/src/newlib/_sbrk.o
 .debug_abbrev  0x000003ef      0x1b3 ./system/src/newlib/_startup.o
 .debug_abbrev  0x000005a2      0x234 ./system/src/newlib/_syscalls.o
 .debug_abbrev  0x000007d6      0x276 ./system/src/diag/Trace.o
 .debug_abbrev  0x00000a4c      0x1e2 ./system/src/diag/trace_impl.o
 .debug_abbrev  0x00000c2e       0xea ./system/src/cortexm/_initialize_hardware.o
 .debug_abbrev  0x00000d18      0x32b ./system/src/cortexm/exception_handlers.o
 .debug_abbrev  0x00001043      0x177 ./system/src/cmsis/system_stm32f10x.o
 .debug_abbrev  0x000011ba       0x9d ./system/src/cmsis/vectors_stm32f10x.o
 .debug_abbrev  0x00001257      0x120 ./src/ACTIM1_program.o
 .debug_abbrev  0x00001377      0x104 ./src/EXTI_program.o
 .debug_abbrev  0x0000147b       0xaa ./src/GPIO_program.o
 .debug_abbrev  0x00001525      0x19b ./src/GPTIM _program.o
 .debug_abbrev  0x000016c0       0x70 ./src/RCC_program.o
 .debug_abbrev  0x00001730      0x163 ./src/main.o
 .debug_abbrev  0x00001893      0x2e4 ./RTOS/Source/portable/MemMang/heap_4.o
 .debug_abbrev  0x00001b77      0x1cd ./RTOS/Source/portable/GCC/ARM_CM3/port.o
 .debug_abbrev  0x00001d44      0x223 ./RTOS/Source/list.o
 .debug_abbrev  0x00001f67      0x332 ./RTOS/Source/queue.o
 .debug_abbrev  0x00002299      0x3c7 ./RTOS/Source/tasks.o

.debug_line     0x00000000     0x5941
 *(.debug_line)
 .debug_line    0x00000000      0x3cb ./system/src/newlib/_exit.o
 .debug_line    0x000003cb      0x37f ./system/src/newlib/_sbrk.o
 .debug_line    0x0000074a      0x439 ./system/src/newlib/_startup.o
 .debug_line    0x00000b83      0x4b4 ./system/src/newlib/_syscalls.o
 .debug_line    0x00001037      0x447 ./system/src/diag/Trace.o
 .debug_line    0x0000147e      0x6b4 ./system/src/diag/trace_impl.o
 .debug_line    0x00001b32      0x393 ./system/src/cortexm/_initialize_hardware.o
 .debug_line    0x00001ec5      0x776 ./system/src/cortexm/exception_handlers.o
 .debug_line    0x0000263b      0x406 ./system/src/cmsis/system_stm32f10x.o
 .debug_line    0x00002a41      0x11f ./system/src/cmsis/vectors_stm32f10x.o
 .debug_line    0x00002b60      0x19a ./src/ACTIM1_program.o
 .debug_line    0x00002cfa      0x11b ./src/EXTI_program.o
 .debug_line    0x00002e15      0x14a ./src/GPIO_program.o
 .debug_line    0x00002f5f      0x395 ./src/GPTIM _program.o
 .debug_line    0x000032f4       0xdb ./src/RCC_program.o
 .debug_line    0x000033cf      0x2c8 ./src/main.o
 .debug_line    0x00003697      0x550 ./RTOS/Source/portable/MemMang/heap_4.o
 .debug_line    0x00003be7      0x32a ./RTOS/Source/portable/GCC/ARM_CM3/port.o
 .debug_line    0x00003f11      0x48b ./RTOS/Source/list.o
 .debug_line    0x0000439c      0x8de ./RTOS/Source/queue.o
 .debug_line    0x00004c7a      0xcc7 ./RTOS/Source/tasks.o

.debug_frame    0x00000000     0x15f8
 *(.debug_frame)
 .debug_frame   0x00000000       0x38 ./system/src/newlib/_exit.o
 .debug_frame   0x00000038       0x28 ./system/src/newlib/_sbrk.o
 .debug_frame   0x00000060       0x7c ./system/src/newlib/_startup.o
 .debug_frame   0x000000dc       0x50 ./system/src/newlib/_syscalls.o
 .debug_frame   0x0000012c       0x94 ./system/src/diag/Trace.o
 .debug_frame   0x000001c0       0x64 ./system/src/diag/trace_impl.o
 .debug_frame   0x00000224       0x40 ./system/src/cortexm/_initialize_hardware.o
 .debug_frame   0x00000264      0x158 ./system/src/cortexm/exception_handlers.o
 .debug_frame   0x000003bc       0x6c ./system/src/cmsis/system_stm32f10x.o
 .debug_frame   0x00000428       0x20 ./system/src/cmsis/vectors_stm32f10x.o
 .debug_frame   0x00000448       0xa4 ./src/ACTIM1_program.o
 .debug_frame   0x000004ec       0x88 ./src/EXTI_program.o
 .debug_frame   0x00000574       0x7c ./src/GPIO_program.o
 .debug_frame   0x000005f0      0x1cc ./src/GPTIM _program.o
 .debug_frame   0x000007bc       0x40 ./src/RCC_program.o
 .debug_frame   0x000007fc       0x70 ./src/main.o
 .debug_frame   0x0000086c       0xcc ./RTOS/Source/portable/MemMang/heap_4.o
 .debug_frame   0x00000938       0xd8 ./RTOS/Source/portable/GCC/ARM_CM3/port.o
 .debug_frame   0x00000a10       0x6c ./RTOS/Source/list.o
 .debug_frame   0x00000a7c      0x2bc ./RTOS/Source/queue.o
 .debug_frame   0x00000d38      0x544 ./RTOS/Source/tasks.o
 .debug_frame   0x0000127c       0x20 d:/courses/imt/arm/imt_arm_course/02- tools/03- imt sdk/imt_sdk_win_64/winarm/armgcc/bin/../lib/gcc/arm-none-eabi/7.2.1/../../../../arm-none-eabi/lib/thumb/v7-m\libg_nano.a(lib_a-errno.o)
 .debug_frame   0x0000129c       0x28 d:/courses/imt/arm/imt_arm_course/02- tools/03- imt sdk/imt_sdk_win_64/winarm/armgcc/bin/../lib/gcc/arm-none-eabi/7.2.1/../../../../arm-none-eabi/lib/thumb/v7-m\libg_nano.a(lib_a-memcpy-stub.o)
 .debug_frame   0x000012c4       0x20 d:/courses/imt/arm/imt_arm_course/02- tools/03- imt sdk/imt_sdk_win_64/winarm/armgcc/bin/../lib/gcc/arm-none-eabi/7.2.1/../../../../arm-none-eabi/lib/thumb/v7-m\libg_nano.a(lib_a-memset.o)
 .debug_frame   0x000012e4       0x6c d:/courses/imt/arm/imt_arm_course/02- tools/03- imt sdk/imt_sdk_win_64/winarm/armgcc/bin/../lib/gcc/arm-none-eabi/7.2.1/../../../../arm-none-eabi/lib/thumb/v7-m\libg_nano.a(lib_a-sprintf.o)
 .debug_frame   0x00001350       0x4c d:/courses/imt/arm/imt_arm_course/02- tools/03- imt sdk/imt_sdk_win_64/winarm/armgcc/bin/../lib/gcc/arm-none-eabi/7.2.1/../../../../arm-none-eabi/lib/thumb/v7-m\libg_nano.a(lib_a-vsnprintf.o)
 .debug_frame   0x0000139c       0x90 d:/courses/imt/arm/imt_arm_course/02- tools/03- imt sdk/imt_sdk_win_64/winarm/armgcc/bin/../lib/gcc/arm-none-eabi/7.2.1/../../../../arm-none-eabi/lib/thumb/v7-m\libg_nano.a(lib_a-nano-svfprintf.o)
 .debug_frame   0x0000142c       0x60 d:/courses/imt/arm/imt_arm_course/02- tools/03- imt sdk/imt_sdk_win_64/winarm/armgcc/bin/../lib/gcc/arm-none-eabi/7.2.1/../../../../arm-none-eabi/lib/thumb/v7-m\libg_nano.a(lib_a-nano-vfprintf_i.o)
 .debug_frame   0x0000148c       0x28 d:/courses/imt/arm/imt_arm_course/02- tools/03- imt sdk/imt_sdk_win_64/winarm/armgcc/bin/../lib/gcc/arm-none-eabi/7.2.1/../../../../arm-none-eabi/lib/thumb/v7-m\libg_nano.a(lib_a-memchr-stub.o)
 .debug_frame   0x000014b4       0x28 d:/courses/imt/arm/imt_arm_course/02- tools/03- imt sdk/imt_sdk_win_64/winarm/armgcc/bin/../lib/gcc/arm-none-eabi/7.2.1/../../../../arm-none-eabi/lib/thumb/v7-m\libg_nano.a(lib_a-memmove.o)
 .debug_frame   0x000014dc       0x38 d:/courses/imt/arm/imt_arm_course/02- tools/03- imt sdk/imt_sdk_win_64/winarm/armgcc/bin/../lib/gcc/arm-none-eabi/7.2.1/../../../../arm-none-eabi/lib/thumb/v7-m\libg_nano.a(lib_a-nano-freer.o)
 .debug_frame   0x00001514       0x2c d:/courses/imt/arm/imt_arm_course/02- tools/03- imt sdk/imt_sdk_win_64/winarm/armgcc/bin/../lib/gcc/arm-none-eabi/7.2.1/../../../../arm-none-eabi/lib/thumb/v7-m\libg_nano.a(lib_a-nano-mallocr.o)
 .debug_frame   0x00001540       0x3c d:/courses/imt/arm/imt_arm_course/02- tools/03- imt sdk/imt_sdk_win_64/winarm/armgcc/bin/../lib/gcc/arm-none-eabi/7.2.1/../../../../arm-none-eabi/lib/thumb/v7-m\libg_nano.a(lib_a-nano-reallocr.o)
 .debug_frame   0x0000157c       0x2c d:/courses/imt/arm/imt_arm_course/02- tools/03- imt sdk/imt_sdk_win_64/winarm/armgcc/bin/../lib/gcc/arm-none-eabi/7.2.1/../../../../arm-none-eabi/lib/thumb/v7-m\libg_nano.a(lib_a-sbrkr.o)
 .debug_frame   0x000015a8       0x30 d:/courses/imt/arm/imt_arm_course/02- tools/03- imt sdk/imt_sdk_win_64/winarm/armgcc/bin/../lib/gcc/arm-none-eabi/7.2.1/../../../../arm-none-eabi/lib/thumb/v7-m\libg_nano.a(lib_a-mlock.o)
 .debug_frame   0x000015d8       0x20 d:/courses/imt/arm/imt_arm_course/02- tools/03- imt sdk/imt_sdk_win_64/winarm/armgcc/bin/../lib/gcc/arm-none-eabi/7.2.1/../../../../arm-none-eabi/lib/thumb/v7-m\libg_nano.a(lib_a-nano-msizer.o)

.debug_str      0x00000000    0x5f444
 *(.debug_str)
 .debug_str     0x00000000     0x7d01 ./system/src/newlib/_exit.o
                               0x7ed4 (size before relaxing)
 .debug_str     0x00007d01      0x375 ./system/src/newlib/_sbrk.o
                               0x7286 (size before relaxing)
 .debug_str     0x00008076      0xbb4 ./system/src/newlib/_startup.o
                               0x69c1 (size before relaxing)
 .debug_str     0x00008c2a      0xe8b ./system/src/newlib/_syscalls.o
                               0x8161 (size before relaxing)
 .debug_str     0x00009ab5      0x826 ./system/src/diag/Trace.o
                               0x864c (size before relaxing)
 .debug_str     0x0000a2db    0x4b2b9 ./system/src/diag/trace_impl.o
                              0x52a32 (size before relaxing)
 .debug_str     0x00055594       0xc4 ./system/src/cortexm/_initialize_hardware.o
                              0x4e823 (size before relaxing)
 .debug_str     0x00055658      0x19d ./system/src/cortexm/exception_handlers.o
                              0x53c57 (size before relaxing)
 .debug_str     0x000557f5      0x114 ./system/src/cmsis/system_stm32f10x.o
                              0x4e8bd (size before relaxing)
 .debug_str     0x00055909       0x57 ./system/src/cmsis/vectors_stm32f10x.o
                               0x3862 (size before relaxing)
 .debug_str     0x00055960      0x3a4 ./src/ACTIM1_program.o
                               0x3128 (size before relaxing)
 .debug_str     0x00055d04      0x28f ./src/EXTI_program.o
                               0x3099 (size before relaxing)
 .debug_str     0x00055f93      0x98f ./src/GPIO_program.o
                               0x379f (size before relaxing)
 .debug_str     0x00056922      0x4e4 ./src/GPTIM _program.o
                               0x33bb (size before relaxing)
 .debug_str     0x00056e06      0x2d7 ./src/RCC_program.o
                               0x30e1 (size before relaxing)
 .debug_str     0x000570dd     0x581e ./src/main.o
                               0x98cd (size before relaxing)
 .debug_str     0x0005c8fb      0x3c0 ./RTOS/Source/portable/MemMang/heap_4.o
                               0xb96c (size before relaxing)
 .debug_str     0x0005ccbb      0x69b ./RTOS/Source/portable/GCC/ARM_CM3/port.o
                               0x8b8f (size before relaxing)
 .debug_str     0x0005d356      0x115 ./RTOS/Source/list.o
                               0xa4d7 (size before relaxing)
 .debug_str     0x0005d46b      0x79d ./RTOS/Source/queue.o
                               0xc6e2 (size before relaxing)
 .debug_str     0x0005dc08     0x183c ./RTOS/Source/tasks.o
                               0xd29b (size before relaxing)

.debug_loc      0x00000000     0x4444
 *(.debug_loc)
 .debug_loc     0x00000000       0x85 ./system/src/newlib/_sbrk.o
 .debug_loc     0x00000085      0x1a9 ./system/src/newlib/_startup.o
 .debug_loc     0x0000022e       0x63 ./system/src/newlib/_syscalls.o
 .debug_loc     0x00000291       0xf6 ./system/src/diag/Trace.o
 .debug_loc     0x00000387      0x121 ./system/src/diag/trace_impl.o
 .debug_loc     0x000004a8      0x291 ./system/src/cortexm/exception_handlers.o
 .debug_loc     0x00000739       0xdf ./system/src/cmsis/system_stm32f10x.o
 .debug_loc     0x00000818      0x16b ./src/ACTIM1_program.o
 .debug_loc     0x00000983       0xda ./src/EXTI_program.o
 .debug_loc     0x00000a5d      0x3dd ./src/GPIO_program.o
 .debug_loc     0x00000e3a      0x441 ./src/GPTIM _program.o
 .debug_loc     0x0000127b      0x14c ./src/RCC_program.o
 .debug_loc     0x000013c7       0x76 ./src/main.o
 .debug_loc     0x0000143d      0x38e ./RTOS/Source/portable/MemMang/heap_4.o
 .debug_loc     0x000017cb       0xa8 ./RTOS/Source/portable/GCC/ARM_CM3/port.o
 .debug_loc     0x00001873       0x70 ./RTOS/Source/list.o
 .debug_loc     0x000018e3     0x10b0 ./RTOS/Source/queue.o
 .debug_loc     0x00002993     0x1ab1 ./RTOS/Source/tasks.o

.debug_macinfo
 *(.debug_macinfo)

.debug_weaknames
 *(.debug_weaknames)

.debug_funcnames
 *(.debug_funcnames)

.debug_typenames
 *(.debug_typenames)

.debug_varnames
 *(.debug_varnames)
OUTPUT(07_FreeRTOS_QueueTest.elf elf32-littlearm)

.debug_ranges   0x00000000      0x8c0
 .debug_ranges  0x00000000       0x18 ./system/src/newlib/_exit.o
 .debug_ranges  0x00000018       0x10 ./system/src/newlib/_sbrk.o
 .debug_ranges  0x00000028       0x78 ./system/src/newlib/_startup.o
 .debug_ranges  0x000000a0       0x20 ./system/src/newlib/_syscalls.o
 .debug_ranges  0x000000c0       0x28 ./system/src/diag/Trace.o
 .debug_ranges  0x000000e8       0x50 ./system/src/diag/trace_impl.o
 .debug_ranges  0x00000138       0x18 ./system/src/cortexm/_initialize_hardware.o
 .debug_ranges  0x00000150       0x80 ./system/src/cortexm/exception_handlers.o
 .debug_ranges  0x000001d0       0x28 ./system/src/cmsis/system_stm32f10x.o
 .debug_ranges  0x000001f8       0x10 ./system/src/cmsis/vectors_stm32f10x.o
 .debug_ranges  0x00000208       0x48 ./src/ACTIM1_program.o
 .debug_ranges  0x00000250       0x40 ./src/EXTI_program.o
 .debug_ranges  0x00000290       0x38 ./src/GPIO_program.o
 .debug_ranges  0x000002c8       0xc8 ./src/GPTIM _program.o
 .debug_ranges  0x00000390       0x20 ./src/RCC_program.o
 .debug_ranges  0x000003b0       0x28 ./src/main.o
 .debug_ranges  0x000003d8       0x48 ./RTOS/Source/portable/MemMang/heap_4.o
 .debug_ranges  0x00000420       0x60 ./RTOS/Source/portable/GCC/ARM_CM3/port.o
 .debug_ranges  0x00000480       0x30 ./RTOS/Source/list.o
 .debug_ranges  0x000004b0      0x178 ./RTOS/Source/queue.o
 .debug_ranges  0x00000628      0x298 ./RTOS/Source/tasks.o

.debug_macro    0x00000000     0x3fdd
 .debug_macro   0x00000000      0x1b4 ./system/src/newlib/_exit.o
 .debug_macro   0x000001b4       0x9c ./system/src/newlib/_exit.o
 .debug_macro   0x00000250      0x10e ./system/src/newlib/_exit.o
 .debug_macro   0x0000035e       0x8d ./system/src/newlib/_exit.o
 .debug_macro   0x000003eb       0x43 ./system/src/newlib/_exit.o
 .debug_macro   0x0000042e      0x330 ./system/src/newlib/_exit.o
 .debug_macro   0x0000075e       0x35 ./system/src/newlib/_exit.o
 .debug_macro   0x00000793      0x169 ./system/src/newlib/_sbrk.o
 .debug_macro   0x000008fc      0x174 ./system/src/newlib/_sbrk.o
 .debug_macro   0x00000a70       0x10 ./system/src/newlib/_sbrk.o
 .debug_macro   0x00000a80      0x23b ./system/src/newlib/_sbrk.o
 .debug_macro   0x00000cbb      0x173 ./system/src/newlib/_startup.o
 .debug_macro   0x00000e2e      0x217 ./system/src/newlib/_syscalls.o
 .debug_macro   0x00001045       0x1c ./system/src/newlib/_syscalls.o
 .debug_macro   0x00001061       0x10 ./system/src/newlib/_syscalls.o
 .debug_macro   0x00001071       0x10 ./system/src/newlib/_syscalls.o
 .debug_macro   0x00001081       0x10 ./system/src/newlib/_syscalls.o
 .debug_macro   0x00001091       0x35 ./system/src/newlib/_syscalls.o
 .debug_macro   0x000010c6      0x122 ./system/src/newlib/_syscalls.o
 .debug_macro   0x000011e8       0x88 ./system/src/newlib/_syscalls.o
 .debug_macro   0x00001270       0x2b ./system/src/newlib/_syscalls.o
 .debug_macro   0x0000129b      0x118 ./system/src/newlib/_syscalls.o
 .debug_macro   0x000013b3      0x189 ./system/src/newlib/_syscalls.o
 .debug_macro   0x0000153c       0x16 ./system/src/newlib/_syscalls.o
 .debug_macro   0x00001552      0x1fb ./system/src/diag/Trace.o
 .debug_macro   0x0000174d       0x16 ./system/src/diag/Trace.o
 .debug_macro   0x00001763       0x97 ./system/src/diag/Trace.o
 .debug_macro   0x000017fa       0xfd ./system/src/diag/Trace.o
 .debug_macro   0x000018f7       0x10 ./system/src/diag/Trace.o
 .debug_macro   0x00001907       0x16 ./system/src/diag/Trace.o
 .debug_macro   0x0000191d      0x16f ./system/src/diag/Trace.o
 .debug_macro   0x00001a8c       0x4c ./system/src/diag/Trace.o
 .debug_macro   0x00001ad8       0x16 ./system/src/diag/Trace.o
 .debug_macro   0x00001aee      0x2da ./system/src/diag/trace_impl.o
 .debug_macro   0x00001dc8       0x10 ./system/src/diag/trace_impl.o
 .debug_macro   0x00001dd8       0xcf ./system/src/diag/trace_impl.o
 .debug_macro   0x00001ea7       0xbe ./system/src/diag/trace_impl.o
 .debug_macro   0x00001f65       0x22 ./system/src/diag/trace_impl.o
 .debug_macro   0x00001f87      0x16b ./system/src/cortexm/_initialize_hardware.o
 .debug_macro   0x000020f2      0x324 ./system/src/cortexm/exception_handlers.o
 .debug_macro   0x00002416       0x3b ./system/src/cortexm/exception_handlers.o
 .debug_macro   0x00002451       0x10 ./system/src/cortexm/exception_handlers.o
 .debug_macro   0x00002461      0x16e ./system/src/cmsis/system_stm32f10x.o
 .debug_macro   0x000025cf       0x34 ./system/src/cmsis/vectors_stm32f10x.o
 .debug_macro   0x00002603       0x3f ./src/ACTIM1_program.o
 .debug_macro   0x00002642       0x22 ./src/ACTIM1_program.o
 .debug_macro   0x00002664       0x3a ./src/ACTIM1_program.o
 .debug_macro   0x0000269e       0x1c ./src/ACTIM1_program.o
 .debug_macro   0x000026ba       0x16 ./src/ACTIM1_program.o
 .debug_macro   0x000026d0       0x3f ./src/EXTI_program.o
 .debug_macro   0x0000270f       0x7c ./src/EXTI_program.o
 .debug_macro   0x0000278b       0x16 ./src/EXTI_program.o
 .debug_macro   0x000027a1       0x16 ./src/EXTI_program.o
 .debug_macro   0x000027b7       0x3a ./src/GPIO_program.o
 .debug_macro   0x000027f1       0x9a ./src/GPIO_program.o
 .debug_macro   0x0000288b      0x12a ./src/GPIO_program.o
 .debug_macro   0x000029b5       0x3f ./src/GPTIM _program.o
 .debug_macro   0x000029f4       0x3a ./src/GPTIM _program.o
 .debug_macro   0x00002a2e       0x28 ./src/GPTIM _program.o
 .debug_macro   0x00002a56       0x16 ./src/GPTIM _program.o
 .debug_macro   0x00002a6c       0x3f ./src/RCC_program.o
 .debug_macro   0x00002aab       0x1c ./src/RCC_program.o
 .debug_macro   0x00002ac7       0x70 ./src/RCC_program.o
 .debug_macro   0x00002b37       0x10 ./src/RCC_program.o
 .debug_macro   0x00002b47       0xe6 ./src/main.o
 .debug_macro   0x00002c2d       0xa0 ./src/main.o
 .debug_macro   0x00002ccd      0x15a ./src/main.o
 .debug_macro   0x00002e27       0xe3 ./src/main.o
 .debug_macro   0x00002f0a       0x1c ./src/main.o
 .debug_macro   0x00002f26       0x26 ./src/main.o
 .debug_macro   0x00002f4c      0x558 ./src/main.o
 .debug_macro   0x000034a4       0xb5 ./src/main.o
 .debug_macro   0x00003559      0x120 ./src/main.o
 .debug_macro   0x00003679       0x80 ./src/main.o
 .debug_macro   0x000036f9       0x69 ./src/main.o
 .debug_macro   0x00003762      0x189 ./RTOS/Source/portable/MemMang/heap_4.o
 .debug_macro   0x000038eb      0x133 ./RTOS/Source/portable/GCC/ARM_CM3/port.o
 .debug_macro   0x00003a1e      0x16e ./RTOS/Source/list.o
 .debug_macro   0x00003b8c      0x1f2 ./RTOS/Source/queue.o
 .debug_macro   0x00003d7e      0x24f ./RTOS/Source/tasks.o
 .debug_macro   0x00003fcd       0x10 ./RTOS/Source/tasks.o
