19:31:51 **** Incremental Build of configuration Debug for project UART ****
make all 
Building file: ../src/USART_program.c
Invoking: Cross ARM GNU C Compiler
arm-none-eabi-gcc -mcpu=cortex-m3 -mthumb -Og -fmessage-length=0 -fsigned-char -ffunction-sections -fdata-sections -ffreestanding -fno-move-loop-invariants -Wall -Wextra  -g3 -DDEBUG -DUSE_FULL_ASSERT -DTRACE -DOS_USE_TRACE_SEMIHOSTING_DEBUG -DSTM32F10X_MD -DUSE_STDPERIPH_DRIVER -DHSE_VALUE=8000000 -I"../include" -I"../system/include" -I"../system/include/cmsis" -I"../system/include/stm32f1-stdperiph" -std=gnu11 -MMD -MP -MF"src/USART_program.d" -MT"src/USART_program.o" -c -o "src/USART_program.o" "../src/USART_program.c"
Finished building: ../src/USART_program.c
 
Building target: UART.elf
Invoking: Cross ARM GNU C++ Linker
arm-none-eabi-g++ -mcpu=cortex-m3 -mthumb -Og -fmessage-length=0 -fsigned-char -ffunction-sections -fdata-sections -ffreestanding -fno-move-loop-invariants -Wall -Wextra  -g3 -T mem.ld -T libs.ld -T sections.ld -nostartfiles -Xlinker --gc-sections -L"../ldscripts" -Wl,-Map,"UART.map" --specs=nano.specs -o "UART.elf"  ./system/src/stm32f1-stdperiph/misc.o ./system/src/stm32f1-stdperiph/stm32f10x_gpio.o ./system/src/stm32f1-stdperiph/stm32f10x_rcc.o  ./system/src/newlib/_cxx.o ./system/src/newlib/_exit.o ./system/src/newlib/_sbrk.o ./system/src/newlib/_startup.o ./system/src/newlib/_syscalls.o ./system/src/newlib/assert.o  ./system/src/diag/Trace.o ./system/src/diag/trace_impl.o  ./system/src/cortexm/_initialize_hardware.o ./system/src/cortexm/_reset_hardware.o ./system/src/cortexm/exception_handlers.o  ./system/src/cmsis/system_stm32f10x.o ./system/src/cmsis/vectors_stm32f10x.o  ./src/GPIO_program.o ./src/RCC_program.o ./src/STk_program.o ./src/USART_program.o ./src/main.o   
Finished building target: UART.elf
 
Invoking: Cross ARM GNU Create Flash Image
arm-none-eabi-objcopy -O ihex "UART.elf"  "UART.hex"
Finished building: UART.hex
 
Invoking: Cross ARM GNU Print Size
arm-none-eabi-size --format=berkeley "UART.elf"
   text	   data	    bss	    dec	    hex	filename
   5079	    176	    420	   5675	   162b	UART.elf
Finished building: UART.siz
 
19:33:19 **** Incremental Build of configuration Debug for project 22-IOT ****
make all 
Building file: ../src/USART_program.c
Invoking: Cross ARM GNU C Compiler
arm-none-eabi-gcc -mcpu=cortex-m3 -mthumb -Og -fmessage-length=0 -fsigned-char -ffunction-sections -fdata-sections -ffreestanding -fno-move-loop-invariants -Wall -Wextra  -g3 -DDEBUG -DUSE_FULL_ASSERT -DTRACE -DOS_USE_TRACE_SEMIHOSTING_DEBUG -DSTM32F10X_MD -DUSE_STDPERIPH_DRIVER -DHSE_VALUE=8000000 -I"../include" -I"../system/include" -I"../system/include/cmsis" -I"../system/include/stm32f1-stdperiph" -std=gnu11 -MMD -MP -MF"src/USART_program.d" -MT"src/USART_program.o" -c -o "src/USART_program.o" "../src/USART_program.c"
Finished building: ../src/USART_program.c
 
Building target: 22-IOT.elf
Invoking: Cross ARM GNU C++ Linker
arm-none-eabi-g++ -mcpu=cortex-m3 -mthumb -Og -fmessage-length=0 -fsigned-char -ffunction-sections -fdata-sections -ffreestanding -fno-move-loop-invariants -Wall -Wextra  -g3 -T mem.ld -T libs.ld -T sections.ld -nostartfiles -Xlinker --gc-sections -L"../ldscripts" -Wl,-Map,"22-IOT.map" --specs=nano.specs -o "22-IOT.elf"  ./system/src/stm32f1-stdperiph/misc.o ./system/src/stm32f1-stdperiph/stm32f10x_gpio.o ./system/src/stm32f1-stdperiph/stm32f10x_rcc.o  ./system/src/newlib/_cxx.o ./system/src/newlib/_exit.o ./system/src/newlib/_sbrk.o ./system/src/newlib/_startup.o ./system/src/newlib/_syscalls.o ./system/src/newlib/assert.o  ./system/src/diag/Trace.o ./system/src/diag/trace_impl.o  ./system/src/cortexm/_initialize_hardware.o ./system/src/cortexm/_reset_hardware.o ./system/src/cortexm/exception_handlers.o  ./system/src/cmsis/system_stm32f10x.o ./system/src/cmsis/vectors_stm32f10x.o  ./src/Esp_program.o ./src/GPIO_program.o ./src/RCC_program.o ./src/STk_program.o ./src/USART_program.o ./src/main.o   
Finished building target: 22-IOT.elf
 
Invoking: Cross ARM GNU Create Flash Image
arm-none-eabi-objcopy -O ihex "22-IOT.elf"  "22-IOT.hex"
Finished building: 22-IOT.hex
 
Invoking: Cross ARM GNU Print Size
arm-none-eabi-size --format=berkeley "22-IOT.elf"
   text	   data	    bss	    dec	    hex	filename
   6047	    180	    420	   6647	   19f7	22-IOT.elf
Finished building: 22-IOT.siz
 
19:33:21 **** Incremental Build of configuration Debug for project UART ****
make all 
Building file: ../src/USART_program.c
Invoking: Cross ARM GNU C Compiler
arm-none-eabi-gcc -mcpu=cortex-m3 -mthumb -Og -fmessage-length=0 -fsigned-char -ffunction-sections -fdata-sections -ffreestanding -fno-move-loop-invariants -Wall -Wextra  -g3 -DDEBUG -DUSE_FULL_ASSERT -DTRACE -DOS_USE_TRACE_SEMIHOSTING_DEBUG -DSTM32F10X_MD -DUSE_STDPERIPH_DRIVER -DHSE_VALUE=8000000 -I"../include" -I"../system/include" -I"../system/include/cmsis" -I"../system/include/stm32f1-stdperiph" -std=gnu11 -MMD -MP -MF"src/USART_program.d" -MT"src/USART_program.o" -c -o "src/USART_program.o" "../src/USART_program.c"
Finished building: ../src/USART_program.c
 
Building target: UART.elf
Invoking: Cross ARM GNU C++ Linker
arm-none-eabi-g++ -mcpu=cortex-m3 -mthumb -Og -fmessage-length=0 -fsigned-char -ffunction-sections -fdata-sections -ffreestanding -fno-move-loop-invariants -Wall -Wextra  -g3 -T mem.ld -T libs.ld -T sections.ld -nostartfiles -Xlinker --gc-sections -L"../ldscripts" -Wl,-Map,"UART.map" --specs=nano.specs -o "UART.elf"  ./system/src/stm32f1-stdperiph/misc.o ./system/src/stm32f1-stdperiph/stm32f10x_gpio.o ./system/src/stm32f1-stdperiph/stm32f10x_rcc.o  ./system/src/newlib/_cxx.o ./system/src/newlib/_exit.o ./system/src/newlib/_sbrk.o ./system/src/newlib/_startup.o ./system/src/newlib/_syscalls.o ./system/src/newlib/assert.o  ./system/src/diag/Trace.o ./system/src/diag/trace_impl.o  ./system/src/cortexm/_initialize_hardware.o ./system/src/cortexm/_reset_hardware.o ./system/src/cortexm/exception_handlers.o  ./system/src/cmsis/system_stm32f10x.o ./system/src/cmsis/vectors_stm32f10x.o  ./src/GPIO_program.o ./src/RCC_program.o ./src/STk_program.o ./src/USART_program.o ./src/main.o   
Finished building target: UART.elf
 
Invoking: Cross ARM GNU Create Flash Image
arm-none-eabi-objcopy -O ihex "UART.elf"  "UART.hex"
Finished building: UART.hex
 
Invoking: Cross ARM GNU Print Size
arm-none-eabi-size --format=berkeley "UART.elf"
   text	   data	    bss	    dec	    hex	filename
   5079	    176	    420	   5675	   162b	UART.elf
Finished building: UART.siz
 
19:33:25 **** Incremental Build of configuration Debug for project 22-IOT ****
make all 
Invoking: Cross ARM GNU Print Size
arm-none-eabi-size --format=berkeley "22-IOT.elf"
   text	   data	    bss	    dec	    hex	filename
   6047	    180	    420	   6647	   19f7	22-IOT.elf
Finished building: 22-IOT.siz
 
19:33:26 **** Incremental Build of configuration Debug for project UART ****
make all 
Building file: ../src/USART_program.c
Invoking: Cross ARM GNU C Compiler
arm-none-eabi-gcc -mcpu=cortex-m3 -mthumb -Og -fmessage-length=0 -fsigned-char -ffunction-sections -fdata-sections -ffreestanding -fno-move-loop-invariants -Wall -Wextra  -g3 -DDEBUG -DUSE_FULL_ASSERT -DTRACE -DOS_USE_TRACE_SEMIHOSTING_DEBUG -DSTM32F10X_MD -DUSE_STDPERIPH_DRIVER -DHSE_VALUE=8000000 -I"../include" -I"../system/include" -I"../system/include/cmsis" -I"../system/include/stm32f1-stdperiph" -std=gnu11 -MMD -MP -MF"src/USART_program.d" -MT"src/USART_program.o" -c -o "src/USART_program.o" "../src/USART_program.c"
Finished building: ../src/USART_program.c
 
Building target: UART.elf
Invoking: Cross ARM GNU C++ Linker
arm-none-eabi-g++ -mcpu=cortex-m3 -mthumb -Og -fmessage-length=0 -fsigned-char -ffunction-sections -fdata-sections -ffreestanding -fno-move-loop-invariants -Wall -Wextra  -g3 -T mem.ld -T libs.ld -T sections.ld -nostartfiles -Xlinker --gc-sections -L"../ldscripts" -Wl,-Map,"UART.map" --specs=nano.specs -o "UART.elf"  ./system/src/stm32f1-stdperiph/misc.o ./system/src/stm32f1-stdperiph/stm32f10x_gpio.o ./system/src/stm32f1-stdperiph/stm32f10x_rcc.o  ./system/src/newlib/_cxx.o ./system/src/newlib/_exit.o ./system/src/newlib/_sbrk.o ./system/src/newlib/_startup.o ./system/src/newlib/_syscalls.o ./system/src/newlib/assert.o  ./system/src/diag/Trace.o ./system/src/diag/trace_impl.o  ./system/src/cortexm/_initialize_hardware.o ./system/src/cortexm/_reset_hardware.o ./system/src/cortexm/exception_handlers.o  ./system/src/cmsis/system_stm32f10x.o ./system/src/cmsis/vectors_stm32f10x.o  ./src/GPIO_program.o ./src/RCC_program.o ./src/STk_program.o ./src/USART_program.o ./src/main.o   
Finished building target: UART.elf
 
Invoking: Cross ARM GNU Create Flash Image
arm-none-eabi-objcopy -O ihex "UART.elf"  "UART.hex"
Finished building: UART.hex
 
Invoking: Cross ARM GNU Print Size
arm-none-eabi-size --format=berkeley "UART.elf"
   text	   data	    bss	    dec	    hex	filename
   5079	    176	    420	   5675	   162b	UART.elf
Finished building: UART.siz
 
20:15:50 **** Build of configuration Debug for project 22-IOT ****
make all 
Invoking: Cross ARM GNU Print Size
arm-none-eabi-size --format=berkeley "22-IOT.elf"
   text	   data	    bss	    dec	    hex	filename
   6047	    180	    420	   6647	   19f7	22-IOT.elf
Finished building: 22-IOT.siz
 
20:16:04 **** Incremental Build of configuration Debug for project 22-IOT ****
make all 
Invoking: Cross ARM GNU Print Size
arm-none-eabi-size --format=berkeley "22-IOT.elf"
   text	   data	    bss	    dec	    hex	filename
   6047	    180	    420	   6647	   19f7	22-IOT.elf
Finished building: 22-IOT.siz
 
21:18:46 **** Incremental Build of configuration Debug for project 22-IOT ****
make all 
Building file: ../src/USART_program.c
Invoking: Cross ARM GNU C Compiler
arm-none-eabi-gcc -mcpu=cortex-m3 -mthumb -Og -fmessage-length=0 -fsigned-char -ffunction-sections -fdata-sections -ffreestanding -fno-move-loop-invariants -Wall -Wextra  -g3 -DDEBUG -DUSE_FULL_ASSERT -DTRACE -DOS_USE_TRACE_SEMIHOSTING_DEBUG -DSTM32F10X_MD -DUSE_STDPERIPH_DRIVER -DHSE_VALUE=8000000 -I"../include" -I"../system/include" -I"../system/include/cmsis" -I"../system/include/stm32f1-stdperiph" -std=gnu11 -MMD -MP -MF"src/USART_program.d" -MT"src/USART_program.o" -c -o "src/USART_program.o" "../src/USART_program.c"
Finished building: ../src/USART_program.c
 
Building target: 22-IOT.elf
Invoking: Cross ARM GNU C++ Linker
arm-none-eabi-g++ -mcpu=cortex-m3 -mthumb -Og -fmessage-length=0 -fsigned-char -ffunction-sections -fdata-sections -ffreestanding -fno-move-loop-invariants -Wall -Wextra  -g3 -T mem.ld -T libs.ld -T sections.ld -nostartfiles -Xlinker --gc-sections -L"../ldscripts" -Wl,-Map,"22-IOT.map" --specs=nano.specs -o "22-IOT.elf"  ./system/src/stm32f1-stdperiph/misc.o ./system/src/stm32f1-stdperiph/stm32f10x_gpio.o ./system/src/stm32f1-stdperiph/stm32f10x_rcc.o  ./system/src/newlib/_cxx.o ./system/src/newlib/_exit.o ./system/src/newlib/_sbrk.o ./system/src/newlib/_startup.o ./system/src/newlib/_syscalls.o ./system/src/newlib/assert.o  ./system/src/diag/Trace.o ./system/src/diag/trace_impl.o  ./system/src/cortexm/_initialize_hardware.o ./system/src/cortexm/_reset_hardware.o ./system/src/cortexm/exception_handlers.o  ./system/src/cmsis/system_stm32f10x.o ./system/src/cmsis/vectors_stm32f10x.o  ./src/Esp_program.o ./src/GPIO_program.o ./src/RCC_program.o ./src/STk_program.o ./src/USART_program.o ./src/main.o   
Finished building target: 22-IOT.elf
 
Invoking: Cross ARM GNU Create Flash Image
arm-none-eabi-objcopy -O ihex "22-IOT.elf"  "22-IOT.hex"
Finished building: 22-IOT.hex
 
Invoking: Cross ARM GNU Print Size
arm-none-eabi-size --format=berkeley "22-IOT.elf"
   text	   data	    bss	    dec	    hex	filename
   6047	    180	    420	   6647	   19f7	22-IOT.elf
Finished building: 22-IOT.siz
 
16:26:48 **** Incremental Build of configuration Debug for project 22-IOT ****
make all 
Building file: ../src/Esp_program.c
Invoking: Cross ARM GNU C Compiler
arm-none-eabi-gcc -mcpu=cortex-m3 -mthumb -Og -fmessage-length=0 -fsigned-char -ffunction-sections -fdata-sections -ffreestanding -fno-move-loop-invariants -Wall -Wextra  -g3 -DDEBUG -DUSE_FULL_ASSERT -DTRACE -DOS_USE_TRACE_SEMIHOSTING_DEBUG -DSTM32F10X_MD -DUSE_STDPERIPH_DRIVER -DHSE_VALUE=8000000 -I"../include" -I"../system/include" -I"../system/include/cmsis" -I"../system/include/stm32f1-stdperiph" -std=gnu11 -MMD -MP -MF"src/Esp_program.d" -MT"src/Esp_program.o" -c -o "src/Esp_program.o" "../src/Esp_program.c"
../src/Esp_program.c: In function 'HEsp_voidInit':
../src/Esp_program.c:30:39: warning: pointer targets in passing argument 1 of 'MUSART1_u8Transmit' differ in signedness [-Wpointer-sign]
   Local_u8Result = MUSART1_u8Transmit("ATE0\r\n",TRANS_TIMEOUT);
                                       ^~~~~~~~~~
In file included from ../src/Esp_program.c:17:0:
../include/USART_interface.h:29:4: note: expected 'u8 * {aka unsigned char *}' but argument is of type 'char *'
 u8 MUSART1_u8Transmit(u8 arr[],u16 Copy_u32timeout);
    ^~~~~~~~~~~~~~~~~~
../src/Esp_program.c:42:39: warning: pointer targets in passing argument 1 of 'MUSART1_u8Transmit' differ in signedness [-Wpointer-sign]
   Local_u8Result = MUSART1_u8Transmit("AT+CWMODE=1\r\n",TRANS_TIMEOUT);
                                       ^~~~~~~~~~~~~~~~~
In file included from ../src/Esp_program.c:17:0:
../include/USART_interface.h:29:4: note: expected 'u8 * {aka unsigned char *}' but argument is of type 'char *'
 u8 MUSART1_u8Transmit(u8 arr[],u16 Copy_u32timeout);
    ^~~~~~~~~~~~~~~~~~
../src/Esp_program.c: In function 'HEsp_voidConnectOnWifi':
../src/Esp_program.c:53:2: warning: implicit declaration of function 'sprintf' [-Wimplicit-function-declaration]
  sprintf(Local_u8Data,"AT+CWJAP_CUR=%s%s%s,%s%s%s\r\n",Quotes,Copy_u8Name,Quotes,Quotes,Copy_u8Password,Quotes);
  ^~~~~~~
../src/Esp_program.c: In function 'HEsp_voidSendData':
../src/Esp_program.c:109:2: warning: implicit declaration of function 'strcpy' [-Wimplicit-function-declaration]
  strcpy(Local_u8Data,"");
  ^~~~~~
../src/Esp_program.c: In function 'HEsp_u8CheckData':
../src/Esp_program.c:170:19: warning: character constant too long for its type
    Local_u8Data = 'Error';
                   ^~~~~~~
../src/Esp_program.c:170:19: warning: large integer implicitly truncated to unsigned type [-Woverflow]
Finished building: ../src/Esp_program.c
 
Building file: ../src/main.c
Invoking: Cross ARM GNU C Compiler
arm-none-eabi-gcc -mcpu=cortex-m3 -mthumb -Og -fmessage-length=0 -fsigned-char -ffunction-sections -fdata-sections -ffreestanding -fno-move-loop-invariants -Wall -Wextra  -g3 -DDEBUG -DUSE_FULL_ASSERT -DTRACE -DOS_USE_TRACE_SEMIHOSTING_DEBUG -DSTM32F10X_MD -DUSE_STDPERIPH_DRIVER -DHSE_VALUE=8000000 -I"../include" -I"../system/include" -I"../system/include/cmsis" -I"../system/include/stm32f1-stdperiph" -std=gnu11 -MMD -MP -MF"src/main.d" -MT"src/main.o" -c -o "src/main.o" "../src/main.c"
../src/main.c: In function 'main':
../src/main.c:44:25: warning: pointer targets in passing argument 1 of 'HEsp_voidConnectOnWifi' differ in signedness [-Wpointer-sign]
  HEsp_voidConnectOnWifi("WE_9A2B93","k6m21723");
                         ^~~~~~~~~~~
In file included from ../src/main.c:14:0:
../include/Esp_interface.h:12:6: note: expected 'u8 * {aka unsigned char *}' but argument is of type 'char *'
 void HEsp_voidConnectOnWifi(u8 *Copy_u8Name, u8 *Copy_u8Password); //AT+CWJAP_CUR="Name","Pass"
      ^~~~~~~~~~~~~~~~~~~~~~
../src/main.c:44:37: warning: pointer targets in passing argument 2 of 'HEsp_voidConnectOnWifi' differ in signedness [-Wpointer-sign]
  HEsp_voidConnectOnWifi("WE_9A2B93","k6m21723");
                                     ^~~~~~~~~~
In file included from ../src/main.c:14:0:
../include/Esp_interface.h:12:6: note: expected 'u8 * {aka unsigned char *}' but argument is of type 'char *'
 void HEsp_voidConnectOnWifi(u8 *Copy_u8Name, u8 *Copy_u8Password); //AT+CWJAP_CUR="Name","Pass"
      ^~~~~~~~~~~~~~~~~~~~~~
../src/main.c:46:27: warning: passing argument 1 of 'HEsp_voidConnectOnServer' makes integer from pointer without a cast [-Wint-conversion]
  HEsp_voidConnectOnServer("162.253.155.226");
                           ^~~~~~~~~~~~~~~~~
In file included from ../src/main.c:14:0:
../include/Esp_interface.h:13:6: note: expected 'u8 {aka unsigned char}' but argument is of type 'char *'
 void HEsp_voidConnectOnServer(u8 Copy_u8IP); //AT+CIPSTART="TCP","162.253.155.226",80
      ^~~~~~~~~~~~~~~~~~~~~~~~
../src/main.c:48:23: warning: passing argument 2 of 'HEsp_voidSendData' makes integer from pointer without a cast [-Wint-conversion]
  HEsp_voidSendData(45,"ahmedarm.freevar.com");
                       ^~~~~~~~~~~~~~~~~~~~~~
In file included from ../src/main.c:14:0:
../include/Esp_interface.h:19:6: note: expected 'u8 {aka unsigned char}' but argument is of type 'char *'
 void HEsp_voidSendData(u8 Copy_u8DataSize,u8 Copy_u8WebSite);
      ^~~~~~~~~~~~~~~~~
Finished building: ../src/main.c
 
Building target: 22-IOT.elf
Invoking: Cross ARM GNU C++ Linker
arm-none-eabi-g++ -mcpu=cortex-m3 -mthumb -Og -fmessage-length=0 -fsigned-char -ffunction-sections -fdata-sections -ffreestanding -fno-move-loop-invariants -Wall -Wextra  -g3 -T mem.ld -T libs.ld -T sections.ld -nostartfiles -Xlinker --gc-sections -L"../ldscripts" -Wl,-Map,"22-IOT.map" --specs=nano.specs -o "22-IOT.elf"  ./system/src/stm32f1-stdperiph/misc.o ./system/src/stm32f1-stdperiph/stm32f10x_gpio.o ./system/src/stm32f1-stdperiph/stm32f10x_rcc.o  ./system/src/newlib/_cxx.o ./system/src/newlib/_exit.o ./system/src/newlib/_sbrk.o ./system/src/newlib/_startup.o ./system/src/newlib/_syscalls.o ./system/src/newlib/assert.o  ./system/src/diag/Trace.o ./system/src/diag/trace_impl.o  ./system/src/cortexm/_initialize_hardware.o ./system/src/cortexm/_reset_hardware.o ./system/src/cortexm/exception_handlers.o  ./system/src/cmsis/system_stm32f10x.o ./system/src/cmsis/vectors_stm32f10x.o  ./src/Esp_program.o ./src/GPIO_program.o ./src/RCC_program.o ./src/STk_program.o ./src/USART_program.o ./src/main.o   
Finished building target: 22-IOT.elf
 
Invoking: Cross ARM GNU Create Flash Image
arm-none-eabi-objcopy -O ihex "22-IOT.elf"  "22-IOT.hex"
Finished building: 22-IOT.hex
 
Invoking: Cross ARM GNU Print Size
arm-none-eabi-size --format=berkeley "22-IOT.elf"
   text	   data	    bss	    dec	    hex	filename
   6067	    180	    420	   6667	   1a0b	22-IOT.elf
Finished building: 22-IOT.siz
 
16:27:07 **** Incremental Build of configuration Debug for project 22-IOT ****
make all 
Invoking: Cross ARM GNU Print Size
arm-none-eabi-size --format=berkeley "22-IOT.elf"
   text	   data	    bss	    dec	    hex	filename
   6067	    180	    420	   6667	   1a0b	22-IOT.elf
Finished building: 22-IOT.siz
 
15:37:35 **** Build of configuration Debug for project 22-IOT ****
make all 
Building file: ../src/RCC_program.c
Invoking: Cross ARM GNU C Compiler
arm-none-eabi-gcc -mcpu=cortex-m3 -mthumb -Og -fmessage-length=0 -fsigned-char -ffunction-sections -fdata-sections -ffreestanding -fno-move-loop-invariants -Wall -Wextra  -g3 -DDEBUG -DUSE_FULL_ASSERT -DTRACE -DOS_USE_TRACE_SEMIHOSTING_DEBUG -DSTM32F10X_MD -DUSE_STDPERIPH_DRIVER -DHSE_VALUE=8000000 -I"../include" -I"../system/include" -I"../system/include/cmsis" -I"../system/include/stm32f1-stdperiph" -std=gnu11 -MMD -MP -MF"src/RCC_program.d" -MT"src/RCC_program.o" -c -o "src/RCC_program.o" "../src/RCC_program.c"
Finished building: ../src/RCC_program.c
 
Building file: ../src/USART_program.c
Invoking: Cross ARM GNU C Compiler
arm-none-eabi-gcc -mcpu=cortex-m3 -mthumb -Og -fmessage-length=0 -fsigned-char -ffunction-sections -fdata-sections -ffreestanding -fno-move-loop-invariants -Wall -Wextra  -g3 -DDEBUG -DUSE_FULL_ASSERT -DTRACE -DOS_USE_TRACE_SEMIHOSTING_DEBUG -DSTM32F10X_MD -DUSE_STDPERIPH_DRIVER -DHSE_VALUE=8000000 -I"../include" -I"../system/include" -I"../system/include/cmsis" -I"../system/include/stm32f1-stdperiph" -std=gnu11 -MMD -MP -MF"src/USART_program.d" -MT"src/USART_program.o" -c -o "src/USART_program.o" "../src/USART_program.c"
Finished building: ../src/USART_program.c
 
Building target: 22-IOT.elf
Invoking: Cross ARM GNU C++ Linker
arm-none-eabi-g++ -mcpu=cortex-m3 -mthumb -Og -fmessage-length=0 -fsigned-char -ffunction-sections -fdata-sections -ffreestanding -fno-move-loop-invariants -Wall -Wextra  -g3 -T mem.ld -T libs.ld -T sections.ld -nostartfiles -Xlinker --gc-sections -L"../ldscripts" -Wl,-Map,"22-IOT.map" --specs=nano.specs -o "22-IOT.elf"  ./system/src/stm32f1-stdperiph/misc.o ./system/src/stm32f1-stdperiph/stm32f10x_gpio.o ./system/src/stm32f1-stdperiph/stm32f10x_rcc.o  ./system/src/newlib/_cxx.o ./system/src/newlib/_exit.o ./system/src/newlib/_sbrk.o ./system/src/newlib/_startup.o ./system/src/newlib/_syscalls.o ./system/src/newlib/assert.o  ./system/src/diag/Trace.o ./system/src/diag/trace_impl.o  ./system/src/cortexm/_initialize_hardware.o ./system/src/cortexm/_reset_hardware.o ./system/src/cortexm/exception_handlers.o  ./system/src/cmsis/system_stm32f10x.o ./system/src/cmsis/vectors_stm32f10x.o  ./src/Esp_program.o ./src/GPIO_program.o ./src/RCC_program.o ./src/STk_program.o ./src/USART_program.o ./src/main.o   
./src/Esp_program.o: In function `HEsp_voidInit':
D:\ARM_WS\22-IOT\Debug/../src/Esp_program.c:30: undefined reference to `MUSART1_u8Transmit'
D:\ARM_WS\22-IOT\Debug/../src/Esp_program.c:42: undefined reference to `MUSART1_u8Transmit'
./src/Esp_program.o: In function `HEsp_voidConnectOnWifi':
D:\ARM_WS\22-IOT\Debug/../src/Esp_program.c:60: undefined reference to `MUSART1_u8Transmit'
./src/Esp_program.o: In function `HEsp_voidConnectOnServer':
D:\ARM_WS\22-IOT\Debug/../src/Esp_program.c:79: undefined reference to `MUSART1_u8Transmit'
./src/Esp_program.o: In function `HEsp_voidSendData':
D:\ARM_WS\22-IOT\Debug/../src/Esp_program.c:102: undefined reference to `MUSART1_u8Transmit'
./src/Esp_program.o:D:\ARM_WS\22-IOT\Debug/../src/Esp_program.c:119: more undefined references to `MUSART1_u8Transmit' follow
collect2.exe: error: ld returned 1 exit status
make: *** [makefile:64: 22-IOT.elf] Error 1
18:05:26 **** Incremental Build of configuration Debug for project 22-IOT ****
make all 
Building file: ../src/Esp_program.c
Invoking: Cross ARM GNU C Compiler
arm-none-eabi-gcc -mcpu=cortex-m3 -mthumb -Og -fmessage-length=0 -fsigned-char -ffunction-sections -fdata-sections -ffreestanding -fno-move-loop-invariants -Wall -Wextra  -g3 -DDEBUG -DUSE_FULL_ASSERT -DTRACE -DOS_USE_TRACE_SEMIHOSTING_DEBUG -DSTM32F10X_MD -DUSE_STDPERIPH_DRIVER -DHSE_VALUE=8000000 -I"../include" -I"../system/include" -I"../system/include/cmsis" -I"../system/include/stm32f1-stdperiph" -std=gnu11 -MMD -MP -MF"src/Esp_program.d" -MT"src/Esp_program.o" -c -o "src/Esp_program.o" "../src/Esp_program.c"
../src/Esp_program.c: In function 'HEsp_voidInit':
../src/Esp_program.c:242:3: warning: implicit declaration of function 'MUSART1_voidTransmit'; did you mean 'MUSART1_u8Transmit'? [-Wimplicit-function-declaration]
   MUSART1_voidTransmit("ATE0\r\n");
   ^~~~~~~~~~~~~~~~~~~~
   MUSART1_u8Transmit
../src/Esp_program.c: In function 'HEsp_voidConnectOnWifi':
../src/Esp_program.c:265:2: warning: implicit declaration of function 'sprintf' [-Wimplicit-function-declaration]
  sprintf(Local_u8Data,"AT+CWJAP_CUR=%s%s%s,%s%s%s\r\n",Quotes,Copy_u8Name,Quotes,Quotes,Copy_u8Password,Quotes);
  ^~~~~~~
../src/Esp_program.c: In function 'HEsp_voidSendData':
../src/Esp_program.c:321:2: warning: implicit declaration of function 'strcpy' [-Wimplicit-function-declaration]
  strcpy(Local_u8Data,"");
  ^~~~~~
../src/Esp_program.c: In function 'HEsp_u8CheckData':
../src/Esp_program.c:382:19: warning: character constant too long for its type
    Local_u8Data = 'Error';
                   ^~~~~~~
../src/Esp_program.c:382:19: warning: large integer implicitly truncated to unsigned type [-Woverflow]
Finished building: ../src/Esp_program.c
 
Building target: 22-IOT.elf
Invoking: Cross ARM GNU C++ Linker
arm-none-eabi-g++ -mcpu=cortex-m3 -mthumb -Og -fmessage-length=0 -fsigned-char -ffunction-sections -fdata-sections -ffreestanding -fno-move-loop-invariants -Wall -Wextra  -g3 -T mem.ld -T libs.ld -T sections.ld -nostartfiles -Xlinker --gc-sections -L"../ldscripts" -Wl,-Map,"22-IOT.map" --specs=nano.specs -o "22-IOT.elf"  ./system/src/stm32f1-stdperiph/misc.o ./system/src/stm32f1-stdperiph/stm32f10x_gpio.o ./system/src/stm32f1-stdperiph/stm32f10x_rcc.o  ./system/src/newlib/_cxx.o ./system/src/newlib/_exit.o ./system/src/newlib/_sbrk.o ./system/src/newlib/_startup.o ./system/src/newlib/_syscalls.o ./system/src/newlib/assert.o  ./system/src/diag/Trace.o ./system/src/diag/trace_impl.o  ./system/src/cortexm/_initialize_hardware.o ./system/src/cortexm/_reset_hardware.o ./system/src/cortexm/exception_handlers.o  ./system/src/cmsis/system_stm32f10x.o ./system/src/cmsis/vectors_stm32f10x.o  ./src/Esp_program.o ./src/GPIO_program.o ./src/RCC_program.o ./src/STk_program.o ./src/USART_program.o ./src/main.o   
Finished building target: 22-IOT.elf
 
Invoking: Cross ARM GNU Create Flash Image
arm-none-eabi-objcopy -O ihex "22-IOT.elf"  "22-IOT.hex"
Finished building: 22-IOT.hex
 
Invoking: Cross ARM GNU Print Size
arm-none-eabi-size --format=berkeley "22-IOT.elf"
   text	   data	    bss	    dec	    hex	filename
   5995	    180	    420	   6595	   19c3	22-IOT.elf
Finished building: 22-IOT.siz
 
18:18:52 **** Incremental Build of configuration Debug for project 22-IOT ****
make all 
Building file: ../src/Esp_program.c
Invoking: Cross ARM GNU C Compiler
arm-none-eabi-gcc -mcpu=cortex-m3 -mthumb -Og -fmessage-length=0 -fsigned-char -ffunction-sections -fdata-sections -ffreestanding -fno-move-loop-invariants -Wall -Wextra  -g3 -DDEBUG -DUSE_FULL_ASSERT -DTRACE -DOS_USE_TRACE_SEMIHOSTING_DEBUG -DSTM32F10X_MD -DUSE_STDPERIPH_DRIVER -DHSE_VALUE=8000000 -I"../include" -I"../system/include" -I"../system/include/cmsis" -I"../system/include/stm32f1-stdperiph" -std=gnu11 -MMD -MP -MF"src/Esp_program.d" -MT"src/Esp_program.o" -c -o "src/Esp_program.o" "../src/Esp_program.c"
../src/Esp_program.c: In function 'HEsp_voidInit':
../src/Esp_program.c:242:3: warning: implicit declaration of function 'MUSART1_voidTransmit'; did you mean 'MUSART1_u8Transmit'? [-Wimplicit-function-declaration]
   MUSART1_voidTransmit("ATE0\r\n");
   ^~~~~~~~~~~~~~~~~~~~
   MUSART1_u8Transmit
../src/Esp_program.c: In function 'HEsp_voidConnectOnWifi':
../src/Esp_program.c:265:2: warning: implicit declaration of function 'sprintf' [-Wimplicit-function-declaration]
  sprintf(Local_u8Data,"AT+CWJAP_CUR=%s%s%s,%s%s%s\r\n",Quotes,Copy_u8Name,Quotes,Quotes,Copy_u8Password,Quotes);
  ^~~~~~~
../src/Esp_program.c: In function 'HEsp_voidSendData':
../src/Esp_program.c:321:2: warning: implicit declaration of function 'strcpy' [-Wimplicit-function-declaration]
  strcpy(Local_u8Data,"");
  ^~~~~~
../src/Esp_program.c: In function 'HEsp_u8CheckData':
../src/Esp_program.c:382:19: warning: character constant too long for its type
    Local_u8Data = 'Error';
                   ^~~~~~~
../src/Esp_program.c:382:19: warning: large integer implicitly truncated to unsigned type [-Woverflow]
Finished building: ../src/Esp_program.c
 
Building target: 22-IOT.elf
Invoking: Cross ARM GNU C++ Linker
arm-none-eabi-g++ -mcpu=cortex-m3 -mthumb -Og -fmessage-length=0 -fsigned-char -ffunction-sections -fdata-sections -ffreestanding -fno-move-loop-invariants -Wall -Wextra  -g3 -T mem.ld -T libs.ld -T sections.ld -nostartfiles -Xlinker --gc-sections -L"../ldscripts" -Wl,-Map,"22-IOT.map" --specs=nano.specs -o "22-IOT.elf"  ./system/src/stm32f1-stdperiph/misc.o ./system/src/stm32f1-stdperiph/stm32f10x_gpio.o ./system/src/stm32f1-stdperiph/stm32f10x_rcc.o  ./system/src/newlib/_cxx.o ./system/src/newlib/_exit.o ./system/src/newlib/_sbrk.o ./system/src/newlib/_startup.o ./system/src/newlib/_syscalls.o ./system/src/newlib/assert.o  ./system/src/diag/Trace.o ./system/src/diag/trace_impl.o  ./system/src/cortexm/_initialize_hardware.o ./system/src/cortexm/_reset_hardware.o ./system/src/cortexm/exception_handlers.o  ./system/src/cmsis/system_stm32f10x.o ./system/src/cmsis/vectors_stm32f10x.o  ./src/Esp_program.o ./src/GPIO_program.o ./src/RCC_program.o ./src/STk_program.o ./src/USART_program.o ./src/main.o   
Finished building target: 22-IOT.elf
 
Invoking: Cross ARM GNU Create Flash Image
arm-none-eabi-objcopy -O ihex "22-IOT.elf"  "22-IOT.hex"
Finished building: 22-IOT.hex
 
Invoking: Cross ARM GNU Print Size
arm-none-eabi-size --format=berkeley "22-IOT.elf"
   text	   data	    bss	    dec	    hex	filename
   5995	    180	    420	   6595	   19c3	22-IOT.elf
Finished building: 22-IOT.siz
 
19:12:14 **** Incremental Build of configuration Debug for project 22-IOT ****
make all 
Building file: ../src/Esp_program.c
Invoking: Cross ARM GNU C Compiler
arm-none-eabi-gcc -mcpu=cortex-m3 -mthumb -Og -fmessage-length=0 -fsigned-char -ffunction-sections -fdata-sections -ffreestanding -fno-move-loop-invariants -Wall -Wextra  -g3 -DDEBUG -DUSE_FULL_ASSERT -DTRACE -DOS_USE_TRACE_SEMIHOSTING_DEBUG -DSTM32F10X_MD -DUSE_STDPERIPH_DRIVER -DHSE_VALUE=8000000 -I"../include" -I"../system/include" -I"../system/include/cmsis" -I"../system/include/stm32f1-stdperiph" -std=gnu11 -MMD -MP -MF"src/Esp_program.d" -MT"src/Esp_program.o" -c -o "src/Esp_program.o" "../src/Esp_program.c"
../src/Esp_program.c: In function 'HEsp_voidInit':
../src/Esp_program.c:242:24: warning: pointer targets in passing argument 1 of 'MUSART1_voidTransmit' differ in signedness [-Wpointer-sign]
   MUSART1_voidTransmit("ATE0\r\n");
                        ^~~~~~~~~~
In file included from ../src/Esp_program.c:229:0:
../include/USART_interface.h:30:6: note: expected 'u8 * {aka unsigned char *}' but argument is of type 'char *'
 void MUSART1_voidTransmit(u8 arr[]);
      ^~~~~~~~~~~~~~~~~~~~
../src/Esp_program.c:254:24: warning: pointer targets in passing argument 1 of 'MUSART1_voidTransmit' differ in signedness [-Wpointer-sign]
   MUSART1_voidTransmit("AT+CWMODE=1\r\n");
                        ^~~~~~~~~~~~~~~~~
In file included from ../src/Esp_program.c:229:0:
../include/USART_interface.h:30:6: note: expected 'u8 * {aka unsigned char *}' but argument is of type 'char *'
 void MUSART1_voidTransmit(u8 arr[]);
      ^~~~~~~~~~~~~~~~~~~~
../src/Esp_program.c: In function 'HEsp_voidConnectOnWifi':
../src/Esp_program.c:265:2: warning: implicit declaration of function 'sprintf' [-Wimplicit-function-declaration]
  sprintf(Local_u8Data,"AT+CWJAP_CUR=%s%s%s,%s%s%s\r\n",Quotes,Copy_u8Name,Quotes,Quotes,Copy_u8Password,Quotes);
  ^~~~~~~
../src/Esp_program.c: In function 'HEsp_voidSendData':
../src/Esp_program.c:321:2: warning: implicit declaration of function 'strcpy' [-Wimplicit-function-declaration]
  strcpy(Local_u8Data,"");
  ^~~~~~
../src/Esp_program.c: In function 'HEsp_u8CheckData':
../src/Esp_program.c:382:19: warning: character constant too long for its type
    Local_u8Data = 'Error';
                   ^~~~~~~
../src/Esp_program.c:382:19: warning: large integer implicitly truncated to unsigned type [-Woverflow]
Finished building: ../src/Esp_program.c
 
Building file: ../src/USART_program.c
Invoking: Cross ARM GNU C Compiler
arm-none-eabi-gcc -mcpu=cortex-m3 -mthumb -Og -fmessage-length=0 -fsigned-char -ffunction-sections -fdata-sections -ffreestanding -fno-move-loop-invariants -Wall -Wextra  -g3 -DDEBUG -DUSE_FULL_ASSERT -DTRACE -DOS_USE_TRACE_SEMIHOSTING_DEBUG -DSTM32F10X_MD -DUSE_STDPERIPH_DRIVER -DHSE_VALUE=8000000 -I"../include" -I"../system/include" -I"../system/include/cmsis" -I"../system/include/stm32f1-stdperiph" -std=gnu11 -MMD -MP -MF"src/USART_program.d" -MT"src/USART_program.o" -c -o "src/USART_program.o" "../src/USART_program.c"
Finished building: ../src/USART_program.c
 
Building file: ../src/main.c
Invoking: Cross ARM GNU C Compiler
arm-none-eabi-gcc -mcpu=cortex-m3 -mthumb -Og -fmessage-length=0 -fsigned-char -ffunction-sections -fdata-sections -ffreestanding -fno-move-loop-invariants -Wall -Wextra  -g3 -DDEBUG -DUSE_FULL_ASSERT -DTRACE -DOS_USE_TRACE_SEMIHOSTING_DEBUG -DSTM32F10X_MD -DUSE_STDPERIPH_DRIVER -DHSE_VALUE=8000000 -I"../include" -I"../system/include" -I"../system/include/cmsis" -I"../system/include/stm32f1-stdperiph" -std=gnu11 -MMD -MP -MF"src/main.d" -MT"src/main.o" -c -o "src/main.o" "../src/main.c"
../src/main.c: In function 'main':
../src/main.c:44:25: warning: pointer targets in passing argument 1 of 'HEsp_voidConnectOnWifi' differ in signedness [-Wpointer-sign]
  HEsp_voidConnectOnWifi("WE_9A2B93","k6m21723");
                         ^~~~~~~~~~~
In file included from ../src/main.c:14:0:
../include/Esp_interface.h:12:6: note: expected 'u8 * {aka unsigned char *}' but argument is of type 'char *'
 void HEsp_voidConnectOnWifi(u8 *Copy_u8Name, u8 *Copy_u8Password); //AT+CWJAP_CUR="Name","Pass"
      ^~~~~~~~~~~~~~~~~~~~~~
../src/main.c:44:37: warning: pointer targets in passing argument 2 of 'HEsp_voidConnectOnWifi' differ in signedness [-Wpointer-sign]
  HEsp_voidConnectOnWifi("WE_9A2B93","k6m21723");
                                     ^~~~~~~~~~
In file included from ../src/main.c:14:0:
../include/Esp_interface.h:12:6: note: expected 'u8 * {aka unsigned char *}' but argument is of type 'char *'
 void HEsp_voidConnectOnWifi(u8 *Copy_u8Name, u8 *Copy_u8Password); //AT+CWJAP_CUR="Name","Pass"
      ^~~~~~~~~~~~~~~~~~~~~~
../src/main.c:46:27: warning: passing argument 1 of 'HEsp_voidConnectOnServer' makes integer from pointer without a cast [-Wint-conversion]
  HEsp_voidConnectOnServer("162.253.155.226");
                           ^~~~~~~~~~~~~~~~~
In file included from ../src/main.c:14:0:
../include/Esp_interface.h:13:6: note: expected 'u8 {aka unsigned char}' but argument is of type 'char *'
 void HEsp_voidConnectOnServer(u8 Copy_u8IP); //AT+CIPSTART="TCP","162.253.155.226",80
      ^~~~~~~~~~~~~~~~~~~~~~~~
../src/main.c:48:23: warning: passing argument 2 of 'HEsp_voidSendData' makes integer from pointer without a cast [-Wint-conversion]
  HEsp_voidSendData(45,"ahmedarm.freevar.com");
                       ^~~~~~~~~~~~~~~~~~~~~~
In file included from ../src/main.c:14:0:
../include/Esp_interface.h:19:6: note: expected 'u8 {aka unsigned char}' but argument is of type 'char *'
 void HEsp_voidSendData(u8 Copy_u8DataSize,u8 Copy_u8WebSite);
      ^~~~~~~~~~~~~~~~~
Finished building: ../src/main.c
 
Building target: 22-IOT.elf
Invoking: Cross ARM GNU C++ Linker
arm-none-eabi-g++ -mcpu=cortex-m3 -mthumb -Og -fmessage-length=0 -fsigned-char -ffunction-sections -fdata-sections -ffreestanding -fno-move-loop-invariants -Wall -Wextra  -g3 -T mem.ld -T libs.ld -T sections.ld -nostartfiles -Xlinker --gc-sections -L"../ldscripts" -Wl,-Map,"22-IOT.map" --specs=nano.specs -o "22-IOT.elf"  ./system/src/stm32f1-stdperiph/misc.o ./system/src/stm32f1-stdperiph/stm32f10x_gpio.o ./system/src/stm32f1-stdperiph/stm32f10x_rcc.o  ./system/src/newlib/_cxx.o ./system/src/newlib/_exit.o ./system/src/newlib/_sbrk.o ./system/src/newlib/_startup.o ./system/src/newlib/_syscalls.o ./system/src/newlib/assert.o  ./system/src/diag/Trace.o ./system/src/diag/trace_impl.o  ./system/src/cortexm/_initialize_hardware.o ./system/src/cortexm/_reset_hardware.o ./system/src/cortexm/exception_handlers.o  ./system/src/cmsis/system_stm32f10x.o ./system/src/cmsis/vectors_stm32f10x.o  ./src/Esp_program.o ./src/GPIO_program.o ./src/RCC_program.o ./src/STk_program.o ./src/USART_program.o ./src/main.o   
Finished building target: 22-IOT.elf
 
Invoking: Cross ARM GNU Create Flash Image
arm-none-eabi-objcopy -O ihex "22-IOT.elf"  "22-IOT.hex"
Finished building: 22-IOT.hex
 
Invoking: Cross ARM GNU Print Size
arm-none-eabi-size --format=berkeley "22-IOT.elf"
   text	   data	    bss	    dec	    hex	filename
   5995	    180	    420	   6595	   19c3	22-IOT.elf
Finished building: 22-IOT.siz
 
19:40:39 **** Incremental Build of configuration Debug for project 22-IOT ****
make all 
Building file: ../src/Esp_program.c
Invoking: Cross ARM GNU C Compiler
arm-none-eabi-gcc -mcpu=cortex-m3 -mthumb -Og -fmessage-length=0 -fsigned-char -ffunction-sections -fdata-sections -ffreestanding -fno-move-loop-invariants -Wall -Wextra  -g3 -DDEBUG -DUSE_FULL_ASSERT -DTRACE -DOS_USE_TRACE_SEMIHOSTING_DEBUG -DSTM32F10X_MD -DUSE_STDPERIPH_DRIVER -DHSE_VALUE=8000000 -I"../include" -I"../system/include" -I"../system/include/cmsis" -I"../system/include/stm32f1-stdperiph" -std=gnu11 -MMD -MP -MF"src/Esp_program.d" -MT"src/Esp_program.o" -c -o "src/Esp_program.o" "../src/Esp_program.c"
../src/Esp_program.c: In function 'HEsp_voidInit':
../src/Esp_program.c:242:24: warning: pointer targets in passing argument 1 of 'MUSART1_voidTransmit' differ in signedness [-Wpointer-sign]
   MUSART1_voidTransmit("ATE0\r\n");
                        ^~~~~~~~~~
In file included from ../src/Esp_program.c:229:0:
../include/USART_interface.h:30:6: note: expected 'u8 * {aka unsigned char *}' but argument is of type 'char *'
 void MUSART1_voidTransmit(u8 arr[]);
      ^~~~~~~~~~~~~~~~~~~~
../src/Esp_program.c:254:24: warning: pointer targets in passing argument 1 of 'MUSART1_voidTransmit' differ in signedness [-Wpointer-sign]
   MUSART1_voidTransmit("AT+CWMODE=1\r\n");
                        ^~~~~~~~~~~~~~~~~
In file included from ../src/Esp_program.c:229:0:
../include/USART_interface.h:30:6: note: expected 'u8 * {aka unsigned char *}' but argument is of type 'char *'
 void MUSART1_voidTransmit(u8 arr[]);
      ^~~~~~~~~~~~~~~~~~~~
../src/Esp_program.c: In function 'HEsp_voidConnectOnWifi':
../src/Esp_program.c:265:2: warning: implicit declaration of function 'sprintf' [-Wimplicit-function-declaration]
  sprintf(Local_u8Data,"AT+CWJAP_CUR=%s%s%s,%s%s%s\r\n",Quotes,Copy_u8Name,Quotes,Quotes,Copy_u8Password,Quotes);
  ^~~~~~~
../src/Esp_program.c: In function 'HEsp_voidSendData':
../src/Esp_program.c:321:2: warning: implicit declaration of function 'strcpy' [-Wimplicit-function-declaration]
  strcpy(Local_u8Data,"");
  ^~~~~~
../src/Esp_program.c: In function 'HEsp_u8CheckData':
../src/Esp_program.c:382:19: warning: character constant too long for its type
    Local_u8Data = 'Error';
                   ^~~~~~~
../src/Esp_program.c:382:19: warning: large integer implicitly truncated to unsigned type [-Woverflow]
Finished building: ../src/Esp_program.c
 
Building file: ../src/main.c
Invoking: Cross ARM GNU C Compiler
arm-none-eabi-gcc -mcpu=cortex-m3 -mthumb -Og -fmessage-length=0 -fsigned-char -ffunction-sections -fdata-sections -ffreestanding -fno-move-loop-invariants -Wall -Wextra  -g3 -DDEBUG -DUSE_FULL_ASSERT -DTRACE -DOS_USE_TRACE_SEMIHOSTING_DEBUG -DSTM32F10X_MD -DUSE_STDPERIPH_DRIVER -DHSE_VALUE=8000000 -I"../include" -I"../system/include" -I"../system/include/cmsis" -I"../system/include/stm32f1-stdperiph" -std=gnu11 -MMD -MP -MF"src/main.d" -MT"src/main.o" -c -o "src/main.o" "../src/main.c"
../src/main.c: In function 'main':
../src/main.c:44:25: warning: pointer targets in passing argument 1 of 'HEsp_voidConnectOnWifi' differ in signedness [-Wpointer-sign]
  HEsp_voidConnectOnWifi("WE_9A2B93","k6m21723");
                         ^~~~~~~~~~~
In file included from ../src/main.c:14:0:
../include/Esp_interface.h:13:6: note: expected 'u8 * {aka unsigned char *}' but argument is of type 'char *'
 void HEsp_voidConnectOnWifi(u8 *Copy_u8Name, u8 *Copy_u8Password); //AT+CWJAP_CUR="Name","Pass"
      ^~~~~~~~~~~~~~~~~~~~~~
../src/main.c:44:37: warning: pointer targets in passing argument 2 of 'HEsp_voidConnectOnWifi' differ in signedness [-Wpointer-sign]
  HEsp_voidConnectOnWifi("WE_9A2B93","k6m21723");
                                     ^~~~~~~~~~
In file included from ../src/main.c:14:0:
../include/Esp_interface.h:13:6: note: expected 'u8 * {aka unsigned char *}' but argument is of type 'char *'
 void HEsp_voidConnectOnWifi(u8 *Copy_u8Name, u8 *Copy_u8Password); //AT+CWJAP_CUR="Name","Pass"
      ^~~~~~~~~~~~~~~~~~~~~~
../src/main.c:46:27: warning: passing argument 1 of 'HEsp_voidConnectOnServer' makes integer from pointer without a cast [-Wint-conversion]
  HEsp_voidConnectOnServer("162.253.155.226");
                           ^~~~~~~~~~~~~~~~~
In file included from ../src/main.c:14:0:
../include/Esp_interface.h:14:6: note: expected 'u8 {aka unsigned char}' but argument is of type 'char *'
 void HEsp_voidConnectOnServer(u8 Copy_u8IP); //AT+CIPSTART="TCP","162.253.155.226",80
      ^~~~~~~~~~~~~~~~~~~~~~~~
../src/main.c:48:23: warning: passing argument 2 of 'HEsp_voidSendData' makes integer from pointer without a cast [-Wint-conversion]
  HEsp_voidSendData(45,"ahmedarm.freevar.com");
                       ^~~~~~~~~~~~~~~~~~~~~~
In file included from ../src/main.c:14:0:
../include/Esp_interface.h:20:6: note: expected 'u8 {aka unsigned char}' but argument is of type 'char *'
 void HEsp_voidSendData(u8 Copy_u8DataSize,u8 Copy_u8WebSite);
      ^~~~~~~~~~~~~~~~~
Finished building: ../src/main.c
 
Building target: 22-IOT.elf
Invoking: Cross ARM GNU C++ Linker
arm-none-eabi-g++ -mcpu=cortex-m3 -mthumb -Og -fmessage-length=0 -fsigned-char -ffunction-sections -fdata-sections -ffreestanding -fno-move-loop-invariants -Wall -Wextra  -g3 -T mem.ld -T libs.ld -T sections.ld -nostartfiles -Xlinker --gc-sections -L"../ldscripts" -Wl,-Map,"22-IOT.map" --specs=nano.specs -o "22-IOT.elf"  ./system/src/stm32f1-stdperiph/misc.o ./system/src/stm32f1-stdperiph/stm32f10x_gpio.o ./system/src/stm32f1-stdperiph/stm32f10x_rcc.o  ./system/src/newlib/_cxx.o ./system/src/newlib/_exit.o ./system/src/newlib/_sbrk.o ./system/src/newlib/_startup.o ./system/src/newlib/_syscalls.o ./system/src/newlib/assert.o  ./system/src/diag/Trace.o ./system/src/diag/trace_impl.o  ./system/src/cortexm/_initialize_hardware.o ./system/src/cortexm/_reset_hardware.o ./system/src/cortexm/exception_handlers.o  ./system/src/cmsis/system_stm32f10x.o ./system/src/cmsis/vectors_stm32f10x.o  ./src/Esp_program.o ./src/GPIO_program.o ./src/RCC_program.o ./src/STk_program.o ./src/USART_program.o ./src/main.o   
Finished building target: 22-IOT.elf
 
Invoking: Cross ARM GNU Create Flash Image
arm-none-eabi-objcopy -O ihex "22-IOT.elf"  "22-IOT.hex"
Finished building: 22-IOT.hex
 
Invoking: Cross ARM GNU Print Size
arm-none-eabi-size --format=berkeley "22-IOT.elf"
   text	   data	    bss	    dec	    hex	filename
   5995	    180	    420	   6595	   19c3	22-IOT.elf
Finished building: 22-IOT.siz
 
19:44:44 **** Incremental Build of configuration Debug for project 22-IOT ****
make all 
Building file: ../src/Esp_program.c
Invoking: Cross ARM GNU C Compiler
arm-none-eabi-gcc -mcpu=cortex-m3 -mthumb -Og -fmessage-length=0 -fsigned-char -ffunction-sections -fdata-sections -ffreestanding -fno-move-loop-invariants -Wall -Wextra  -g3 -DDEBUG -DUSE_FULL_ASSERT -DTRACE -DOS_USE_TRACE_SEMIHOSTING_DEBUG -DSTM32F10X_MD -DUSE_STDPERIPH_DRIVER -DHSE_VALUE=8000000 -I"../include" -I"../system/include" -I"../system/include/cmsis" -I"../system/include/stm32f1-stdperiph" -std=gnu11 -MMD -MP -MF"src/Esp_program.d" -MT"src/Esp_program.o" -c -o "src/Esp_program.o" "../src/Esp_program.c"
../src/Esp_program.c: In function 'HEsp_voidInit':
../src/Esp_program.c:242:24: warning: pointer targets in passing argument 1 of 'MUSART1_voidTransmit' differ in signedness [-Wpointer-sign]
   MUSART1_voidTransmit("ATE0\r\n");
                        ^~~~~~~~~~
In file included from ../src/Esp_program.c:229:0:
../include/USART_interface.h:30:6: note: expected 'u8 * {aka unsigned char *}' but argument is of type 'char *'
 void MUSART1_voidTransmit(u8 arr[]);
      ^~~~~~~~~~~~~~~~~~~~
../src/Esp_program.c:254:24: warning: pointer targets in passing argument 1 of 'MUSART1_voidTransmit' differ in signedness [-Wpointer-sign]
   MUSART1_voidTransmit("AT+CWMODE=1\r\n");
                        ^~~~~~~~~~~~~~~~~
In file included from ../src/Esp_program.c:229:0:
../include/USART_interface.h:30:6: note: expected 'u8 * {aka unsigned char *}' but argument is of type 'char *'
 void MUSART1_voidTransmit(u8 arr[]);
      ^~~~~~~~~~~~~~~~~~~~
../src/Esp_program.c: In function 'HEsp_voidConnectOnWifi':
../src/Esp_program.c:265:2: warning: implicit declaration of function 'sprintf' [-Wimplicit-function-declaration]
  sprintf(Local_u8Data,"AT+CWJAP_CUR=%s%s%s,%s%s%s\r\n",Quotes,Copy_u8Name,Quotes,Quotes,Copy_u8Password,Quotes);
  ^~~~~~~
../src/Esp_program.c: In function 'HEsp_voidSendData':
../src/Esp_program.c:321:2: warning: implicit declaration of function 'strcpy' [-Wimplicit-function-declaration]
  strcpy(Local_u8Data,"");
  ^~~~~~
../src/Esp_program.c: In function 'HEsp_u8CheckData':
../src/Esp_program.c:382:19: warning: character constant too long for its type
    Local_u8Data = 'Error';
                   ^~~~~~~
../src/Esp_program.c:382:19: warning: large integer implicitly truncated to unsigned type [-Woverflow]
Finished building: ../src/Esp_program.c
 
Building file: ../src/main.c
Invoking: Cross ARM GNU C Compiler
arm-none-eabi-gcc -mcpu=cortex-m3 -mthumb -Og -fmessage-length=0 -fsigned-char -ffunction-sections -fdata-sections -ffreestanding -fno-move-loop-invariants -Wall -Wextra  -g3 -DDEBUG -DUSE_FULL_ASSERT -DTRACE -DOS_USE_TRACE_SEMIHOSTING_DEBUG -DSTM32F10X_MD -DUSE_STDPERIPH_DRIVER -DHSE_VALUE=8000000 -I"../include" -I"../system/include" -I"../system/include/cmsis" -I"../system/include/stm32f1-stdperiph" -std=gnu11 -MMD -MP -MF"src/main.d" -MT"src/main.o" -c -o "src/main.o" "../src/main.c"
../src/main.c: In function 'main':
../src/main.c:44:25: warning: pointer targets in passing argument 1 of 'HEsp_voidConnectOnWifi' differ in signedness [-Wpointer-sign]
  HEsp_voidConnectOnWifi("WE_9A2B93","k6m21723");
                         ^~~~~~~~~~~
In file included from ../src/main.c:14:0:
../include/Esp_interface.h:13:6: note: expected 'u8 * {aka unsigned char *}' but argument is of type 'char *'
 void HEsp_voidConnectOnWifi(u8 *Copy_u8Name, u8 *Copy_u8Password); //AT+CWJAP_CUR="Name","Pass"
      ^~~~~~~~~~~~~~~~~~~~~~
../src/main.c:44:37: warning: pointer targets in passing argument 2 of 'HEsp_voidConnectOnWifi' differ in signedness [-Wpointer-sign]
  HEsp_voidConnectOnWifi("WE_9A2B93","k6m21723");
                                     ^~~~~~~~~~
In file included from ../src/main.c:14:0:
../include/Esp_interface.h:13:6: note: expected 'u8 * {aka unsigned char *}' but argument is of type 'char *'
 void HEsp_voidConnectOnWifi(u8 *Copy_u8Name, u8 *Copy_u8Password); //AT+CWJAP_CUR="Name","Pass"
      ^~~~~~~~~~~~~~~~~~~~~~
../src/main.c:46:27: warning: passing argument 1 of 'HEsp_voidConnectOnServer' makes integer from pointer without a cast [-Wint-conversion]
  HEsp_voidConnectOnServer("162.253.155.226");
                           ^~~~~~~~~~~~~~~~~
In file included from ../src/main.c:14:0:
../include/Esp_interface.h:14:6: note: expected 'u8 {aka unsigned char}' but argument is of type 'char *'
 void HEsp_voidConnectOnServer(u8 Copy_u8IP); //AT+CIPSTART="TCP","162.253.155.226",80
      ^~~~~~~~~~~~~~~~~~~~~~~~
../src/main.c:48:23: warning: passing argument 2 of 'HEsp_voidSendData' makes integer from pointer without a cast [-Wint-conversion]
  HEsp_voidSendData(45,"ahmedarm.freevar.com");
                       ^~~~~~~~~~~~~~~~~~~~~~
In file included from ../src/main.c:14:0:
../include/Esp_interface.h:20:6: note: expected 'u8 {aka unsigned char}' but argument is of type 'char *'
 void HEsp_voidSendData(u8 Copy_u8DataSize,u8 Copy_u8WebSite);
      ^~~~~~~~~~~~~~~~~
Finished building: ../src/main.c
 
Building target: 22-IOT.elf
Invoking: Cross ARM GNU C++ Linker
arm-none-eabi-g++ -mcpu=cortex-m3 -mthumb -Og -fmessage-length=0 -fsigned-char -ffunction-sections -fdata-sections -ffreestanding -fno-move-loop-invariants -Wall -Wextra  -g3 -T mem.ld -T libs.ld -T sections.ld -nostartfiles -Xlinker --gc-sections -L"../ldscripts" -Wl,-Map,"22-IOT.map" --specs=nano.specs -o "22-IOT.elf"  ./system/src/stm32f1-stdperiph/misc.o ./system/src/stm32f1-stdperiph/stm32f10x_gpio.o ./system/src/stm32f1-stdperiph/stm32f10x_rcc.o  ./system/src/newlib/_cxx.o ./system/src/newlib/_exit.o ./system/src/newlib/_sbrk.o ./system/src/newlib/_startup.o ./system/src/newlib/_syscalls.o ./system/src/newlib/assert.o  ./system/src/diag/Trace.o ./system/src/diag/trace_impl.o  ./system/src/cortexm/_initialize_hardware.o ./system/src/cortexm/_reset_hardware.o ./system/src/cortexm/exception_handlers.o  ./system/src/cmsis/system_stm32f10x.o ./system/src/cmsis/vectors_stm32f10x.o  ./src/Esp_program.o ./src/GPIO_program.o ./src/RCC_program.o ./src/STk_program.o ./src/USART_program.o ./src/main.o   
Finished building target: 22-IOT.elf
 
Invoking: Cross ARM GNU Create Flash Image
arm-none-eabi-objcopy -O ihex "22-IOT.elf"  "22-IOT.hex"
Finished building: 22-IOT.hex
 
Invoking: Cross ARM GNU Print Size
arm-none-eabi-size --format=berkeley "22-IOT.elf"
   text	   data	    bss	    dec	    hex	filename
   5995	    180	    420	   6595	   19c3	22-IOT.elf
Finished building: 22-IOT.siz
 
19:47:19 **** Incremental Build of configuration Debug for project 22-IOT ****
make all 
Building file: ../system/src/stm32f1-stdperiph/misc.c
Invoking: Cross ARM GNU C Compiler
arm-none-eabi-gcc -mcpu=cortex-m3 -mthumb -Og -fmessage-length=0 -fsigned-char -ffunction-sections -fdata-sections -ffreestanding -fno-move-loop-invariants -Wall -Wextra  -g3 -DDEBUG -DUSE_FULL_ASSERT -DTRACE -DOS_USE_TRACE_SEMIHOSTING_DEBUG -DSTM32F10X_MD -DUSE_STDPERIPH_DRIVER -DHSE_VALUE=8000000 -I"../include" -I"../system/include" -I"../system/include/cmsis" -I"../system/include/stm32f1-stdperiph" -std=gnu11 -MMD -MP -MF"system/src/stm32f1-stdperiph/misc.d" -MT"system/src/stm32f1-stdperiph/misc.o" -c -o "system/src/stm32f1-stdperiph/misc.o" "../system/src/stm32f1-stdperiph/misc.c"
Finished building: ../system/src/stm32f1-stdperiph/misc.c
 
Building file: ../system/src/stm32f1-stdperiph/stm32f10x_gpio.c
Invoking: Cross ARM GNU C Compiler
arm-none-eabi-gcc -mcpu=cortex-m3 -mthumb -Og -fmessage-length=0 -fsigned-char -ffunction-sections -fdata-sections -ffreestanding -fno-move-loop-invariants -Wall -Wextra  -g3 -DDEBUG -DUSE_FULL_ASSERT -DTRACE -DOS_USE_TRACE_SEMIHOSTING_DEBUG -DSTM32F10X_MD -DUSE_STDPERIPH_DRIVER -DHSE_VALUE=8000000 -I"../include" -I"../system/include" -I"../system/include/cmsis" -I"../system/include/stm32f1-stdperiph" -std=gnu11 -MMD -MP -MF"system/src/stm32f1-stdperiph/stm32f10x_gpio.d" -MT"system/src/stm32f1-stdperiph/stm32f10x_gpio.o" -c -o "system/src/stm32f1-stdperiph/stm32f10x_gpio.o" "../system/src/stm32f1-stdperiph/stm32f10x_gpio.c"
../system/src/stm32f1-stdperiph/stm32f10x_gpio.c: In function 'GPIO_ETH_MediaInterfaceConfig':
../system/src/stm32f1-stdperiph/stm32f10x_gpio.c:61:39: error: 'u8' undeclared (first use in this function); did you mean 'vu8'?
 #define MII_RMII_SEL_BitNumber      ((u8)0x17)
                                       ^
../system/src/stm32f1-stdperiph/stm32f10x_gpio.c:62:77: note: in expansion of macro 'MII_RMII_SEL_BitNumber'
 #define MAPR_MII_RMII_SEL_BB        (PERIPH_BB_BASE + (MAPR_OFFSET * 32) + (MII_RMII_SEL_BitNumber * 4))
                                                                             ^~~~~~~~~~~~~~~~~~~~~~
../system/src/stm32f1-stdperiph/stm32f10x_gpio.c:635:22: note: in expansion of macro 'MAPR_MII_RMII_SEL_BB'
   *(__IO uint32_t *) MAPR_MII_RMII_SEL_BB = GPIO_ETH_MediaInterface;
                      ^~~~~~~~~~~~~~~~~~~~
../system/src/stm32f1-stdperiph/stm32f10x_gpio.c:61:39: note: each undeclared identifier is reported only once for each function it appears in
 #define MII_RMII_SEL_BitNumber      ((u8)0x17)
                                       ^
../system/src/stm32f1-stdperiph/stm32f10x_gpio.c:62:77: note: in expansion of macro 'MII_RMII_SEL_BitNumber'
 #define MAPR_MII_RMII_SEL_BB        (PERIPH_BB_BASE + (MAPR_OFFSET * 32) + (MII_RMII_SEL_BitNumber * 4))
                                                                             ^~~~~~~~~~~~~~~~~~~~~~
../system/src/stm32f1-stdperiph/stm32f10x_gpio.c:635:22: note: in expansion of macro 'MAPR_MII_RMII_SEL_BB'
   *(__IO uint32_t *) MAPR_MII_RMII_SEL_BB = GPIO_ETH_MediaInterface;
                      ^~~~~~~~~~~~~~~~~~~~
../system/src/stm32f1-stdperiph/stm32f10x_gpio.c:61:42: error: expected ')' before numeric constant
 #define MII_RMII_SEL_BitNumber      ((u8)0x17)
                                          ^
../system/src/stm32f1-stdperiph/stm32f10x_gpio.c:62:77: note: in expansion of macro 'MII_RMII_SEL_BitNumber'
 #define MAPR_MII_RMII_SEL_BB        (PERIPH_BB_BASE + (MAPR_OFFSET * 32) + (MII_RMII_SEL_BitNumber * 4))
                                                                             ^~~~~~~~~~~~~~~~~~~~~~
../system/src/stm32f1-stdperiph/stm32f10x_gpio.c:635:22: note: in expansion of macro 'MAPR_MII_RMII_SEL_BB'
   *(__IO uint32_t *) MAPR_MII_RMII_SEL_BB = GPIO_ETH_MediaInterface;
                      ^~~~~~~~~~~~~~~~~~~~
make: *** [system/src/stm32f1-stdperiph/subdir.mk:26: system/src/stm32f1-stdperiph/stm32f10x_gpio.o] Error 1
19:47:34 **** Incremental Build of configuration Debug for project 22-IOT ****
make all 
Building file: ../system/src/stm32f1-stdperiph/stm32f10x_gpio.c
Invoking: Cross ARM GNU C Compiler
arm-none-eabi-gcc -mcpu=cortex-m3 -mthumb -Og -fmessage-length=0 -fsigned-char -ffunction-sections -fdata-sections -ffreestanding -fno-move-loop-invariants -Wall -Wextra  -g3 -DDEBUG -DUSE_FULL_ASSERT -DTRACE -DOS_USE_TRACE_SEMIHOSTING_DEBUG -DSTM32F10X_MD -DUSE_STDPERIPH_DRIVER -DHSE_VALUE=8000000 -I"../include" -I"../system/include" -I"../system/include/cmsis" -I"../system/include/stm32f1-stdperiph" -std=gnu11 -MMD -MP -MF"system/src/stm32f1-stdperiph/stm32f10x_gpio.d" -MT"system/src/stm32f1-stdperiph/stm32f10x_gpio.o" -c -o "system/src/stm32f1-stdperiph/stm32f10x_gpio.o" "../system/src/stm32f1-stdperiph/stm32f10x_gpio.c"
../system/src/stm32f1-stdperiph/stm32f10x_gpio.c: In function 'GPIO_ETH_MediaInterfaceConfig':
../system/src/stm32f1-stdperiph/stm32f10x_gpio.c:61:39: error: 'u8' undeclared (first use in this function); did you mean 'vu8'?
 #define MII_RMII_SEL_BitNumber      ((u8)0x17)
                                       ^
../system/src/stm32f1-stdperiph/stm32f10x_gpio.c:62:77: note: in expansion of macro 'MII_RMII_SEL_BitNumber'
 #define MAPR_MII_RMII_SEL_BB        (PERIPH_BB_BASE + (MAPR_OFFSET * 32) + (MII_RMII_SEL_BitNumber * 4))
                                                                             ^~~~~~~~~~~~~~~~~~~~~~
../system/src/stm32f1-stdperiph/stm32f10x_gpio.c:635:22: note: in expansion of macro 'MAPR_MII_RMII_SEL_BB'
   *(__IO uint32_t *) MAPR_MII_RMII_SEL_BB = GPIO_ETH_MediaInterface;
                      ^~~~~~~~~~~~~~~~~~~~
../system/src/stm32f1-stdperiph/stm32f10x_gpio.c:61:39: note: each undeclared identifier is reported only once for each function it appears in
 #define MII_RMII_SEL_BitNumber      ((u8)0x17)
                                       ^
../system/src/stm32f1-stdperiph/stm32f10x_gpio.c:62:77: note: in expansion of macro 'MII_RMII_SEL_BitNumber'
 #define MAPR_MII_RMII_SEL_BB        (PERIPH_BB_BASE + (MAPR_OFFSET * 32) + (MII_RMII_SEL_BitNumber * 4))
                                                                             ^~~~~~~~~~~~~~~~~~~~~~
../system/src/stm32f1-stdperiph/stm32f10x_gpio.c:635:22: note: in expansion of macro 'MAPR_MII_RMII_SEL_BB'
   *(__IO uint32_t *) MAPR_MII_RMII_SEL_BB = GPIO_ETH_MediaInterface;
                      ^~~~~~~~~~~~~~~~~~~~
../system/src/stm32f1-stdperiph/stm32f10x_gpio.c:61:42: error: expected ')' before numeric constant
 #define MII_RMII_SEL_BitNumber      ((u8)0x17)
                                          ^
../system/src/stm32f1-stdperiph/stm32f10x_gpio.c:62:77: note: in expansion of macro 'MII_RMII_SEL_BitNumber'
 #define MAPR_MII_RMII_SEL_BB        (PERIPH_BB_BASE + (MAPR_OFFSET * 32) + (MII_RMII_SEL_BitNumber * 4))
                                                                             ^~~~~~~~~~~~~~~~~~~~~~
../system/src/stm32f1-stdperiph/stm32f10x_gpio.c:635:22: note: in expansion of macro 'MAPR_MII_RMII_SEL_BB'
   *(__IO uint32_t *) MAPR_MII_RMII_SEL_BB = GPIO_ETH_MediaInterface;
                      ^~~~~~~~~~~~~~~~~~~~
make: *** [system/src/stm32f1-stdperiph/subdir.mk:26: system/src/stm32f1-stdperiph/stm32f10x_gpio.o] Error 1
19:49:30 **** Incremental Build of configuration Debug for project 22-IOT ****
make all 
Building file: ../system/src/stm32f1-stdperiph/stm32f10x_gpio.c
Invoking: Cross ARM GNU C Compiler
arm-none-eabi-gcc -mcpu=cortex-m3 -mthumb -Og -fmessage-length=0 -fsigned-char -ffunction-sections -fdata-sections -ffreestanding -fno-move-loop-invariants -Wall -Wextra  -g3 -DDEBUG -DUSE_FULL_ASSERT -DTRACE -DOS_USE_TRACE_SEMIHOSTING_DEBUG -DSTM32F10X_MD -DUSE_STDPERIPH_DRIVER -DHSE_VALUE=8000000 -I"../include" -I"../system/include" -I"../system/include/cmsis" -I"../system/include/stm32f1-stdperiph" -std=gnu11 -MMD -MP -MF"system/src/stm32f1-stdperiph/stm32f10x_gpio.d" -MT"system/src/stm32f1-stdperiph/stm32f10x_gpio.o" -c -o "system/src/stm32f1-stdperiph/stm32f10x_gpio.o" "../system/src/stm32f1-stdperiph/stm32f10x_gpio.c"
Finished building: ../system/src/stm32f1-stdperiph/stm32f10x_gpio.c
 
Building file: ../system/src/stm32f1-stdperiph/stm32f10x_rcc.c
Invoking: Cross ARM GNU C Compiler
arm-none-eabi-gcc -mcpu=cortex-m3 -mthumb -Og -fmessage-length=0 -fsigned-char -ffunction-sections -fdata-sections -ffreestanding -fno-move-loop-invariants -Wall -Wextra  -g3 -DDEBUG -DUSE_FULL_ASSERT -DTRACE -DOS_USE_TRACE_SEMIHOSTING_DEBUG -DSTM32F10X_MD -DUSE_STDPERIPH_DRIVER -DHSE_VALUE=8000000 -I"../include" -I"../system/include" -I"../system/include/cmsis" -I"../system/include/stm32f1-stdperiph" -std=gnu11 -MMD -MP -MF"system/src/stm32f1-stdperiph/stm32f10x_rcc.d" -MT"system/src/stm32f1-stdperiph/stm32f10x_rcc.o" -c -o "system/src/stm32f1-stdperiph/stm32f10x_rcc.o" "../system/src/stm32f1-stdperiph/stm32f10x_rcc.c"
Finished building: ../system/src/stm32f1-stdperiph/stm32f10x_rcc.c
 
Building file: ../system/src/diag/trace_impl.c
Invoking: Cross ARM GNU C Compiler
arm-none-eabi-gcc -mcpu=cortex-m3 -mthumb -Og -fmessage-length=0 -fsigned-char -ffunction-sections -fdata-sections -ffreestanding -fno-move-loop-invariants -Wall -Wextra  -g3 -DDEBUG -DUSE_FULL_ASSERT -DTRACE -DOS_USE_TRACE_SEMIHOSTING_DEBUG -DSTM32F10X_MD -DUSE_STDPERIPH_DRIVER -DHSE_VALUE=8000000 -I"../include" -I"../system/include" -I"../system/include/cmsis" -I"../system/include/stm32f1-stdperiph" -std=gnu11 -MMD -MP -MF"system/src/diag/trace_impl.d" -MT"system/src/diag/trace_impl.o" -c -o "system/src/diag/trace_impl.o" "../system/src/diag/trace_impl.c"
Finished building: ../system/src/diag/trace_impl.c
 
Building file: ../system/src/cortexm/_initialize_hardware.c
Invoking: Cross ARM GNU C Compiler
arm-none-eabi-gcc -mcpu=cortex-m3 -mthumb -Og -fmessage-length=0 -fsigned-char -ffunction-sections -fdata-sections -ffreestanding -fno-move-loop-invariants -Wall -Wextra  -g3 -DDEBUG -DUSE_FULL_ASSERT -DTRACE -DOS_USE_TRACE_SEMIHOSTING_DEBUG -DSTM32F10X_MD -DUSE_STDPERIPH_DRIVER -DHSE_VALUE=8000000 -I"../include" -I"../system/include" -I"../system/include/cmsis" -I"../system/include/stm32f1-stdperiph" -std=gnu11 -MMD -MP -MF"system/src/cortexm/_initialize_hardware.d" -MT"system/src/cortexm/_initialize_hardware.o" -c -o "system/src/cortexm/_initialize_hardware.o" "../system/src/cortexm/_initialize_hardware.c"
Finished building: ../system/src/cortexm/_initialize_hardware.c
 
Building file: ../system/src/cortexm/_reset_hardware.c
Invoking: Cross ARM GNU C Compiler
arm-none-eabi-gcc -mcpu=cortex-m3 -mthumb -Og -fmessage-length=0 -fsigned-char -ffunction-sections -fdata-sections -ffreestanding -fno-move-loop-invariants -Wall -Wextra  -g3 -DDEBUG -DUSE_FULL_ASSERT -DTRACE -DOS_USE_TRACE_SEMIHOSTING_DEBUG -DSTM32F10X_MD -DUSE_STDPERIPH_DRIVER -DHSE_VALUE=8000000 -I"../include" -I"../system/include" -I"../system/include/cmsis" -I"../system/include/stm32f1-stdperiph" -std=gnu11 -MMD -MP -MF"system/src/cortexm/_reset_hardware.d" -MT"system/src/cortexm/_reset_hardware.o" -c -o "system/src/cortexm/_reset_hardware.o" "../system/src/cortexm/_reset_hardware.c"
Finished building: ../system/src/cortexm/_reset_hardware.c
 
Building file: ../system/src/cortexm/exception_handlers.c
Invoking: Cross ARM GNU C Compiler
arm-none-eabi-gcc -mcpu=cortex-m3 -mthumb -Og -fmessage-length=0 -fsigned-char -ffunction-sections -fdata-sections -ffreestanding -fno-move-loop-invariants -Wall -Wextra  -g3 -DDEBUG -DUSE_FULL_ASSERT -DTRACE -DOS_USE_TRACE_SEMIHOSTING_DEBUG -DSTM32F10X_MD -DUSE_STDPERIPH_DRIVER -DHSE_VALUE=8000000 -I"../include" -I"../system/include" -I"../system/include/cmsis" -I"../system/include/stm32f1-stdperiph" -std=gnu11 -MMD -MP -MF"system/src/cortexm/exception_handlers.d" -MT"system/src/cortexm/exception_handlers.o" -c -o "system/src/cortexm/exception_handlers.o" "../system/src/cortexm/exception_handlers.c"
Finished building: ../system/src/cortexm/exception_handlers.c
 
Building file: ../system/src/cmsis/system_stm32f10x.c
Invoking: Cross ARM GNU C Compiler
arm-none-eabi-gcc -mcpu=cortex-m3 -mthumb -Og -fmessage-length=0 -fsigned-char -ffunction-sections -fdata-sections -ffreestanding -fno-move-loop-invariants -Wall -Wextra  -g3 -DDEBUG -DUSE_FULL_ASSERT -DTRACE -DOS_USE_TRACE_SEMIHOSTING_DEBUG -DSTM32F10X_MD -DUSE_STDPERIPH_DRIVER -DHSE_VALUE=8000000 -I"../include" -I"../system/include" -I"../system/include/cmsis" -I"../system/include/stm32f1-stdperiph" -std=gnu11 -MMD -MP -MF"system/src/cmsis/system_stm32f10x.d" -MT"system/src/cmsis/system_stm32f10x.o" -c -o "system/src/cmsis/system_stm32f10x.o" "../system/src/cmsis/system_stm32f10x.c"
Finished building: ../system/src/cmsis/system_stm32f10x.c
 
Building target: 22-IOT.elf
Invoking: Cross ARM GNU C++ Linker
arm-none-eabi-g++ -mcpu=cortex-m3 -mthumb -Og -fmessage-length=0 -fsigned-char -ffunction-sections -fdata-sections -ffreestanding -fno-move-loop-invariants -Wall -Wextra  -g3 -T mem.ld -T libs.ld -T sections.ld -nostartfiles -Xlinker --gc-sections -L"../ldscripts" -Wl,-Map,"22-IOT.map" --specs=nano.specs -o "22-IOT.elf"  ./system/src/stm32f1-stdperiph/misc.o ./system/src/stm32f1-stdperiph/stm32f10x_gpio.o ./system/src/stm32f1-stdperiph/stm32f10x_rcc.o  ./system/src/newlib/_cxx.o ./system/src/newlib/_exit.o ./system/src/newlib/_sbrk.o ./system/src/newlib/_startup.o ./system/src/newlib/_syscalls.o ./system/src/newlib/assert.o  ./system/src/diag/Trace.o ./system/src/diag/trace_impl.o  ./system/src/cortexm/_initialize_hardware.o ./system/src/cortexm/_reset_hardware.o ./system/src/cortexm/exception_handlers.o  ./system/src/cmsis/system_stm32f10x.o ./system/src/cmsis/vectors_stm32f10x.o  ./src/Esp_program.o ./src/GPIO_program.o ./src/RCC_program.o ./src/STk_program.o ./src/USART_program.o ./src/main.o   
Finished building target: 22-IOT.elf
 
Invoking: Cross ARM GNU Create Flash Image
arm-none-eabi-objcopy -O ihex "22-IOT.elf"  "22-IOT.hex"
Finished building: 22-IOT.hex
 
Invoking: Cross ARM GNU Print Size
arm-none-eabi-size --format=berkeley "22-IOT.elf"
   text	   data	    bss	    dec	    hex	filename
   5995	    180	    420	   6595	   19c3	22-IOT.elf
Finished building: 22-IOT.siz
 
19:50:18 **** Incremental Build of configuration Debug for project 22-IOT ****
make all 
Invoking: Cross ARM GNU Print Size
arm-none-eabi-size --format=berkeley "22-IOT.elf"
   text	   data	    bss	    dec	    hex	filename
   5995	    180	    420	   6595	   19c3	22-IOT.elf
Finished building: 22-IOT.siz
 
19:50:31 **** Incremental Build of configuration Debug for project 22-IOT ****
make all 
Building file: ../src/Esp_program.c
Invoking: Cross ARM GNU C Compiler
arm-none-eabi-gcc -mcpu=cortex-m3 -mthumb -Og -fmessage-length=0 -fsigned-char -ffunction-sections -fdata-sections -ffreestanding -fno-move-loop-invariants -Wall -Wextra  -g3 -DDEBUG -DUSE_FULL_ASSERT -DTRACE -DOS_USE_TRACE_SEMIHOSTING_DEBUG -DSTM32F10X_MD -DUSE_STDPERIPH_DRIVER -DHSE_VALUE=8000000 -I"../include" -I"../system/include" -I"../system/include/cmsis" -I"../system/include/stm32f1-stdperiph" -std=gnu11 -MMD -MP -MF"src/Esp_program.d" -MT"src/Esp_program.o" -c -o "src/Esp_program.o" "../src/Esp_program.c"
../src/Esp_program.c: In function 'HEsp_voidInit':
../src/Esp_program.c:242:24: warning: pointer targets in passing argument 1 of 'MUSART1_voidTransmit' differ in signedness [-Wpointer-sign]
   MUSART1_voidTransmit("ATE0\r\n");
                        ^~~~~~~~~~
In file included from ../src/Esp_program.c:229:0:
../include/USART_interface.h:30:6: note: expected 'u8 * {aka unsigned char *}' but argument is of type 'char *'
 void MUSART1_voidTransmit(u8 arr[]);
      ^~~~~~~~~~~~~~~~~~~~
../src/Esp_program.c:254:24: warning: pointer targets in passing argument 1 of 'MUSART1_voidTransmit' differ in signedness [-Wpointer-sign]
   MUSART1_voidTransmit("AT+CWMODE=1\r\n");
                        ^~~~~~~~~~~~~~~~~
In file included from ../src/Esp_program.c:229:0:
../include/USART_interface.h:30:6: note: expected 'u8 * {aka unsigned char *}' but argument is of type 'char *'
 void MUSART1_voidTransmit(u8 arr[]);
      ^~~~~~~~~~~~~~~~~~~~
../src/Esp_program.c: In function 'HEsp_voidConnectOnWifi':
../src/Esp_program.c:265:2: warning: implicit declaration of function 'sprintf' [-Wimplicit-function-declaration]
  sprintf(Local_u8Data,"AT+CWJAP_CUR=%s%s%s,%s%s%s\r\n",Quotes,Copy_u8Name,Quotes,Quotes,Copy_u8Password,Quotes);
  ^~~~~~~
../src/Esp_program.c: In function 'HEsp_voidSendData':
../src/Esp_program.c:321:2: warning: implicit declaration of function 'strcpy' [-Wimplicit-function-declaration]
  strcpy(Local_u8Data,"");
  ^~~~~~
../src/Esp_program.c: In function 'HEsp_u8CheckData':
../src/Esp_program.c:382:19: warning: character constant too long for its type
    Local_u8Data = 'Error';
                   ^~~~~~~
../src/Esp_program.c:382:19: warning: large integer implicitly truncated to unsigned type [-Woverflow]
Finished building: ../src/Esp_program.c
 
Building file: ../src/main.c
Invoking: Cross ARM GNU C Compiler
arm-none-eabi-gcc -mcpu=cortex-m3 -mthumb -Og -fmessage-length=0 -fsigned-char -ffunction-sections -fdata-sections -ffreestanding -fno-move-loop-invariants -Wall -Wextra  -g3 -DDEBUG -DUSE_FULL_ASSERT -DTRACE -DOS_USE_TRACE_SEMIHOSTING_DEBUG -DSTM32F10X_MD -DUSE_STDPERIPH_DRIVER -DHSE_VALUE=8000000 -I"../include" -I"../system/include" -I"../system/include/cmsis" -I"../system/include/stm32f1-stdperiph" -std=gnu11 -MMD -MP -MF"src/main.d" -MT"src/main.o" -c -o "src/main.o" "../src/main.c"
../src/main.c: In function 'main':
../src/main.c:44:25: warning: pointer targets in passing argument 1 of 'HEsp_voidConnectOnWifi' differ in signedness [-Wpointer-sign]
  HEsp_voidConnectOnWifi("WE_9A2B93","k6m21723");
                         ^~~~~~~~~~~
In file included from ../src/main.c:14:0:
../include/Esp_interface.h:13:6: note: expected 'u8 * {aka unsigned char *}' but argument is of type 'char *'
 void HEsp_voidConnectOnWifi(u8 *Copy_u8Name, u8 *Copy_u8Password); //AT+CWJAP_CUR="Name","Pass"
      ^~~~~~~~~~~~~~~~~~~~~~
../src/main.c:44:37: warning: pointer targets in passing argument 2 of 'HEsp_voidConnectOnWifi' differ in signedness [-Wpointer-sign]
  HEsp_voidConnectOnWifi("WE_9A2B93","k6m21723");
                                     ^~~~~~~~~~
In file included from ../src/main.c:14:0:
../include/Esp_interface.h:13:6: note: expected 'u8 * {aka unsigned char *}' but argument is of type 'char *'
 void HEsp_voidConnectOnWifi(u8 *Copy_u8Name, u8 *Copy_u8Password); //AT+CWJAP_CUR="Name","Pass"
      ^~~~~~~~~~~~~~~~~~~~~~
../src/main.c:46:27: warning: passing argument 1 of 'HEsp_voidConnectOnServer' makes integer from pointer without a cast [-Wint-conversion]
  HEsp_voidConnectOnServer("162.253.155.226");
                           ^~~~~~~~~~~~~~~~~
In file included from ../src/main.c:14:0:
../include/Esp_interface.h:14:6: note: expected 'u8 {aka unsigned char}' but argument is of type 'char *'
 void HEsp_voidConnectOnServer(u8 Copy_u8IP); //AT+CIPSTART="TCP","162.253.155.226",80
      ^~~~~~~~~~~~~~~~~~~~~~~~
../src/main.c:48:23: warning: passing argument 2 of 'HEsp_voidSendData' makes integer from pointer without a cast [-Wint-conversion]
  HEsp_voidSendData(45,"ahmedarm.freevar.com");
                       ^~~~~~~~~~~~~~~~~~~~~~
In file included from ../src/main.c:14:0:
../include/Esp_interface.h:20:6: note: expected 'u8 {aka unsigned char}' but argument is of type 'char *'
 void HEsp_voidSendData(u8 Copy_u8DataSize,u8 Copy_u8WebSite);
      ^~~~~~~~~~~~~~~~~
Finished building: ../src/main.c
 
Building target: 22-IOT.elf
Invoking: Cross ARM GNU C++ Linker
arm-none-eabi-g++ -mcpu=cortex-m3 -mthumb -Og -fmessage-length=0 -fsigned-char -ffunction-sections -fdata-sections -ffreestanding -fno-move-loop-invariants -Wall -Wextra  -g3 -T mem.ld -T libs.ld -T sections.ld -nostartfiles -Xlinker --gc-sections -L"../ldscripts" -Wl,-Map,"22-IOT.map" --specs=nano.specs -o "22-IOT.elf"  ./system/src/stm32f1-stdperiph/misc.o ./system/src/stm32f1-stdperiph/stm32f10x_gpio.o ./system/src/stm32f1-stdperiph/stm32f10x_rcc.o  ./system/src/newlib/_cxx.o ./system/src/newlib/_exit.o ./system/src/newlib/_sbrk.o ./system/src/newlib/_startup.o ./system/src/newlib/_syscalls.o ./system/src/newlib/assert.o  ./system/src/diag/Trace.o ./system/src/diag/trace_impl.o  ./system/src/cortexm/_initialize_hardware.o ./system/src/cortexm/_reset_hardware.o ./system/src/cortexm/exception_handlers.o  ./system/src/cmsis/system_stm32f10x.o ./system/src/cmsis/vectors_stm32f10x.o  ./src/Esp_program.o ./src/GPIO_program.o ./src/RCC_program.o ./src/STk_program.o ./src/USART_program.o ./src/main.o   
Finished building target: 22-IOT.elf
 
Invoking: Cross ARM GNU Create Flash Image
arm-none-eabi-objcopy -O ihex "22-IOT.elf"  "22-IOT.hex"
Finished building: 22-IOT.hex
 
Invoking: Cross ARM GNU Print Size
arm-none-eabi-size --format=berkeley "22-IOT.elf"
   text	   data	    bss	    dec	    hex	filename
   5995	    180	    420	   6595	   19c3	22-IOT.elf
Finished building: 22-IOT.siz
 
20:33:22 **** Incremental Build of configuration Debug for project 22-IOT ****
make all 
Building file: ../src/Esp_program.c
Invoking: Cross ARM GNU C Compiler
arm-none-eabi-gcc -mcpu=cortex-m3 -mthumb -Og -fmessage-length=0 -fsigned-char -ffunction-sections -fdata-sections -ffreestanding -fno-move-loop-invariants -Wall -Wextra  -g3 -DDEBUG -DUSE_FULL_ASSERT -DTRACE -DOS_USE_TRACE_SEMIHOSTING_DEBUG -DSTM32F10X_MD -DUSE_STDPERIPH_DRIVER -DHSE_VALUE=8000000 -I"../include" -I"../system/include" -I"../system/include/cmsis" -I"../system/include/stm32f1-stdperiph" -std=gnu11 -MMD -MP -MF"src/Esp_program.d" -MT"src/Esp_program.o" -c -o "src/Esp_program.o" "../src/Esp_program.c"
../src/Esp_program.c: In function 'HEsp_voidInit':
../src/Esp_program.c:242:24: warning: pointer targets in passing argument 1 of 'MUSART1_voidTransmit' differ in signedness [-Wpointer-sign]
   MUSART1_voidTransmit("ATE0\r\n");
                        ^~~~~~~~~~
In file included from ../src/Esp_program.c:229:0:
../include/USART_interface.h:30:6: note: expected 'u8 * {aka unsigned char *}' but argument is of type 'char *'
 void MUSART1_voidTransmit(u8 arr[]);
      ^~~~~~~~~~~~~~~~~~~~
../src/Esp_program.c:254:24: warning: pointer targets in passing argument 1 of 'MUSART1_voidTransmit' differ in signedness [-Wpointer-sign]
   MUSART1_voidTransmit("AT+CWMODE=1\r\n");
                        ^~~~~~~~~~~~~~~~~
In file included from ../src/Esp_program.c:229:0:
../include/USART_interface.h:30:6: note: expected 'u8 * {aka unsigned char *}' but argument is of type 'char *'
 void MUSART1_voidTransmit(u8 arr[]);
      ^~~~~~~~~~~~~~~~~~~~
../src/Esp_program.c: In function 'HEsp_voidConnectOnWifi':
../src/Esp_program.c:265:2: warning: implicit declaration of function 'sprintf' [-Wimplicit-function-declaration]
  sprintf(Local_u8Data,"AT+CWJAP_CUR=%s%s%s,%s%s%s\r\n",Quotes,Copy_u8Name,Quotes,Quotes,Copy_u8Password,Quotes);
  ^~~~~~~
../src/Esp_program.c: In function 'HEsp_voidSendData':
../src/Esp_program.c:321:2: warning: implicit declaration of function 'strcpy' [-Wimplicit-function-declaration]
  strcpy(Local_u8Data,"");
  ^~~~~~
../src/Esp_program.c: In function 'HEsp_u8CheckData':
../src/Esp_program.c:382:19: warning: character constant too long for its type
    Local_u8Data = 'Error';
                   ^~~~~~~
../src/Esp_program.c:382:19: warning: large integer implicitly truncated to unsigned type [-Woverflow]
Finished building: ../src/Esp_program.c
 
Building file: ../src/main.c
Invoking: Cross ARM GNU C Compiler
arm-none-eabi-gcc -mcpu=cortex-m3 -mthumb -Og -fmessage-length=0 -fsigned-char -ffunction-sections -fdata-sections -ffreestanding -fno-move-loop-invariants -Wall -Wextra  -g3 -DDEBUG -DUSE_FULL_ASSERT -DTRACE -DOS_USE_TRACE_SEMIHOSTING_DEBUG -DSTM32F10X_MD -DUSE_STDPERIPH_DRIVER -DHSE_VALUE=8000000 -I"../include" -I"../system/include" -I"../system/include/cmsis" -I"../system/include/stm32f1-stdperiph" -std=gnu11 -MMD -MP -MF"src/main.d" -MT"src/main.o" -c -o "src/main.o" "../src/main.c"
../src/main.c: In function 'main':
../src/main.c:44:25: warning: pointer targets in passing argument 1 of 'HEsp_voidConnectOnWifi' differ in signedness [-Wpointer-sign]
  HEsp_voidConnectOnWifi("WE_9A2B93","k6m21723");
                         ^~~~~~~~~~~
In file included from ../src/main.c:14:0:
../include/Esp_interface.h:13:6: note: expected 'u8 * {aka unsigned char *}' but argument is of type 'char *'
 void HEsp_voidConnectOnWifi(u8 *Copy_u8Name, u8 *Copy_u8Password); //AT+CWJAP_CUR="Name","Pass"
      ^~~~~~~~~~~~~~~~~~~~~~
../src/main.c:44:37: warning: pointer targets in passing argument 2 of 'HEsp_voidConnectOnWifi' differ in signedness [-Wpointer-sign]
  HEsp_voidConnectOnWifi("WE_9A2B93","k6m21723");
                                     ^~~~~~~~~~
In file included from ../src/main.c:14:0:
../include/Esp_interface.h:13:6: note: expected 'u8 * {aka unsigned char *}' but argument is of type 'char *'
 void HEsp_voidConnectOnWifi(u8 *Copy_u8Name, u8 *Copy_u8Password); //AT+CWJAP_CUR="Name","Pass"
      ^~~~~~~~~~~~~~~~~~~~~~
../src/main.c:46:27: warning: passing argument 1 of 'HEsp_voidConnectOnServer' makes integer from pointer without a cast [-Wint-conversion]
  HEsp_voidConnectOnServer("162.253.155.226");
                           ^~~~~~~~~~~~~~~~~
In file included from ../src/main.c:14:0:
../include/Esp_interface.h:14:6: note: expected 'u8 {aka unsigned char}' but argument is of type 'char *'
 void HEsp_voidConnectOnServer(u8 Copy_u8IP); //AT+CIPSTART="TCP","162.253.155.226",80
      ^~~~~~~~~~~~~~~~~~~~~~~~
../src/main.c:48:23: warning: passing argument 2 of 'HEsp_voidSendData' makes integer from pointer without a cast [-Wint-conversion]
  HEsp_voidSendData(45,"ahmedarm.freevar.com");
                       ^~~~~~~~~~~~~~~~~~~~~~
In file included from ../src/main.c:14:0:
../include/Esp_interface.h:20:6: note: expected 'u8 {aka unsigned char}' but argument is of type 'char *'
 void HEsp_voidSendData(u8 Copy_u8DataSize,u8 Copy_u8WebSite);
      ^~~~~~~~~~~~~~~~~
Finished building: ../src/main.c
 
Building target: 22-IOT.elf
Invoking: Cross ARM GNU C++ Linker
arm-none-eabi-g++ -mcpu=cortex-m3 -mthumb -Og -fmessage-length=0 -fsigned-char -ffunction-sections -fdata-sections -ffreestanding -fno-move-loop-invariants -Wall -Wextra  -g3 -T mem.ld -T libs.ld -T sections.ld -nostartfiles -Xlinker --gc-sections -L"../ldscripts" -Wl,-Map,"22-IOT.map" --specs=nano.specs -o "22-IOT.elf"  ./system/src/stm32f1-stdperiph/misc.o ./system/src/stm32f1-stdperiph/stm32f10x_gpio.o ./system/src/stm32f1-stdperiph/stm32f10x_rcc.o  ./system/src/newlib/_cxx.o ./system/src/newlib/_exit.o ./system/src/newlib/_sbrk.o ./system/src/newlib/_startup.o ./system/src/newlib/_syscalls.o ./system/src/newlib/assert.o  ./system/src/diag/Trace.o ./system/src/diag/trace_impl.o  ./system/src/cortexm/_initialize_hardware.o ./system/src/cortexm/_reset_hardware.o ./system/src/cortexm/exception_handlers.o  ./system/src/cmsis/system_stm32f10x.o ./system/src/cmsis/vectors_stm32f10x.o  ./src/Esp_program.o ./src/GPIO_program.o ./src/RCC_program.o ./src/STk_program.o ./src/USART_program.o ./src/main.o   
Finished building target: 22-IOT.elf
 
Invoking: Cross ARM GNU Create Flash Image
arm-none-eabi-objcopy -O ihex "22-IOT.elf"  "22-IOT.hex"
Finished building: 22-IOT.hex
 
Invoking: Cross ARM GNU Print Size
arm-none-eabi-size --format=berkeley "22-IOT.elf"
   text	   data	    bss	    dec	    hex	filename
   5995	    180	    420	   6595	   19c3	22-IOT.elf
Finished building: 22-IOT.siz
 
22:40:10 **** Incremental Build of configuration Debug for project 22-IOT ****
make all 
Invoking: Cross ARM GNU Print Size
arm-none-eabi-size --format=berkeley "22-IOT.elf"
   text	   data	    bss	    dec	    hex	filename
   5995	    180	    420	   6595	   19c3	22-IOT.elf
Finished building: 22-IOT.siz
 
23:57:00 **** Incremental Build of configuration Debug for project 22-IOT ****
make all 
Building file: ../src/Esp_program.c
Invoking: Cross ARM GNU C Compiler
arm-none-eabi-gcc -mcpu=cortex-m3 -mthumb -Og -fmessage-length=0 -fsigned-char -ffunction-sections -fdata-sections -ffreestanding -fno-move-loop-invariants -Wall -Wextra  -g3 -DDEBUG -DUSE_FULL_ASSERT -DTRACE -DOS_USE_TRACE_SEMIHOSTING_DEBUG -DSTM32F10X_MD -DUSE_STDPERIPH_DRIVER -DHSE_VALUE=8000000 -I"../include" -I"../system/include" -I"../system/include/cmsis" -I"../system/include/stm32f1-stdperiph" -std=gnu11 -MMD -MP -MF"src/Esp_program.d" -MT"src/Esp_program.o" -c -o "src/Esp_program.o" "../src/Esp_program.c"
../src/Esp_program.c: In function 'HEsp_voidInit':
../src/Esp_program.c:242:24: warning: pointer targets in passing argument 1 of 'MUSART1_voidTransmit' differ in signedness [-Wpointer-sign]
   MUSART1_voidTransmit("ATE0\r\n");
                        ^~~~~~~~~~
In file included from ../src/Esp_program.c:229:0:
../include/USART_interface.h:30:6: note: expected 'u8 * {aka unsigned char *}' but argument is of type 'char *'
 void MUSART1_voidTransmit(u8 arr[]);
      ^~~~~~~~~~~~~~~~~~~~
../src/Esp_program.c:254:24: warning: pointer targets in passing argument 1 of 'MUSART1_voidTransmit' differ in signedness [-Wpointer-sign]
   MUSART1_voidTransmit("AT+CWMODE=1\r\n");
                        ^~~~~~~~~~~~~~~~~
In file included from ../src/Esp_program.c:229:0:
../include/USART_interface.h:30:6: note: expected 'u8 * {aka unsigned char *}' but argument is of type 'char *'
 void MUSART1_voidTransmit(u8 arr[]);
      ^~~~~~~~~~~~~~~~~~~~
../src/Esp_program.c: In function 'HEsp_voidConnectOnWifi':
../src/Esp_program.c:265:2: warning: implicit declaration of function 'sprintf' [-Wimplicit-function-declaration]
  sprintf(Local_u8Data,"AT+CWJAP_CUR=%s%s%s,%s%s%s\r\n",Quotes,Copy_u8Name,Quotes,Quotes,Copy_u8Password,Quotes);
  ^~~~~~~
../src/Esp_program.c: In function 'HEsp_voidSendData':
../src/Esp_program.c:321:2: warning: implicit declaration of function 'strcpy' [-Wimplicit-function-declaration]
  strcpy(Local_u8Data,"");
  ^~~~~~
../src/Esp_program.c: In function 'HEsp_u8CheckData':
../src/Esp_program.c:369:19: warning: character constant too long for its type
    Local_u8Data = 'Error';
                   ^~~~~~~
../src/Esp_program.c:369:19: warning: large integer implicitly truncated to unsigned type [-Woverflow]
Finished building: ../src/Esp_program.c
 
Building target: 22-IOT.elf
Invoking: Cross ARM GNU C++ Linker
[...]
Finished building target: 23-IOT(mosaad).elf
 
Invoking: Cross ARM GNU Create Flash Image
arm-none-eabi-objcopy -O ihex "23-IOT(mosaad).elf"  "23-IOT(mosaad).hex"
Finished building: 23-IOT(mosaad).hex
 
Invoking: Cross ARM GNU Print Size
arm-none-eabi-size --format=berkeley "23-IOT(mosaad).elf"
   text	   data	    bss	    dec	    hex	filename
   6287	    224	    420	   6931	   1b13	23-IOT(mosaad).elf
Finished building: 23-IOT(mosaad).siz
 
12:52:24 **** Incremental Build of configuration Debug for project 22-IOT ****
make all 
Invoking: Cross ARM GNU Print Size
arm-none-eabi-size --format=berkeley "22-IOT.elf"
   text	   data	    bss	    dec	    hex	filename
   6031	    180	    420	   6631	   19e7	22-IOT.elf
Finished building: 22-IOT.siz
 
12:52:25 **** Incremental Build of configuration Debug for project 23-IOT(mosaad) ****
make all 
Building file: ../src/ESP_program.c
Invoking: Cross ARM GNU C Compiler
arm-none-eabi-gcc -mcpu=cortex-m3 -mthumb -Og -fmessage-length=0 -fsigned-char -ffunction-sections -fdata-sections -ffreestanding -fno-move-loop-invariants -Wall -Wextra  -g3 -DDEBUG -DUSE_FULL_ASSERT -DTRACE -DOS_USE_TRACE_SEMIHOSTING_DEBUG -DSTM32F10X_MD -DUSE_STDPERIPH_DRIVER -DHSE_VALUE=8000000 -I"../include" -I"../system/include" -I"../system/include/cmsis" -I"../system/include/stm32f1-stdperiph" -std=gnu11 -MMD -MP -MF"src/ESP_program.d" -MT"src/ESP_program.o" -c -o "src/ESP_program.o" "../src/ESP_program.c"
../src/ESP_program.c: In function 'ESP_voidInit':
../src/ESP_program.c:34:40: warning: pointer targets in passing argument 2 of 'UART_voidSendDataSynch' differ in signedness [-Wpointer-sign]
  UART_voidSendDataSynch (ESP_UART_CH , "ATE0\r\n" );
                                        ^~~~~~~~~~
In file included from ../src/ESP_program.c:13:0:
../include/UART_interface.h:40:6: note: expected 'u8 * {aka unsigned char *}' but argument is of type 'char *'
 void UART_voidSendDataSynch(UART_Ch_t copy_ch , u8 *copy_u8data);
      ^~~~~~~~~~~~~~~~~~~~~~
../src/ESP_program.c:40:41: warning: pointer targets in passing argument 2 of 'UART_voidSendDataSynch' differ in signedness [-Wpointer-sign]
   UART_voidSendDataSynch (ESP_UART_CH , "AT+CWMODE=1\r\n" );
                                         ^~~~~~~~~~~~~~~~~
In file included from ../src/ESP_program.c:13:0:
../include/UART_interface.h:40:6: note: expected 'u8 * {aka unsigned char *}' but argument is of type 'char *'
 void UART_voidSendDataSynch(UART_Ch_t copy_ch , u8 *copy_u8data);
      ^~~~~~~~~~~~~~~~~~~~~~
../src/ESP_program.c: In function 'ESP_voidConnectToWifi':
../src/ESP_program.c:49:2: warning: implicit declaration of function 'sprintf' [-Wimplicit-function-declaration]
  sprintf (local_buffer , "AT+CWJAP_CUR=\"%s\",\"%s\"\r\n" ,copy_u8SSD , copy_u8Pass );
  ^~~~~~~
../src/ESP_program.c: In function 'ESP_voidRecData':
../src/ESP_program.c:80:26: warning: pointer targets in passing argument 1 of 'strlen' differ in signedness [-Wpointer-sign]
  local_u8Lenght = strlen(copy_u8URL);
                          ^~~~~~~~~~
In file included from d:\courses\imt\arm\imt_arm_course\02- tools\03- imt sdk\imt_sdk_win_64\winarm\armgcc\arm-none-eabi\include\string.h:10:0,
                 from ../src/ESP_program.c:10:
d:\courses\imt\arm\imt_arm_course\02- tools\03- imt sdk\imt_sdk_win_64\winarm\armgcc\arm-none-eabi\include\string.h:41:9: note: expected 'const char *' but argument is of type 'const u8 * {aka const unsigned char *}'
 size_t  _EXFUN(strlen,(const char *));
         ^
Finished building: ../src/ESP_program.c
 
Building file: ../src/UART_program.c
Invoking: Cross ARM GNU C Compiler
arm-none-eabi-gcc -mcpu=cortex-m3 -mthumb -Og -fmessage-length=0 -fsigned-char -ffunction-sections -fdata-sections -ffreestanding -fno-move-loop-invariants -Wall -Wextra  -g3 -DDEBUG -DUSE_FULL_ASSERT -DTRACE -DOS_USE_TRACE_SEMIHOSTING_DEBUG -DSTM32F10X_MD -DUSE_STDPERIPH_DRIVER -DHSE_VALUE=8000000 -I"../include" -I"../system/include" -I"../system/include/cmsis" -I"../system/include/stm32f1-stdperiph" -std=gnu11 -MMD -MP -MF"src/UART_program.d" -MT"src/UART_program.o" -c -o "src/UART_program.o" "../src/UART_program.c"
Finished building: ../src/UART_program.c
 
Building file: ../src/main.c
Invoking: Cross ARM GNU C Compiler
arm-none-eabi-gcc -mcpu=cortex-m3 -mthumb -Og -fmessage-length=0 -fsigned-char -ffunction-sections -fdata-sections -ffreestanding -fno-move-loop-invariants -Wall -Wextra  -g3 -DDEBUG -DUSE_FULL_ASSERT -DTRACE -DOS_USE_TRACE_SEMIHOSTING_DEBUG -DSTM32F10X_MD -DUSE_STDPERIPH_DRIVER -DHSE_VALUE=8000000 -I"../include" -I"../system/include" -I"../system/include/cmsis" -I"../system/include/stm32f1-stdperiph" -std=gnu11 -MMD -MP -MF"src/main.d" -MT"src/main.o" -c -o "src/main.o" "../src/main.c"
../src/main.c: In function 'main':
../src/main.c:48:24: warning: pointer targets in passing argument 1 of 'ESP_voidConnectToWifi' differ in signedness [-Wpointer-sign]
  ESP_voidConnectToWifi("WE_9A2B93","k6m21723"); //stuck on this XD
                        ^~~~~~~~~~~
In file included from ../src/main.c:15:0:
../include/Esp_interface.h:24:6: note: expected 'const u8 * {aka const unsigned char *}' but argument is of type 'char *'
 void ESP_voidConnectToWifi(const u8 *copy_u8SSD , const u8 *copy_u8Pass);
      ^~~~~~~~~~~~~~~~~~~~~
../src/main.c:48:36: warning: pointer targets in passing argument 2 of 'ESP_voidConnectToWifi' differ in signedness [-Wpointer-sign]
  ESP_voidConnectToWifi("WE_9A2B93","k6m21723"); //stuck on this XD
                                    ^~~~~~~~~~
In file included from ../src/main.c:15:0:
../include/Esp_interface.h:24:6: note: expected 'const u8 * {aka const unsigned char *}' but argument is of type 'char *'
 void ESP_voidConnectToWifi(const u8 *copy_u8SSD , const u8 *copy_u8Pass);
      ^~~~~~~~~~~~~~~~~~~~~
../src/main.c:50:26: warning: pointer targets in passing argument 1 of 'ESP_voidConnectToServer' differ in signedness [-Wpointer-sign]
  ESP_voidConnectToServer("162.253.155.226",80);
                          ^~~~~~~~~~~~~~~~~
In file included from ../src/main.c:15:0:
../include/Esp_interface.h:30:6: note: expected 'const u8 * {aka const unsigned char *}' but argument is of type 'char *'
 void ESP_voidConnectToServer(const u8 *copy_u8IP ,const u8 copy_u8Port );
      ^~~~~~~~~~~~~~~~~~~~~~~
../src/main.c:52:28: warning: pointer targets in passing argument 1 of 'ESP_voidRecData' differ in signedness [-Wpointer-sign]
  u8 Data = ESP_voidRecData("http://ahmedarm.freevar.com/status.txt");
                            ^~~~~~~~~~~~~~~~~~~~~~~~~~~~~~~~~~~~~~~~
In file included from ../src/main.c:15:0:
../include/Esp_interface.h:37:4: note: expected 'const u8 * {aka const unsigned char *}' but argument is of type 'char *'
 u8 ESP_voidRecData (const u8 *copy_u8URL );
    ^~~~~~~~~~~~~~~
Finished building: ../src/main.c
 
Building target: 23-IOT(mosaad).elf
Invoking: Cross ARM GNU C++ Linker
arm-none-eabi-g++ -mcpu=cortex-m3 -mthumb -Og -fmessage-length=0 -fsigned-char -ffunction-sections -fdata-sections -ffreestanding -fno-move-loop-invariants -Wall -Wextra  -g3 -T mem.ld -T libs.ld -T sections.ld -nostartfiles -Xlinker --gc-sections -L"../ldscripts" -Wl,-Map,"23-IOT(mosaad).map" --specs=nano.specs -o "23-IOT(mosaad).elf"  ./system/src/stm32f1-stdperiph/misc.o ./system/src/stm32f1-stdperiph/stm32f10x_gpio.o ./system/src/stm32f1-stdperiph/stm32f10x_rcc.o  ./system/src/newlib/_cxx.o ./system/src/newlib/_exit.o ./system/src/newlib/_sbrk.o ./system/src/newlib/_startup.o ./system/src/newlib/_syscalls.o ./system/src/newlib/assert.o  ./system/src/diag/Trace.o ./system/src/diag/trace_impl.o  ./system/src/cortexm/_initialize_hardware.o ./system/src/cortexm/_reset_hardware.o ./system/src/cortexm/exception_handlers.o  ./system/src/cmsis/system_stm32f10x.o ./system/src/cmsis/vectors_stm32f10x.o  ./src/DELAY.o ./src/ESP_program.o ./src/GPIO_program.o ./src/RCC_program.o ./src/STK_program.o ./src/UART_config.o ./src/UART_program.o ./src/main.o   
Finished building target: 23-IOT(mosaad).elf
 
Invoking: Cross ARM GNU Create Flash Image
arm-none-eabi-objcopy -O ihex "23-IOT(mosaad).elf"  "23-IOT(mosaad).hex"
Finished building: 23-IOT(mosaad).hex
 
Invoking: Cross ARM GNU Print Size
arm-none-eabi-size --format=berkeley "23-IOT(mosaad).elf"
   text	   data	    bss	    dec	    hex	filename
   6287	    224	    420	   6931	   1b13	23-IOT(mosaad).elf
Finished building: 23-IOT(mosaad).siz
 
12:52:46 **** Incremental Build of configuration Debug for project 22-IOT ****
make all 
Invoking: Cross ARM GNU Print Size
arm-none-eabi-size --format=berkeley "22-IOT.elf"
   text	   data	    bss	    dec	    hex	filename
   6031	    180	    420	   6631	   19e7	22-IOT.elf
Finished building: 22-IOT.siz
 
12:52:47 **** Incremental Build of configuration Debug for project 23-IOT(mosaad) ****
make all 
Building file: ../src/ESP_program.c
Invoking: Cross ARM GNU C Compiler
arm-none-eabi-gcc -mcpu=cortex-m3 -mthumb -Og -fmessage-length=0 -fsigned-char -ffunction-sections -fdata-sections -ffreestanding -fno-move-loop-invariants -Wall -Wextra  -g3 -DDEBUG -DUSE_FULL_ASSERT -DTRACE -DOS_USE_TRACE_SEMIHOSTING_DEBUG -DSTM32F10X_MD -DUSE_STDPERIPH_DRIVER -DHSE_VALUE=8000000 -I"../include" -I"../system/include" -I"../system/include/cmsis" -I"../system/include/stm32f1-stdperiph" -std=gnu11 -MMD -MP -MF"src/ESP_program.d" -MT"src/ESP_program.o" -c -o "src/ESP_program.o" "../src/ESP_program.c"
../src/ESP_program.c: In function 'ESP_voidInit':
../src/ESP_program.c:34:40: warning: pointer targets in passing argument 2 of 'UART_voidSendDataSynch' differ in signedness [-Wpointer-sign]
  UART_voidSendDataSynch (ESP_UART_CH , "ATE0\r\n" );
                                        ^~~~~~~~~~
In file included from ../src/ESP_program.c:13:0:
../include/UART_interface.h:40:6: note: expected 'u8 * {aka unsigned char *}' but argument is of type 'char *'
 void UART_voidSendDataSynch(UART_Ch_t copy_ch , u8 *copy_u8data);
      ^~~~~~~~~~~~~~~~~~~~~~
../src/ESP_program.c:40:41: warning: pointer targets in passing argument 2 of 'UART_voidSendDataSynch' differ in signedness [-Wpointer-sign]
   UART_voidSendDataSynch (ESP_UART_CH , "AT+CWMODE=1\r\n" );
                                         ^~~~~~~~~~~~~~~~~
In file included from ../src/ESP_program.c:13:0:
../include/UART_interface.h:40:6: note: expected 'u8 * {aka unsigned char *}' but argument is of type 'char *'
 void UART_voidSendDataSynch(UART_Ch_t copy_ch , u8 *copy_u8data);
      ^~~~~~~~~~~~~~~~~~~~~~
../src/ESP_program.c: In function 'ESP_voidConnectToWifi':
../src/ESP_program.c:49:2: warning: implicit declaration of function 'sprintf' [-Wimplicit-function-declaration]
  sprintf (local_buffer , "AT+CWJAP_CUR=\"%s\",\"%s\"\r\n" ,copy_u8SSD , copy_u8Pass );
  ^~~~~~~
../src/ESP_program.c: In function 'ESP_voidRecData':
../src/ESP_program.c:80:26: warning: pointer targets in passing argument 1 of 'strlen' differ in signedness [-Wpointer-sign]
  local_u8Lenght = strlen(copy_u8URL);
                          ^~~~~~~~~~
In file included from d:\courses\imt\arm\imt_arm_course\02- tools\03- imt sdk\imt_sdk_win_64\winarm\armgcc\arm-none-eabi\include\string.h:10:0,
                 from ../src/ESP_program.c:10:
d:\courses\imt\arm\imt_arm_course\02- tools\03- imt sdk\imt_sdk_win_64\winarm\armgcc\arm-none-eabi\include\string.h:41:9: note: expected 'const char *' but argument is of type 'const u8 * {aka const unsigned char *}'
 size_t  _EXFUN(strlen,(const char *));
         ^
Finished building: ../src/ESP_program.c
 
Building target: 23-IOT(mosaad).elf
Invoking: Cross ARM GNU C++ Linker
arm-none-eabi-g++ -mcpu=cortex-m3 -mthumb -Og -fmessage-length=0 -fsigned-char -ffunction-sections -fdata-sections -ffreestanding -fno-move-loop-invariants -Wall -Wextra  -g3 -T mem.ld -T libs.ld -T sections.ld -nostartfiles -Xlinker --gc-sections -L"../ldscripts" -Wl,-Map,"23-IOT(mosaad).map" --specs=nano.specs -o "23-IOT(mosaad).elf"  ./system/src/stm32f1-stdperiph/misc.o ./system/src/stm32f1-stdperiph/stm32f10x_gpio.o ./system/src/stm32f1-stdperiph/stm32f10x_rcc.o  ./system/src/newlib/_cxx.o ./system/src/newlib/_exit.o ./system/src/newlib/_sbrk.o ./system/src/newlib/_startup.o ./system/src/newlib/_syscalls.o ./system/src/newlib/assert.o  ./system/src/diag/Trace.o ./system/src/diag/trace_impl.o  ./system/src/cortexm/_initialize_hardware.o ./system/src/cortexm/_reset_hardware.o ./system/src/cortexm/exception_handlers.o  ./system/src/cmsis/system_stm32f10x.o ./system/src/cmsis/vectors_stm32f10x.o  ./src/DELAY.o ./src/ESP_program.o ./src/GPIO_program.o ./src/RCC_program.o ./src/STK_program.o ./src/UART_config.o ./src/UART_program.o ./src/main.o   
Finished building target: 23-IOT(mosaad).elf
 
Invoking: Cross ARM GNU Create Flash Image
arm-none-eabi-objcopy -O ihex "23-IOT(mosaad).elf"  "23-IOT(mosaad).hex"
Finished building: 23-IOT(mosaad).hex
 
Invoking: Cross ARM GNU Print Size
arm-none-eabi-size --format=berkeley "23-IOT(mosaad).elf"
   text	   data	    bss	    dec	    hex	filename
   6287	    224	    420	   6931	   1b13	23-IOT(mosaad).elf
Finished building: 23-IOT(mosaad).siz
 
12:52:56 **** Incremental Build of configuration Debug for project 22-IOT ****
make all 
Invoking: Cross ARM GNU Print Size
arm-none-eabi-size --format=berkeley "22-IOT.elf"
   text	   data	    bss	    dec	    hex	filename
   6031	    180	    420	   6631	   19e7	22-IOT.elf
Finished building: 22-IOT.siz
 
12:52:57 **** Incremental Build of configuration Debug for project 23-IOT(mosaad) ****
make all 
Building file: ../src/ESP_program.c
Invoking: Cross ARM GNU C Compiler
arm-none-eabi-gcc -mcpu=cortex-m3 -mthumb -Og -fmessage-length=0 -fsigned-char -ffunction-sections -fdata-sections -ffreestanding -fno-move-loop-invariants -Wall -Wextra  -g3 -DDEBUG -DUSE_FULL_ASSERT -DTRACE -DOS_USE_TRACE_SEMIHOSTING_DEBUG -DSTM32F10X_MD -DUSE_STDPERIPH_DRIVER -DHSE_VALUE=8000000 -I"../include" -I"../system/include" -I"../system/include/cmsis" -I"../system/include/stm32f1-stdperiph" -std=gnu11 -MMD -MP -MF"src/ESP_program.d" -MT"src/ESP_program.o" -c -o "src/ESP_program.o" "../src/ESP_program.c"
../src/ESP_program.c: In function 'ESP_voidInit':
../src/ESP_program.c:34:40: warning: pointer targets in passing argument 2 of 'UART_voidSendDataSynch' differ in signedness [-Wpointer-sign]
  UART_voidSendDataSynch (ESP_UART_CH , "ATE0\r\n" );
                                        ^~~~~~~~~~
In file included from ../src/ESP_program.c:13:0:
../include/UART_interface.h:40:6: note: expected 'u8 * {aka unsigned char *}' but argument is of type 'char *'
 void UART_voidSendDataSynch(UART_Ch_t copy_ch , u8 *copy_u8data);
      ^~~~~~~~~~~~~~~~~~~~~~
../src/ESP_program.c:40:41: warning: pointer targets in passing argument 2 of 'UART_voidSendDataSynch' differ in signedness [-Wpointer-sign]
   UART_voidSendDataSynch (ESP_UART_CH , "AT+CWMODE=1\r\n" );
                                         ^~~~~~~~~~~~~~~~~
In file included from ../src/ESP_program.c:13:0:
../include/UART_interface.h:40:6: note: expected 'u8 * {aka unsigned char *}' but argument is of type 'char *'
 void UART_voidSendDataSynch(UART_Ch_t copy_ch , u8 *copy_u8data);
      ^~~~~~~~~~~~~~~~~~~~~~
../src/ESP_program.c: In function 'ESP_voidConnectToWifi':
../src/ESP_program.c:49:2: warning: implicit declaration of function 'sprintf' [-Wimplicit-function-declaration]
  sprintf (local_buffer , "AT+CWJAP_CUR=\"%s\",\"%s\"\r\n" ,copy_u8SSD , copy_u8Pass );
  ^~~~~~~
../src/ESP_program.c: In function 'ESP_voidRecData':
../src/ESP_program.c:80:26: warning: pointer targets in passing argument 1 of 'strlen' differ in signedness [-Wpointer-sign]
  local_u8Lenght = strlen(copy_u8URL);
                          ^~~~~~~~~~
In file included from d:\courses\imt\arm\imt_arm_course\02- tools\03- imt sdk\imt_sdk_win_64\winarm\armgcc\arm-none-eabi\include\string.h:10:0,
                 from ../src/ESP_program.c:10:
d:\courses\imt\arm\imt_arm_course\02- tools\03- imt sdk\imt_sdk_win_64\winarm\armgcc\arm-none-eabi\include\string.h:41:9: note: expected 'const char *' but argument is of type 'const u8 * {aka const unsigned char *}'
 size_t  _EXFUN(strlen,(const char *));
         ^
Finished building: ../src/ESP_program.c
 
Building target: 23-IOT(mosaad).elf
Invoking: Cross ARM GNU C++ Linker
arm-none-eabi-g++ -mcpu=cortex-m3 -mthumb -Og -fmessage-length=0 -fsigned-char -ffunction-sections -fdata-sections -ffreestanding -fno-move-loop-invariants -Wall -Wextra  -g3 -T mem.ld -T libs.ld -T sections.ld -nostartfiles -Xlinker --gc-sections -L"../ldscripts" -Wl,-Map,"23-IOT(mosaad).map" --specs=nano.specs -o "23-IOT(mosaad).elf"  ./system/src/stm32f1-stdperiph/misc.o ./system/src/stm32f1-stdperiph/stm32f10x_gpio.o ./system/src/stm32f1-stdperiph/stm32f10x_rcc.o  ./system/src/newlib/_cxx.o ./system/src/newlib/_exit.o ./system/src/newlib/_sbrk.o ./system/src/newlib/_startup.o ./system/src/newlib/_syscalls.o ./system/src/newlib/assert.o  ./system/src/diag/Trace.o ./system/src/diag/trace_impl.o  ./system/src/cortexm/_initialize_hardware.o ./system/src/cortexm/_reset_hardware.o ./system/src/cortexm/exception_handlers.o  ./system/src/cmsis/system_stm32f10x.o ./system/src/cmsis/vectors_stm32f10x.o  ./src/DELAY.o ./src/ESP_program.o ./src/GPIO_program.o ./src/RCC_program.o ./src/STK_program.o ./src/UART_config.o ./src/UART_program.o ./src/main.o   
Finished building target: 23-IOT(mosaad).elf
 
Invoking: Cross ARM GNU Create Flash Image
arm-none-eabi-objcopy -O ihex "23-IOT(mosaad).elf"  "23-IOT(mosaad).hex"
Finished building: 23-IOT(mosaad).hex
 
Invoking: Cross ARM GNU Print Size
arm-none-eabi-size --format=berkeley "23-IOT(mosaad).elf"
   text	   data	    bss	    dec	    hex	filename
   6287	    224	    420	   6931	   1b13	23-IOT(mosaad).elf
Finished building: 23-IOT(mosaad).siz
 
12:53:00 **** Incremental Build of configuration Debug for project 22-IOT ****
make all 
Invoking: Cross ARM GNU Print Size
arm-none-eabi-size --format=berkeley "22-IOT.elf"
   text	   data	    bss	    dec	    hex	filename
   6031	    180	    420	   6631	   19e7	22-IOT.elf
Finished building: 22-IOT.siz
 
12:53:01 **** Incremental Build of configuration Debug for project 23-IOT(mosaad) ****
make all 
Invoking: Cross ARM GNU Print Size
arm-none-eabi-size --format=berkeley "23-IOT(mosaad).elf"
   text	   data	    bss	    dec	    hex	filename
   6287	    224	    420	   6931	   1b13	23-IOT(mosaad).elf
Finished building: 23-IOT(mosaad).siz
 
12:53:08 **** Incremental Build of configuration Debug for project 23-IOT(mosaad) ****
make all 
Invoking: Cross ARM GNU Print Size
arm-none-eabi-size --format=berkeley "23-IOT(mosaad).elf"
   text	   data	    bss	    dec	    hex	filename
   6287	    224	    420	   6931	   1b13	23-IOT(mosaad).elf
Finished building: 23-IOT(mosaad).siz
 
12:54:03 **** Incremental Build of configuration Debug for project 23-IOT(mosaad) ****
make all 
Invoking: Cross ARM GNU Print Size
arm-none-eabi-size --format=berkeley "23-IOT(mosaad).elf"
   text	   data	    bss	    dec	    hex	filename
   6287	    224	    420	   6931	   1b13	23-IOT(mosaad).elf
Finished building: 23-IOT(mosaad).siz
 
12:55:44 **** Incremental Build of configuration Debug for project 23-IOT(mosaad) ****
make all 
Invoking: Cross ARM GNU Print Size
arm-none-eabi-size --format=berkeley "23-IOT(mosaad).elf"
   text	   data	    bss	    dec	    hex	filename
   6287	    224	    420	   6931	   1b13	23-IOT(mosaad).elf
Finished building: 23-IOT(mosaad).siz
 
